I/dalvik-internals( 9741): enlarged linearalloc buffer to 33554432 bytes
D/dalvikvm( 9741): Trying to load lib /data/app-lib/com.facebook.katana-9/libdextr.so 0x429192c8
D/dalvikvm( 9741): Added shared lib /data/app-lib/com.facebook.katana-9/libdextr.so 0x429192c8
W/StaticBindingVerifier( 9741): Verify
D/dalvikvm( 8855): GC_FOR_ALLOC freed 506K, 9% free 37717K/41132K, paused 11ms, total 11ms
D/dalvikvm(  976): GC_EXPLICIT freed 5433K, 44% free 64470K/113696K, paused 4ms+17ms, total 223ms
W/Launcher( 8267): setApplicationContext called twice! old=com.google.android.velvet.VelvetApplication@4291d020 new=com.google.android.velvet.VelvetApplication@4291d020
I/SELinux ( 9779): Function: selinux_android_load_priority , priority [2] , priority version is VE=SEPF_SM-N910F_4.4.4_A031
E/SELinux ( 9779): [DEBUG] get_category: variable seinfocat: untrusted sensitivity: NULL, cateogry: NULL
E/dalvikvm( 9779): >>>>> Normal User
E/dalvikvm( 9779): >>>>> com.google.android.apps.docs [ userId:0 | appId:10101 ]
E/SELinux ( 9779): [DEBUG] get_category: variable seinfocat: untrusted sensitivity: NULL, cateogry: NULL
D/TimaKeyStoreProvider( 9779): in addTimaSignatureService
D/TimaKeyStoreProvider( 9779): Cannot add TimaSignature Service, License check Failed
D/ActivityThread( 9779): Added TimaKesytore provider
D/ConnectivityManager(17383): getActiveNetworkInfo : null
D/ConnectivityManager(17383): getActiveNetworkInfo : null
D/dalvikvm( 1572): GC_EXPLICIT freed 1981K, 38% free 11542K/18412K, paused 3ms+6ms, total 38ms
D/ConnectivityManager(17383): getActiveNetworkInfo : null
D/ConnectivityManager(17383): getActiveNetworkInfo : null
D/ConnectivityManager(17383): getActiveNetworkInfo : null
D/ConnectivityManager(17383): getActiveNetworkInfo : null
D/ConnectivityManager(17383): getActiveNetworkInfo : null
D/ConnectivityManager(17383): getActiveNetworkInfo : null
D/ConnectivityManager(17383): getActiveNetworkInfo : null
D/ConnectivityManager(17383): getActiveNetworkInfo : null
D/dalvikvm(17383): GC_EXPLICIT freed 2659K, 27% free 14018K/18968K, paused 3ms+4ms, total 49ms
I/AppIncrementalLogger(16929): logEvent(): Logged 94 bytes in 107 ms
I/UpdateIcingCorporaServi(16929): Updating corpora: APPS=com.drbeef.quakegearvr, CONTACTS=MAYBE
D/dalvikvm( 9741): Trying to load lib /data/app-lib/com.facebook.katana-9/libfbjni.so 0x429192c8
D/dalvikvm( 9741): Added shared lib /data/app-lib/com.facebook.katana-9/libfbjni.so 0x429192c8
D/dalvikvm( 9741): Trying to load lib /data/app-lib/com.facebook.katana-9/libcares.so 0x429192c8
D/dalvikvm( 9741): Added shared lib /data/app-lib/com.facebook.katana-9/libcares.so 0x429192c8
D/dalvikvm( 9741): No JNI_OnLoad found in /data/app-lib/com.facebook.katana-9/libcares.so 0x429192c8, skipping init
D/dalvikvm( 9741): Trying to load lib /data/app-lib/com.facebook.katana-9/libdouble-conversion.so 0x429192c8
D/dalvikvm( 9741): Added shared lib /data/app-lib/com.facebook.katana-9/libdouble-conversion.so 0x429192c8
D/dalvikvm( 9741): No JNI_OnLoad found in /data/app-lib/com.facebook.katana-9/libdouble-conversion.so 0x429192c8, skipping init
D/dalvikvm( 9741): Trying to load lib /data/app-lib/com.facebook.katana-9/libevent.so 0x429192c8
D/ConnectivityManager(17383): getActiveNetworkInfo : null
D/dalvikvm( 9741): Added shared lib /data/app-lib/com.facebook.katana-9/libevent.so 0x429192c8
D/dalvikvm( 9741): No JNI_OnLoad found in /data/app-lib/com.facebook.katana-9/libevent.so 0x429192c8, skipping init
D/dalvikvm( 9741): Trying to load lib /data/app-lib/com.facebook.katana-9/libglog.so 0x429192c8
D/dalvikvm( 9741): Added shared lib /data/app-lib/com.facebook.katana-9/libglog.so 0x429192c8
D/dalvikvm( 9741): No JNI_OnLoad found in /data/app-lib/com.facebook.katana-9/libglog.so 0x429192c8, skipping init
D/dalvikvm( 9741): Trying to load lib /data/app-lib/com.facebook.katana-9/libliger.so 0x429192c8
D/ConnectivityManager(17383): getActiveNetworkInfo : null
D/ConnectivityManager(17383): getActiveNetworkInfo : null
D/ConnectivityManager(17383): getActiveNetworkInfo : null
D/ConnectivityManager(17383): getActiveNetworkInfo : null
D/ConnectivityManager(17383): getActiveNetworkInfo : null
D/ConnectivityManager(17383): getActiveNetworkInfo : null
D/ConnectivityManager(17383): getActiveNetworkInfo : null
D/ConnectivityManager(17383): getActiveNetworkInfo : null
D/ConnectivityManager(17383): getActiveNetworkInfo : null
D/ConnectivityManager(17383): getActiveNetworkInfo : null
D/ConnectivityManager(17383): getActiveNetworkInfo : null
D/ConnectivityManager(17383): getActiveNetworkInfo : null
D/ConnectivityManager(17383): getActiveNetworkInfo : null
D/ConnectivityManager(17383): getActiveNetworkInfo : null
D/dalvikvm( 9741): Added shared lib /data/app-lib/com.facebook.katana-9/libliger.so 0x429192c8
D/ConnectivityManager(17383): getActiveNetworkInfo : null
D/ConnectivityManager(17383): getActiveNetworkInfo : null
D/ConnectivityManager(17383): getActiveNetworkInfo : null
D/ConnectivityManager(17383): getActiveNetworkInfo : null
D/ConnectivityManager(17383): getActiveNetworkInfo : null
D/ConnectivityManager(17383): getActiveNetworkInfo : null
D/ConnectivityManager(17383): getActiveNetworkInfo : null
D/ConnectivityManager(17383): getActiveNetworkInfo : null
E/dalvikvm( 9741): Could not find class 'org.apache.harmony.xnet.provider.jsse.OpenSSLSocketFactoryImpl', referenced from method com.facebook.ssl.openssl.reflect.SSLParametersGetter.<clinit>
W/dalvikvm( 9741): VFY: unable to resolve const-class 14936 (Lorg/apache/harmony/xnet/provider/jsse/OpenSSLSocketFactoryImpl;) in Lcom/facebook/ssl/openssl/reflect/SSLParametersGetter;
D/dalvikvm( 9741): VFY: replacing opcode 0x1c at 0x000d
E/dalvikvm( 9741): Could not find class 'org.apache.harmony.xnet.provider.jsse.SSLParametersImpl', referenced from method com.facebook.ssl.openssl.reflect.SSLParametersGetter.a
W/dalvikvm( 9741): VFY: unable to resolve check-cast 14938 (Lorg/apache/harmony/xnet/provider/jsse/SSLParametersImpl;) in Lcom/facebook/ssl/openssl/reflect/SSLParametersGetter;
D/dalvikvm( 9741): VFY: replacing opcode 0x1f at 0x0006
I/dalvikvm( 9779): Could not find method android.app.Activity.finishAfterTransition, referenced from method android.support.v4.app.FragmentActivity.onBackPressed
W/dalvikvm( 9779): VFY: unable to resolve virtual method 2002: Landroid/app/Activity;.finishAfterTransition ()V
D/dalvikvm( 9779): VFY: replacing opcode 0x6e at 0x0016
E/dalvikvm( 9741): Could not find class 'org.apache.harmony.xnet.provider.jsse.SSLParametersImpl', referenced from method com.facebook.ssl.openssl.reflect.SSLSessionTimeoutSetter.<clinit>
W/dalvikvm( 9741): VFY: unable to resolve const-class 14938 (Lorg/apache/harmony/xnet/provider/jsse/SSLParametersImpl;) in Lcom/facebook/ssl/openssl/reflect/SSLSessionTimeoutSetter;
D/dalvikvm( 9741): VFY: replacing opcode 0x1c at 0x000d
D/dalvikvm(16929): GC_CONCURRENT freed 752K, 30% free 13588K/19168K, paused 1ms+2ms, total 25ms
D/dalvikvm(16929): WAIT_FOR_CONCURRENT_GC blocked 20ms
W/dalvikvm( 9741): VFY: unable to find class referenced in signature (Lorg/apache/harmony/xnet/provider/jsse/SSLParametersImpl;)
E/dalvikvm( 9741): Could not find class 'org.apache.harmony.xnet.provider.jsse.ClientSessionContext', referenced from method com.facebook.ssl.openssl.reflect.SSLSessionTimeoutSetter.a
W/dalvikvm( 9741): VFY: unable to resolve check-cast 14935 (Lorg/apache/harmony/xnet/provider/jsse/ClientSessionContext;) in Lcom/facebook/ssl/openssl/reflect/SSLSessionTimeoutSetter;
D/dalvikvm( 9741): VFY: replacing opcode 0x1f at 0x0006
E/dalvikvm( 9741): Could not find class 'org.apache.harmony.xnet.provider.jsse.OpenSSLSocketImpl', referenced from method com.facebook.ssl.openssl.check.CheckOpenSSLImplHasRequiredMethods.<clinit>
W/dalvikvm( 9741): VFY: unable to resolve const-class 14937 (Lorg/apache/harmony/xnet/provider/jsse/OpenSSLSocketImpl;) in Lcom/facebook/ssl/openssl/check/CheckOpenSSLImplHasRequiredMethods;
D/dalvikvm( 9741): VFY: replacing opcode 0x1c at 0x000d
W/dalvikvm( 9741): VFY: unable to find class referenced in signature (Lorg/apache/harmony/xnet/provider/jsse/SSLParametersImpl;)
W/dalvikvm( 9741): Unable to resolve superclass of Lcom/facebook/ssl/openssl/TicketEnabledOpenSSLSocketImplWrapper; (12215)
W/dalvikvm( 9741): Link of class 'Lcom/facebook/ssl/openssl/TicketEnabledOpenSSLSocketImplWrapper;' failed
D/ConnectivityManager(17383): getActiveNetworkInfo : null
W/dalvikvm( 9741): Unable to resolve superclass of Lcom/facebook/ssl/openssl/TicketEnabledOpenSSLSocketImplWrapper; (12215)
W/dalvikvm( 9741): Link of class 'Lcom/facebook/ssl/openssl/TicketEnabledOpenSSLSocketImplWrapper;' failed
E/dalvikvm( 9741): Could not find class 'com.facebook.ssl.openssl.TicketEnabledOpenSSLSocketImplWrapper', referenced from method com.facebook.ssl.openssl.TicketEnabledOpenSSLSocketFactoryHelper.a
W/dalvikvm( 9741): VFY: unable to resolve new-instance 11843 (Lcom/facebook/ssl/openssl/TicketEnabledOpenSSLSocketImplWrapper;) in Lcom/facebook/ssl/openssl/TicketEnabledOpenSSLSocketFactoryHelper;
D/dalvikvm( 9741): VFY: replacing opcode 0x22 at 0x0000
W/dalvikvm( 9741): Unable to resolve superclass of Lcom/facebook/ssl/openssl/TicketEnabledOpenSSLSocketImplWrapper; (12215)
W/dalvikvm( 9741): Link of class 'Lcom/facebook/ssl/openssl/TicketEnabledOpenSSLSocketImplWrapper;' failed
W/dalvikvm( 9741): Unable to resolve superclass of Lcom/facebook/ssl/openssl/TicketEnabledOpenSSLSocketImplWrapper; (12215)
W/dalvikvm( 9741): Link of class 'Lcom/facebook/ssl/openssl/TicketEnabledOpenSSLSocketImplWrapper;' failed
D/dalvikvm( 9741): DexOpt: unable to opt direct call 0xc007 at 0x08 in Lcom/facebook/ssl/openssl/TicketEnabledOpenSSLSocketFactoryHelper;.a
D/ConnectivityManager(17383): getActiveNetworkInfo : null
D/ConnectivityManager(17383): getActiveNetworkInfo : null
D/dalvikvm( 9741): Trying to load lib /data/app-lib/com.facebook.katana-9/libheartbleed.so 0x429192c8
D/dalvikvm( 9741): Added shared lib /data/app-lib/com.facebook.katana-9/libheartbleed.so 0x429192c8
D/ConnectivityManager( 9741): getActiveNetworkInfo : null
I/UpdateIcingCorporaServi(16929): UpdateCorporaTask done [took 115 ms] updated apps [took 115 ms] 
D/ConnectivityManager( 9741): getActiveNetworkInfo : null
D/ConnectivityManager( 9741): getActiveNetworkInfo : null
D/ConnectivityManager( 9741): getActiveNetworkInfo : null
I/dalvikvm( 9779): Could not find method android.content.pm.PackageManager.getPackageInstaller, referenced from method fky.a
W/dalvikvm( 9779): VFY: unable to resolve virtual method 2543: Landroid/content/pm/PackageManager;.getPackageInstaller ()Landroid/content/pm/PackageInstaller;
D/dalvikvm( 9779): VFY: replacing opcode 0x6e at 0x000f
I/GAv4    ( 9779): Google Analytics 7.8.84 is starting up. To enable debug logging on a device run:
I/GAv4    ( 9779):   adb shell setprop log.tag.GAv4 DEBUG
I/GAv4    ( 9779):   adb logcat -s GAv4
W/fb4a(:dash):VideoPerformanceTracking( 9741): Error reading from storage, clearing accumulated vard
W/fb4a(:dash):VideoPerformanceTracking( 9741): java.io.EOFException
W/fb4a(:dash):VideoPerformanceTracking( 9741): 	at libcore.io.Streams.readFully(Streams.java:83)
W/fb4a(:dash):VideoPerformanceTracking( 9741): 	at java.io.DataInputStream.readInt(DataInputStream.java:103)
W/fb4a(:dash):VideoPerformanceTracking( 9741): 	at com.facebook.video.analytics.VideoPerformanceTracking.a(VideoPerformanceTracking.java:424)
W/fb4a(:dash):VideoPerformanceTracking( 9741): 	at com.facebook.video.analytics.VideoPerformanceTracking.a(VideoPerformanceTracking.java:36)
W/fb4a(:dash):VideoPerformanceTracking( 9741): 	at com.facebook.video.analytics.VideoPerformanceTracking$2.a(VideoPerformanceTracking.java:386)
W/fb4a(:dash):VideoPerformanceTracking( 9741): 	at com.facebook.video.analytics.TimedMicroStorage$1.run(TimedMicroStorage.java:87)
W/fb4a(:dash):VideoPerformanceTracking( 9741): 	at com.facebook.common.executors.ConstrainedExecutorService$Worker.run(ConstrainedExecutorService.java:178)
W/fb4a(:dash):VideoPerformanceTracking( 9741): 	at java.util.concurrent.Executors$RunnableAdapter.call(Executors.java:422)
W/fb4a(:dash):VideoPerformanceTracking( 9741): 	at com.facebook.common.executors.WrappingExecutorService$1.run(WrappingExecutorService.java:77)
W/fb4a(:dash):VideoPerformanceTracking( 9741): 	at java.util.concurrent.Executors$RunnableAdapter.call(Executors.java:422)
W/fb4a(:dash):VideoPerformanceTracking( 9741): 	at java.util.concurrent.FutureTask.run(FutureTask.java:237)
W/fb4a(:dash):VideoPerformanceTracking( 9741): 	at java.util.concurrent.ScheduledThreadPoolExecutor$ScheduledFutureTask.access$201(ScheduledThreadPoolExecutor.java:152)
W/fb4a(:dash):VideoPerformanceTracking( 9741): 	at java.util.concurrent.ScheduledThreadPoolExecutor$ScheduledFutureTask.run(ScheduledThreadPoolExecutor.java:265)
W/fb4a(:dash):VideoPerformanceTracking( 9741): 	at java.util.concurrent.ThreadPoolExecutor.runWorker(ThreadPoolExecutor.java:1112)
W/fb4a(:dash):VideoPerformanceTracking( 9741): 	at java.util.concurrent.ThreadPoolExecutor$Worker.run(ThreadPoolExecutor.java:587)
W/fb4a(:dash):VideoPerformanceTracking( 9741): 	at com.facebook.common.executors.NamedThreadFactory$1.run(NamedThreadFactory.java:42)
W/fb4a(:dash):VideoPerformanceTracking( 9741): 	at java.lang.Thread.run(Thread.java:841)
W/GAv4    ( 9779): AnalyticsReceiver is not registered or is disabled. Register the receiver for reliable dispatching on non-Google Play devices. See http://goo.gl/8Rd3yj for instructions.
W/GAv4    ( 9779): CampaignTrackingReceiver is not registered, not exported or is disabled. Installation campaign tracking is not possible. See http://goo.gl/8Rd3yj for instructions.
W/GAv4    ( 9779): AnalyticsService not registered in the app manifest. Hits might not be delivered reliably. See http://goo.gl/8Rd3yj for instructions.
W/AnalyticsTrackerProxyImpl( 9779): Analytics setup for ID UA-21125203-2, app name Drive, version 2.3.283.23.36
D/ConnectivityManager( 9741): getActiveNetworkInfo : null
I/dalvikvm( 9779): Could not find method android.provider.DocumentsContract.getTreeDocumentId, referenced from method oe.run
W/dalvikvm( 9779): VFY: unable to resolve static method 3581: Landroid/provider/DocumentsContract;.getTreeDocumentId (Landroid/net/Uri;)Ljava/lang/String;
D/dalvikvm( 9779): VFY: replacing opcode 0x71 at 0x014e
D/ConnectivityManager( 9779): getActiveNetworkInfo : null
D/ConnectivityManager( 9779): getActiveNetworkInfo : null
I/SELinux ( 9828): Function: selinux_android_load_priority , priority [2] , priority version is VE=SEPF_SM-N910F_4.4.4_A031
E/SELinux ( 9828): [DEBUG] get_category: variable seinfocat: default sensitivity: NULL, cateogry: NULL
E/dalvikvm( 9828): >>>>> Normal User
E/dalvikvm( 9828): >>>>> com.estrongs.android.pop [ userId:0 | appId:10245 ]
E/SELinux ( 9828): [DEBUG] get_category: variable seinfocat: default sensitivity: NULL, cateogry: NULL
D/dalvikvm(  334): GC_EXPLICIT freed 46K, 55% free 8420K/18412K, paused 1ms+1ms, total 12ms
D/dalvikvm( 9779): DexOpt: couldn't find field Landroid/content/pm/ApplicationInfo;.splitSourceDirs
W/dalvikvm( 9779): VFY: unable to resolve instance field 61
D/dalvikvm( 9779): VFY: replacing opcode 0x54 at 0x0054
D/dalvikvm( 9779): DexOpt: couldn't find static field Landroid/os/Build;.SUPPORTED_ABIS
W/dalvikvm( 9779): VFY: unable to resolve static field 156 (SUPPORTED_ABIS) in Landroid/os/Build;
D/dalvikvm( 9779): VFY: replacing opcode 0x62 at 0x0067
D/dalvikvm( 9779): DexOpt: couldn't find static field Landroid/os/Build;.SUPPORTED_ABIS
W/dalvikvm( 9779): VFY: unable to resolve static field 156 (SUPPORTED_ABIS) in Landroid/os/Build;
D/dalvikvm( 9779): VFY: replacing opcode 0x62 at 0x000a
D/dalvikvm( 9779): DexOpt: couldn't find field Landroid/content/pm/ApplicationInfo;.splitSourceDirs
I/dalvikvm( 9779): DexOpt: unable to optimize instance field ref 0x003d at 0x58 in Lcom/google/android/gms/common/util/ax;.a
D/dalvikvm( 9779): Trying to load lib /data/app-lib/com.google.android.gms-4/libgmscore.so 0x42bef510
D/dalvikvm( 9779): Added shared lib /data/app-lib/com.google.android.gms-4/libgmscore.so 0x42bef510
D/dalvikvm( 9779): No JNI_OnLoad found in /data/app-lib/com.google.android.gms-4/libgmscore.so 0x42bef510, skipping init
D/TimaKeyStoreProvider( 9828): in addTimaSignatureService
D/dalvikvm(  334): GC_EXPLICIT freed <1K, 55% free 8420K/18412K, paused 1ms+1ms, total 14ms
D/dalvikvm( 9779): Trying to load lib /data/app-lib/com.google.android.gms-4/libconscrypt_gmscore_jni.so 0x42bef510
D/dalvikvm( 9779): Added shared lib /data/app-lib/com.google.android.gms-4/libconscrypt_gmscore_jni.so 0x42bef510
V/JNIHelp ( 9779): Registering com/google/android/gms/org/conscrypt/NativeCrypto's 227 native methods...
D/TimaKeyStoreProvider( 9828): Cannot add TimaSignature Service, License check Failed
D/ActivityThread( 9828): Added TimaKesytore provider
D/dalvikvm(  334): GC_EXPLICIT freed <1K, 55% free 8420K/18412K, paused 1ms+1ms, total 11ms
D/ConnectivityManager(17383): getActiveNetworkInfo : null
I/dalvikvm( 9828): Could not find method android.content.res.Resources.getDrawable, referenced from method com.estrongs.android.pop.esclasses.k.a
W/dalvikvm( 9828): VFY: unable to resolve virtual method 382: Landroid/content/res/Resources;.getDrawable (ILandroid/content/res/Resources$Theme;)Landroid/graphics/drawable/Drawable;
D/dalvikvm( 9828): VFY: replacing opcode 0x6f at 0x000d
E/ObjectHelper( 9828): Can't find method:setCompatibilityInfo
D/ConnectivityManager(17383): getActiveNetworkInfo : null
D/ConnectivityManager(17383): getActiveNetworkInfo : null
D/ConnectivityManager(17383): getActiveNetworkInfo : null
D/ConnectivityManager(17383): getActiveNetworkInfo : null
D/ConnectivityManager(17383): getActiveNetworkInfo : null
D/dalvikvm( 9779): Trying to load lib /data/app-lib/com.google.android.gms-4/libgmscore.so 0x42bef510
D/dalvikvm( 9779): Shared lib '/data/app-lib/com.google.android.gms-4/libgmscore.so' already loaded in same CL 0x42bef510
D/dalvikvm( 9779): Trying to load lib /data/app-lib/com.google.android.gms-4/libconscrypt_gmscore_jni.so 0x42bef510
D/dalvikvm( 9779): Shared lib '/data/app-lib/com.google.android.gms-4/libconscrypt_gmscore_jni.so' already loaded in same CL 0x42bef510
D/ConnectivityManager(17383): getActiveNetworkInfo : null
E/fb4a(:<default>):VaultDeviceSetup(17383): setupDeviceFromServer
E/fb4a(:<default>):VaultDeviceSetup(17383): com.facebook.proxygen.HttpNetworkException: getaddrinfo failure: No address associated with hostname
E/fb4a(:<default>):VaultDeviceSetup(17383): 	at com.facebook.proxygen.LigerHttpResponseHandler.handleError(LigerHttpResponseHandler.java:244)
E/fb4a(:<default>):VaultDeviceSetup(17383): 	at com.facebook.proxygen.LigerHttpResponseHandler.onError(LigerHttpResponseHandler.java:209)
E/fb4a(:<default>):VaultDeviceSetup(17383): 	at com.facebook.proxygen.JniHandler.onError(JniHandler.java:86)
E/fb4a(:<default>):VaultDeviceSetup(17383): 	at com.facebook.proxygen.EventBase.loopForever(Native Method)
E/fb4a(:<default>):VaultDeviceSetup(17383): 	at com.facebook.proxygen.HTTPThread.run(HTTPThread.java:32)
E/fb4a(:<default>):VaultDeviceSetup(17383): 	at java.lang.Thread.run(Thread.java:841)
D/an      ( 9828): Refresh storage info done.44
D/ConnectivityManager( 9741): getActiveNetworkInfo : null
I/ProviderInstaller( 9779): Installed default security provider GmsCore_OpenSSL
D/ConnectivityManager(17383): getActiveNetworkInfo : null
D/dalvikvm( 9828): Trying to load lib /data/app-lib/com.estrongs.android.pop-3/libmyaes.so 0x4291a338
D/dalvikvm( 9828): Added shared lib /data/app-lib/com.estrongs.android.pop-3/libmyaes.so 0x4291a338
E/File    (17383): fail readDirectory() errno=2
E/File    (17383): fail readDirectory() errno=2
D/ConnectivityManager( 9741): getActiveNetworkInfo : null
D/ConnectivityManager( 9741): getActiveNetworkInfo : null
D/ConnectivityManager( 9741): getActiveNetworkInfo : null
V/ApplicationPolicy(  976): isApplicationStateBlocked userId 0 pkgname com.estrongs.android.pop
D/KeyguardUpdateMonitor( 1259): sendKeyguardVisibilityChanged(true)
I/KeyguardUpdateMonitor( 1259): visibility is same
D/PointerIcon(  976): setMouseIconStyle1 pointerType: 1001iconType:101 flag:0
D/PointerIcon(  976): setMouseCustomIcon IconType is same.101
D/PointerIcon(  976): setHoveringSpenIconStyle1 pointerType: 10001iconType:1 flag:0
D/PointerIcon(  976): setHoveringSpenCustomIcon IconType is same.1
D/ConnectivityManager( 9741): getActiveNetworkInfo : null
D/ConnectivityManager( 9741): getActiveNetworkInfo : null
D/ConnectivityManager( 9741): getActiveNetworkInfo : null
D/ConnectivityManager( 9741): getActiveNetworkInfo : null
I/AudioService(  976): getStreamVolume 3 index 10
D/ConnectivityManager( 9741): getActiveNetworkInfo : null
I/HotwordDetector(16929): Closing mic
I/MicrophoneInputStream(16929): mic_close com.google.android.apps.gsa.speech.audio.u@42f3c9a8
D/ConnectivityManager( 9741): getActiveNetworkInfo : null
D/ConnectivityManager( 9741): getActiveNetworkInfo : null
D/KeyguardUpdateMonitor( 1259): sendKeyguardVisibilityChanged(true)
I/KeyguardUpdateMonitor( 1259): visibility is same
D/ConnectivityManager( 9741): getActiveNetworkInfo : null
I/System.out( 9741): Thread-22648(ApacheHTTPLog):Reading from variable values from setDefaultValuesToVariables
I/System.out( 9741): Thread-22647(ApacheHTTPLog):isShipBuild true
I/System.out( 9741): Thread-22648(ApacheHTTPLog):isShipBuild true
I/System.out( 9741): Thread-22647(ApacheHTTPLog):SmartBonding Enabling is true, SHIP_BUILD is true, log to file is false, DBG is false
I/System.out( 9741): Thread-22648(ApacheHTTPLog):SmartBonding Enabling is true, SHIP_BUILD is true, log to file is false, DBG is false
I/System.out( 9741): P[5]_NetworkDispatch1 calls detatch()
I/System.out( 9741): P[5]_NetworkDispatch2 calls detatch()
D/ConnectivityManager( 9741): getActiveNetworkInfo : null
V/audio_hw_primary(  336): in_standby: enter
I/SELinux ( 9854): Function: selinux_android_load_priority , priority [2] , priority version is VE=SEPF_SM-N910F_4.4.4_A031
E/SELinux ( 9854): [DEBUG] get_category: variable seinfocat: default sensitivity: NULL, cateogry: NULL
E/dalvikvm( 9854): >>>>> Normal User
E/dalvikvm( 9854): >>>>> com.keramidas.TitaniumBackup [ userId:0 | appId:10258 ]
E/SELinux ( 9854): [DEBUG] get_category: variable seinfocat: default sensitivity: NULL, cateogry: NULL
D/ConnectivityManager( 9741): getActiveNetworkInfo : null
W/fb4a(:dash):FbHttpRequestProcessor( 9741): Got java.net.UnknownHostException: Unable to resolve host "graph.facebook.com": No address associated with hostname while executing encryptChannelRequestMethod, retrying on a safe network stack
D/TimaKeyStoreProvider( 9854): in addTimaSignatureService
D/ConnectivityManager( 9741): getActiveNetworkInfo : null
D/TimaKeyStoreProvider( 9854): Cannot add TimaSignature Service, License check Failed
I/System.out( 9741): P[5]_NetworkDispatch2 calls detatch()
D/ActivityThread( 9854): Added TimaKesytore provider
D/ConnectivityManager( 9741): getActiveNetworkInfo : null
D/ConnectivityManager( 9741): getActiveNetworkInfo : null
D/Activity( 9828): #1 setTransGradationModeColor false
D/ConnectivityManager( 9741): getActiveNetworkInfo : null
D/PhoneStatusBar( 1285): setSemiTransparentMode=false, mTransparentMode=false, mSemiTransparentMode=false, mMultiWindowMode=false
V/audio_hw_primary(  336): stop_input_stream: enter: usecase(8: audio-record)
V/audio_hw_primary(  336): disable_audio_route: enter: usecase(8)
V/audio_hw_primary(  336): disable_audio_route: reset and update mixer path: audio-record
D/audio_route(  336): Setting mixer control: MultiMedia1 Mixer SLIM_0_TX, value: 0
V/audio_hw_primary(  336): disable_audio_route: exit
V/audio_hw_primary(  336): disable_snd_device: snd_device(133: vr-main-mic)
D/audio_route(  336): Setting mixer control: DEC2 Volume, value: 84
D/audio_route(  336): Setting mixer control: DEC2 MUX, value: 0
D/ConnectivityManager( 9741): getActiveNetworkInfo : null
D/audio_route(  336): Setting mixer control: SLIM TX2 MUX, value: 0
I/System.out( 9741): P[5]_NetworkDispatch1 calls detatch()
D/audio_route(  336): Setting mixer control: AIF2_CAP Mixer SLIM TX2, value: 0
V/audio_hw_primary(  336): stop_input_stream: exit: status(0)
V/audio_hw_primary(  336): in_standby: exit:  status(0)
D/ConnectivityManager( 9741): getActiveNetworkInfo : null
V/AudioPolicyManagerBase(  336): stopInput() input 2259
V/audio_hw_primary(  336): in_set_parameters: enter: kvpairs=routing=0
I/samsungRecord(  336): [samsungrecord] MicCalonoff 1
V/audio_hw_primary(  336): in_set_parameters: exit: status(1)
V/AudioPolicyManagerBase(  336): releaseInput() 2259
D/ConnectivityManager( 9741): getActiveNetworkInfo : null
D/ConnectivityManager( 9741): getActiveNetworkInfo : null
I/HotwordRecognitionRnr(16929): Stopping hotword detection.
D/ConnectivityManager( 9741): getActiveNetworkInfo : null
I/HotwordRecognitionRnr(16929): Hotword detection finished
V/audio_hw_primary(  336): adev_close_input_stream
V/audio_hw_primary(  336): in_standby: enter
V/audio_hw_primary(  336): in_standby: exit:  status(0)
E/audio_hw_primary(  336): adev_close_input_stream, set jack_in to null
V/AudioPolicyManagerBase(  336): releaseInput() exit
D/ConnectivityManager( 9741): getActiveNetworkInfo : null
E/fb4a(:dash):UDPPrimingServiceHandler( 9741): Unable to resolve host "graph.facebook.com": No address associated with hostname
E/fb4a(:dash):UDPPrimingServiceHandler( 9741): java.net.UnknownHostException: Unable to resolve host "graph.facebook.com": No address associated with hostname
E/fb4a(:dash):UDPPrimingServiceHandler( 9741): 	at java.net.InetAddress.lookupHostByName(InetAddress.java:394)
E/fb4a(:dash):UDPPrimingServiceHandler( 9741): 	at java.net.InetAddress.getAllByNameImpl(InetAddress.java:236)
E/fb4a(:dash):UDPPrimingServiceHandler( 9741): 	at java.net.InetAddress.getAllByName(InetAddress.java:214)
E/fb4a(:dash):UDPPrimingServiceHandler( 9741): 	at org.apache.http.impl.conn.DefaultClientConnectionOperator.openConnection(DefaultClientConnectionOperator.java:172)
E/fb4a(:dash):UDPPrimingServiceHandler( 9741): 	at org.apache.http.impl.conn.AbstractPoolEntry.open(AbstractPoolEntry.java:167)
E/fb4a(:dash):UDPPrimingServiceHandler( 9741): 	at org.apache.http.impl.conn.AbstractPooledConnAdapter.open(AbstractPooledConnAdapter.java:125)
E/fb4a(:dash):UDPPrimingServiceHandler( 9741): 	at org.apache.http.impl.client.DefaultRequestDirector.executeOriginal(DefaultRequestDirector.java:1253)
E/fb4a(:dash):UDPPrimingServiceHandler( 9741): 	at org.apache.http.impl.client.DefaultRequestDirector.execute(DefaultRequestDirector.java:684)
E/fb4a(:dash):UDPPrimingServiceHandler( 9741): 	at org.apache.http.impl.client.AbstractHttpClient.execute(AbstractHttpClient.java:570)
E/fb4a(:dash):UDPPrimingServiceHandler( 9741): 	at org.apache.http.impl.client.AbstractHttpClient.execute(AbstractHttpClient.java:491)
E/fb4a(:dash):UDPPrimingServiceHandler( 9741): 	at org.apache.http.impl.client.AbstractHttpClient.execute(AbstractHttpClient.java:469)
E/fb4a(:dash):UDPPrimingServiceHandler( 9741): 	at android.net.http.AndroidHttpClient.execute(AndroidHttpClient.java:362)
E/fb4a(:dash):UDPPrimingServiceHandler( 9741): 	at com.facebook.http.common.FbHttpRequestProcessor.a(FbHttpRequestProcessor.java:468)
E/fb4a(:dash):UDPPrimingServiceHandler( 9741): 	at com.facebook.http.common.FbHttpRequestProcessor.c(FbHttpRequestProcessor.java:397)
E/fb4a(:dash):UDPPrimingServiceHandler( 9741): 	at com.facebook.http.common.FbHttpRequestProcessor.b(FbHttpRequestProcessor.java:357)
E/fb4a(:dash):UDPPrimingServiceHandler( 9741): 	at com.facebook.http.common.FbHttpRequestProcessor.a(FbHttpRequestProcessor.java:344)
E/fb4a(:dash):UDPPrimingServiceHandler( 9741): 	at com.facebook.http.common.FbHttpRequestProcessor.a(FbHttpRequestProcessor.java:274)
E/fb4a(:dash):UDPPrimingServiceHandler( 9741): 	at com.facebook.http.common.FbHttpRequestProcessor.a(FbHttpRequestProcessor.java:1240)
E/fb4a(:dash):UDPPrimingServiceHandler( 9741): 	at com.facebook.http.common.FbHttpRequestProcessor$Dispatcher.run(FbHttpRequestProcessor.java:1261)
E/fb4a(:dash):UDPPrimingServiceHandler( 9741): 	at java.util.concurrent.Executors$RunnableAdapter.call(Executors.java:422)
E/fb4a(:dash):UDPPrimingServiceHandler( 9741): 	at com.facebook.common.executors.WrappingExecutorService$1.run(WrappingExecutorService.java:77)
E/fb4a(:dash):UDPPrimingServiceHandler( 9741): 	at java.util.concurrent.Executors$RunnableAdapter.call(Executors.java:422)
E/fb4a(:dash):UDPPrimingServiceHandler( 9741): 	at java.util.concurrent.FutureTask.run(FutureTask.java:237)
E/fb4a(:dash):UDPPrimingServiceHandler( 9741): 	at com.facebook.common.executors.DefaultConstrainedListeningExecutorService$Worker.run(DefaultConstrainedListeningExecutorService.java:310)
E/fb4a(:dash):UDPPrimingServiceHandler( 9741): 	at java.util.concurrent.ThreadPoolExecutor.runWorker(ThreadPoolExecutor.java:1112)
E/fb4a(:dash):UDPPrimingServiceHandler( 9741): 	at java.util.concurrent.ThreadPoolExecutor$Worker.run(ThreadPoolExecutor.java:587)
E/fb4a(:dash):UDPPrimingServiceHandler( 9741): 	at com.facebook.common.executors.NamedThreadFactory$1.run(NamedThreadFactory.java:42)
E/fb4a(:dash):UDPPrimingServiceHandler( 9741): 	at java.lang.Thread.run(Thread.java:841)
I/System.out( 9741): P[5]_NetworkDispatch1 calls detatch()
D/ConnectivityManager( 9741): getActiveNetworkInfo : null
D/ConnectivityManager( 9741): getActiveNetworkInfo : null
D/ConnectivityManager( 9741): getActiveNetworkInfo : null
D/ConnectivityManager( 9741): getActiveNetworkInfo : null
D/ConnectivityManager( 9741): getActiveNetworkInfo : null
I/System.out( 9741): P[5]_NetworkDispatch1 calls detatch()
D/PhoneStatusBar( 1285): setTransGradationMode=false, mTransparentMode=false, mSemiTransparentMode=false, mMultiWindowMode=false
D/ConnectivityManager( 9741): getActiveNetworkInfo : null
W/fb4a(:dash):CacheReadRunner( 9741): Exception during graphql executor query
W/fb4a(:dash):CacheReadRunner( 9741): java.net.UnknownHostException: Unable to resolve host "graph.facebook.com": No address associated with hostname
W/fb4a(:dash):CacheReadRunner( 9741): 	at java.net.InetAddress.lookupHostByName(InetAddress.java:394)
W/fb4a(:dash):CacheReadRunner( 9741): 	at java.net.InetAddress.getAllByNameImpl(InetAddress.java:236)
W/fb4a(:dash):CacheReadRunner( 9741): 	at java.net.InetAddress.getAllByName(InetAddress.java:214)
W/fb4a(:dash):CacheReadRunner( 9741): 	at com.facebook.http.common.executorimpl.apache.FbHttpClientConnectionOperator.openConnection(FbHttpClientConnectionOperator.java:119)
W/fb4a(:dash):CacheReadRunner( 9741): 	at org.apache.http.impl.conn.AbstractPoolEntry.open(AbstractPoolEntry.java:167)
W/fb4a(:dash):CacheReadRunner( 9741): 	at org.apache.http.impl.conn.AbstractPooledConnAdapter.open(AbstractPooledConnAdapter.java:125)
W/fb4a(:dash):CacheReadRunner( 9741): 	at org.apache.http.impl.client.DefaultRequestDirector.executeOriginal(DefaultRequestDirector.java:1253)
W/fb4a(:dash):CacheReadRunner( 9741): 	at org.apache.http.impl.client.DefaultRequestDirector.execute(DefaultRequestDirector.java:684)
W/fb4a(:dash):CacheReadRunner( 9741): 	at org.apache.http.impl.client.AbstractHttpClient.execute(AbstractHttpClient.java:570)
W/fb4a(:dash):CacheReadRunner( 9741): 	at com.facebook.http.common.executorimpl.apache.FbHttpClientImpl.execute(FbHttpClientImpl.java:157)
W/fb4a(:dash):CacheReadRunner( 9741): 	at com.facebook.http.common.executorimpl.apache.FbHttpClientImpl.execute(FbHttpClientImpl.java:145)
W/fb4a(:dash):CacheReadRunner( 9741): 	at com.facebook.http.common.executorimpl.apache.FbHttpClientRequestExecutor.a(FbHttpClientRequestExecutor.java:63)
W/fb4a(:dash):CacheReadRunner( 9741): 	at com.facebook.http.executors.qebased.QeHttpRequestExecutor.a(QeHttpRequestExecutor.java:102)
W/fb4a(:dash):CacheReadRunner( 9741): 	at com.facebook.tools.dextr.runtime.detour.HttpRequestExecutorDetour.a(HttpRequestExecutorDetour.java:53)
W/fb4a(:dash):CacheReadRunner( 9741): 	at com.facebook.http.common.RequestFlowStateController.a(RequestFlowStateController.java:110)
W/fb4a(:dash):CacheReadRunner( 9741): 	at com.facebook.http.common.FbRedirectController.a(FbRedirectController.java:100)
W/fb4a(:dash):CacheReadRunner( 9741): 	at com.facebook.http.common.FbHttpRequestProcessor.c(FbHttpRequestProcessor.java:389)
W/fb4a(:dash):CacheReadRunner( 9741): 	at com.facebook.http.common.FbHttpRequestProcessor.b(FbHttpRequestProcessor.java:357)
W/fb4a(:dash):CacheReadRunner( 9741): 	at com.facebook.http.common.FbHttpRequestProcessor.a(FbHttpRequestProcessor.java:344)
W/fb4a(:dash):CacheReadRunner( 9741): 	at com.facebook.http.common.FbHttpRequestProcessor.a(FbHttpRequestProcessor.java:274)
W/fb4a(:dash):CacheReadRunner( 9741): 	at com.facebook.http.common.FbHttpRequestProcessor.a(FbHttpRequestProcessor.java:1240)
W/fb4a(:dash):CacheReadRunner( 9741): 	at com.facebook.http.common.FbHttpRequestProcessor$Dispatcher.run(FbHttpRequestProcessor.java:1261)
W/fb4a(:dash):CacheReadRunner( 9741): 	at java.util.concurrent.Executors$RunnableAdapter.call(Executors.java:422)
W/fb4a(:dash):CacheReadRunner( 9741): 	at com.facebook.common.executors.WrappingExecutorService$1.run(WrappingExecutorService.java:77)
W/fb4a(:dash):CacheReadRunner( 9741): 	at java.util.concurrent.Executors$RunnableAdapter.call(Executors.java:422)
W/fb4a(:dash):CacheReadRunner( 9741): 	at java.util.concurrent.FutureTask.run(FutureTask.java:237)
W/fb4a(:dash):CacheReadRunner( 9741): 	at com.facebook.common.executors.DefaultConstrainedListeningExecutorService$Worker.run(DefaultConstrainedListeningExecutorService.java:310)
W/fb4a(:dash):CacheReadRunner( 9741): 	at java.util.concurrent.ThreadPoolExecutor.runWorker(ThreadPoolExecutor.java:1112)
W/fb4a(:dash):CacheReadRunner( 9741): 	at java.util.concurrent.ThreadPoolExecutor$Worker.run(ThreadPoolExecutor.java:587)
W/fb4a(:dash):CacheReadRunner( 9741): 	at com.facebook.common.executors.NamedThreadFactory$1.run(NamedThreadFactory.java:42)
W/fb4a(:dash):CacheReadRunner( 9741): 	at java.lang.Thread.run(Thread.java:841)
D/EN      ( 9569): [BillingUtil] - checking if billing supported
D/MarketUtils( 9569): isPackageInstalled() - com.android.vending is installed
I/SpenGestureManager(  976): setFocusWindow21020
D/EN      ( 9569): [BillingUtil] - Billing: bound to IAP-3
D/KeyguardUpdateMonitor( 1259): sendKeyguardVisibilityChanged(true)
I/KeyguardUpdateMonitor( 1259): visibility is same
I/o.   ( 9854): onCreate()
D/PointerIcon(  976): setMouseIconStyle1 pointerType: 1001iconType:101 flag:0
D/PointerIcon(  976): setMouseCustomIcon IconType is same.101
D/PointerIcon(  976): setHoveringSpenIconStyle1 pointerType: 10001iconType:1 flag:0
D/PointerIcon(  976): setHoveringSpenCustomIcon IconType is same.1
D/Finsky  (18301): [19654] InAppBillingUtils.pickAccount: com.evernote: Account determined from installer data - [tonUqxUewuwRXsKvrlRnWjV4pOU]
D/dalvikvm( 9854): Trying to load lib /data/app-lib/com.keramidas.TitaniumBackup-5/libtitanium.so 0x4290f258
D/EN      ( 9569): [BillingUtil] - Billing: bound to IAP-3 supports subs
D/dalvikvm( 9854): Added shared lib /data/app-lib/com.keramidas.TitaniumBackup-5/libtitanium.so 0x4290f258
I/SurfaceFlinger(  332): id=3555 createSurf (1440x2560),1 flag=4, VninstallMo
D/KeyguardUpdateMonitor( 1259): sendKeyguardVisibilityChanged(true)
I/KeyguardUpdateMonitor( 1259): visibility is same
I/Adreno-EGL( 9828): <qeglDrvAPI_eglInitialize:410>: EGL 1.4 QUALCOMM build:  ()
I/Adreno-EGL( 9828): OpenGL ES Shader Compiler Version: E031.24.02.11
I/Adreno-EGL( 9828): Build Date: 09/12/14 Fri
I/Adreno-EGL( 9828): Local Branch: LA.3.6.1_20140912_070_patches
I/Adreno-EGL( 9828): Remote Branch: 
I/Adreno-EGL( 9828): Local Patches: 
I/Adreno-EGL( 9828): Reconstruct Branch: 
I/HWUI    ( 9828): EGLImpl-HWUI Protected EGL context created
E/dalvikvm( 9569): Could not find class 'android.app.ActivityManager$TaskDescription', referenced from method com.evernote.ui.helper.ey.e
W/dalvikvm( 9569): VFY: unable to resolve new-instance 64 (Landroid/app/ActivityManager$TaskDescription;) in Lcom/evernote/ui/helper/ey;
D/dalvikvm( 9569): VFY: replacing opcode 0x22 at 0x0029
D/dalvikvm( 9569): DexOpt: unable to opt direct call 0x0121 at 0x31 in Lcom/evernote/ui/helper/ey;.e
D/EN      ( 9569): [BillingUtil] - Billing:checkForIncompleteGooglePurchase bound to IAP-3
I/EN      ( 9569): [BillingUtil] - Billing Application starting, user is not logged in, cannot check for pending transactions, would check after login
I/o.   ( 9854): Detected CPU architecture: ARM
W/Settings( 9854): Setting android_id has moved from android.provider.Settings.System to android.provider.Settings.Secure, returning read-only value.
D/o.Q     ( 9854): Debug features are disabled.
I/qdutils ( 9828): PartialUpdate status: Enabled
I/qdutils ( 9828): Left Align: 8
I/qdutils ( 9828): Width Align: 8
I/qdutils ( 9828): Top Align: 1
I/qdutils ( 9828): Height Align: 1
I/qdutils ( 9828): Min ROI Width: 1
I/qdutils ( 9828): Min ROI Height: 2
I/qdutils ( 9828): Needs ROI Merge: 1
I/qdutils ( 9828): Left Split=720
I/qdutils ( 9828): Right Split=720
I/o.G     ( 9854): restoreMySettings_ifNeeded()
I/o.G     ( 9854): Internal settings found => No need to restore.
D/OpenGLRenderer( 9828): Enabling debug mode 0
D/KeyguardUpdateMonitor( 1259): sendKeyguardVisibilityChanged(true)
I/KeyguardUpdateMonitor( 1259): visibility is same
D/Acms/KeyStoreHelper( 9454):  getKeyStoreForApplication Enter
D/KeyguardUpdateMonitor( 1259): sendKeyguardVisibilityChanged(true)
I/KeyguardUpdateMonitor( 1259): visibility is same
D/Activity( 8267): #1 setTransGradationModeColor false
D/PhoneStatusBar( 1285): setSemiTransparentMode=false, mTransparentMode=false, mSemiTransparentMode=false, mMultiWindowMode=false
D/KeyguardUpdateMonitor( 1259): sendKeyguardVisibilityChanged(true)
I/KeyguardUpdateMonitor( 1259): visibility is same
D/KeyguardUpdateMonitor( 1259): sendKeyguardVisibilityChanged(true)
I/KeyguardUpdateMonitor( 1259): visibility is same
D/KeyguardUpdateMonitor( 1259): sendKeyguardVisibilityChanged(true)
I/KeyguardUpdateMonitor( 1259): visibility is same
D/KeyguardUpdateMonitor( 1259): sendKeyguardVisibilityChanged(true)
I/KeyguardUpdateMonitor( 1259): visibility is same
I/SurfaceFlinger(  332): id=3555 Removed VninstallMo (9/12)
I/SurfaceFlinger(  332): id=3555 Removed VninstallMo (-2/12)
D/KeyguardUpdateMonitor( 1259): sendKeyguardVisibilityChanged(true)
I/KeyguardUpdateMonitor( 1259): visibility is same
I/AudioService(  976): getStreamVolume 3 index 10
I/AudioService(  976): getStreamVolume 3 index 10
D/ConnectivityManager(16929): getActiveNetworkInfo : null
W/dalvikvm( 8855): VFY: unable to resolve static field 4394 (BACKGROUND) in Landroid/view/ViewOutlineProvider;
D/dalvikvm( 8855): VFY: replacing opcode 0x62 at 0x0008
I/dalvikvm( 8855): Could not find method android.support.v7.widget.Toolbar.setOutlineProvider, referenced from method com.domobile.frame.i.v
W/dalvikvm( 8855): VFY: unable to resolve virtual method 10512: Landroid/support/v7/widget/Toolbar;.setOutlineProvider (Landroid/view/ViewOutlineProvider;)V
D/dalvikvm( 8855): VFY: replacing opcode 0x6e at 0x0009
V/ApplicationPolicy(  976): isApplicationStateBlocked userId 0 pkgname com.domobile.applock
D/ConnectivityManager(16929): getActiveNetworkInfo : null
D/KeyguardUpdateMonitor( 1259): sendKeyguardVisibilityChanged(true)
I/KeyguardUpdateMonitor( 1259): visibility is same
I/HotwordRecognitionRnr(16929): Starting hotword detection.
D/ConnectivityManager( 9828): getActiveNetworkInfo : null
W/Resources( 9854): Converting to string: TypedValue{t=0x10/d=0x0 a=-1}
W/Resources( 9854): Converting to string: TypedValue{t=0x10/d=0x0 a=-1}
W/Resources( 9854): Converting to string: TypedValue{t=0x10/d=0x0 a=-1}
D/dalvikvm(16929): GC_FOR_ALLOC freed 1625K, 36% free 12293K/19168K, paused 28ms, total 28ms
I/MicrophoneInputStream(16929): mic_starting com.google.android.apps.gsa.speech.audio.u@42bb3400
W/Resources( 9854): Converting to string: TypedValue{t=0x10/d=0xf a=-1}
V/AudioPolicyManagerBase(  336): getDeviceForInputSource()input source 1999, device 80000004
V/AudioPolicyManagerBase(  336): getInput() inputSource 1999, samplingRate 16000, format 1, channelMask 10, acoustics 0
V/audio_hw_primary(  336): adev_open_input_stream: enter
E/audio_hw_primary(  336): adev_open_input_stream : jack_config 0
E/audio_hw_primary(  336): can not make /data/snd/hal_input.pcm 
E/audio_hw_primary(  336): can not make /data/snd/hal_input_before_ns.pcm 
E/audio_hw_primary(  336): can not make /data/snd/hal_input_after_ns.pcm 
E/audio_hw_primary(  336): can not make /data/snd/hal_input_cvq_uart.pcm.pcm 
E/audio_hw_primary(  336): adev_open_input_stream input is null, set new input stream
V/audio_hw_primary(  336): adev_open_input_stream: exit
V/audio_hw_primary(  336): in_standby: enter
V/audio_hw_primary(  336): in_standby: exit:  status(0)
I/EDMNativeHelperService(  976): isMicrophoneEnabled
W/EDMNativeHelper(  976): isMicrophoneEnabled : get policy
V/audio_hw_primary(  336): in_standby: enter
V/audio_hw_primary(  336): in_standby: exit:  status(0)
V/AudioPolicyManagerBase(  336): startInput() input 2261
V/AudioPolicyManagerBase(  336): getDeviceForInputSource()input source 1999, device 80000004
V/AudioPolicyManagerBase(  336): AudioPolicyManager::startInput() input source = 1999
V/audio_hw_primary(  336): in_set_parameters: enter: kvpairs=input_source=6;keyIsHotword=true;routing=-2147483644
V/audio_hw_primary(  336): [ALWAYS_MIC] KEY_IS_HOTWORD true
I/samsungRecord(  336): [samsungrecord] MicCalonoff 1
V/audio_hw_primary(  336): in_set_parameters: exit: status(11)
W/Resources( 9854): Converting to string: TypedValue{t=0x10/d=0x80 a=-1}
W/Resources( 9854): Converting to string: TypedValue{t=0x10/d=0x80 a=-1}
W/Resources( 9854): Converting to string: TypedValue{t=0x10/d=0x3 a=-1}
W/Resources( 9854): Converting to string: TypedValue{t=0x10/d=0x3 a=-1}
V/msm8974_platform(  336): platform_update_usecase_from_source: input source :6
V/audio_hw_primary(  336): start_input_stream: enter: usecase(8)
V/voice   (  336): voice_check_and_set_incall_rec_usecase: voice call not active
V/audio_hw_primary(  336): start_input_stream: usecase(8)
D/PreProcess(  336): new SamsungRecord
D/PreProcess(  336): new NS
I/samsungRecord(  336): [samsungrecord] SamsungRecInit 
I/samsungRecord(  336): [samsungrecordMIC]Use HardCoding Values
E/samsungRecord(  336): miccalib file can't created. (/data/snd/miccalib.txt)
I/samsungRecord(  336): 1
D/SamsungRecord_NS(  336): [SamsungRecord_NS] Init SR 16000
D/SamsungRecord_NS(  336): [SamsungRecord_NS] getLevel inputsource 6, ret_level 3
V/audio_hw_primary(  336): select_devices: ENTER
V/audio_hw_primary(  336): select_devices: usecase(Normal)
V/audio_hw_primary(  336): select_devices: usecase(PCM_CAPTURE)
V/msm8974_platform(  336): platform_get_input_snd_device: enter: out_device(0) in_device(0x4)
V/msm8974_platform(  336): get_INPUT_snd_device: check by Input_source(6)
V/msm8974_platform(  336): platform_get_input_snd_device_by_source: enter: out_device(0) in_device(0x4)
V/msm8974_platform(  336): get_INPUT_snd_device: AUDIO_SOURCE_VOICE_RECOGNITION
V/msm8974_platform(  336): platform_get_input_snd_device: exit: in_snd_device(vr-main-mic)
D/audio_hw_primary(  336): select_devices: out_snd_device(0: dummy)
D/audio_hw_primary(  336): select_devices: in_snd_device(133: vr-main-mic)
E/msm8974_platform(  336): platform_send_audio_calibration: sending audio calibration for snd_device(133) acdb_id(53)
D/ACDB-LOADER(  336): ACDB -> send_audio_cal, acdb_id = 53, path =  1
D/ACDB-LOADER(  336): ACDB -> send_adm_topology
D/ACDB-LOADER(  336): ACDB -> ACDB_CMD_GET_AUDPROC_COMMON_TOPOLOGY_ID
D/ACDB-LOADER(  336): ACDB -> send_asm_topology
D/ACDB-LOADER(  336): ACDB -> ACDB_CMD_GET_AUDPROC_STREAM_TOPOLOGY_ID
D/ACDB-LOADER(  336): ACDB -> send_audtable
D/ACDB-LOADER(  336): ACDB -> ACDB_CMD_GET_AUDPROC_COMMON_TABLE
D/        (  336): ACDBFILE_MGR:Read the devices count as zero, please check the acdb file
D/ACDB-LOADER(  336): ACDB -> AUDIO_SET_AUDPROC_CAL
D/ACDB-LOADER(  336): ACDB -> send_audvoltable
D/ACDB-LOADER(  336): ACDB -> ACDB_CMD_GET_AUDPROC_GAIN_DEP_STEP_TABLE
D/        (  336): ACDBFILE_MGR:Read the devices count as zero, please check the acdb file
D/        (  336): Failed to fetch the lookup information of the device 00000035 
E/ACDB-LOADER(  336): Error: ACDB AudProc vol returned = -19
D/ACDB-LOADER(  336): ACDB -> AUDIO_SET_AUDPROC_VOL_CAL
D/ACDB-LOADER(  336): ACDB -> AUDIO_SET_AFE_CAL
V/audio_hw_primary(  336): enable_snd_device: snd_device(133: vr-main-mic, vr-main-mic)
D/audio_route(  336): Setting mixer control: AIF2_CAP Mixer SLIM TX2, value: 1
D/audio_route(  336): Setting mixer control: SLIM TX2 MUX, value: 8
D/audio_route(  336): Setting mixer control: DEC2 MUX, value: 1
I/Acms/KeyStoreHelper( 9454): Key Store exist
I/Acms/KeyStoreHelper( 9454): Hence loading the keystore file
D/audio_route(  336): Setting mixer control: DEC2 Volume, value: 97
V/audio_hw_primary(  336): enable_audio_route: enter: usecase(8)
V/audio_hw_primary(  336): enable_audio_route: apply mixer and update path: audio-record
D/audio_route(  336): Setting mixer control: MultiMedia1 Mixer SLIM_0_TX, value: 1
V/audio_hw_primary(  336): enable_audio_route: exit
V/audio_hw_primary(  336): [MAXIM] setDSM_tx_Control()...Unable to open PCM device (cannot open device '/dev/snd/pcmC0D1c': Invalid argument)
V/audio_hw_primary(  336): start_input_stream: Opening PCM device card_id(0) device_id(0), channels 1
W/Resources( 9854): Converting to string: TypedValue{t=0x10/d=0x20 a=-1}
W/Resources( 9854): Converting to string: TypedValue{t=0x10/d=0x20 a=-1}
V/audio_hw_primary(  336): start_input_stream: exit
I/Acms/KeyStoreHelper( 9454): Aliases in keystore are:
D/Acms/KeyStoreHelper( 9454):  getKeyStoreForApplication Exit
I/Acms/AcmsCertificateMngr( 9454): getKeyStoreForApplication success 
D/Acms/AcmsCore( 9454): Decremented Counter Value : AcmsCoreHandler.handleMessage=>1
D/Acms/AcmsServiceMonitor( 9454): AcmsServiceMonitor.getAcmsSvcMonitor() - Enter
D/Acms/AcmsServiceMonitor( 9454): Decrementing - Counter value: 1
D/Acms/AcmsCertificateMngr( 9454): handleAppRemoved() Enter com.drbeef.quakegearvr
D/dalvikvm( 9741): GC_EXPLICIT freed 4521K, 39% free 11266K/18412K, paused 43ms+2ms, total 153ms
D/ConnectivityManager(16929): getActiveNetworkInfo : null
I/Acms/AcmsDbProvider( 9454): Enter on create
I/Acms/AcmsDbProviderHelper( 9454): Exit constructor
W/Resources( 9854): Converting to string: TypedValue{t=0x10/d=0x1 a=-1}
W/Resources( 9854): Converting to string: TypedValue{t=0x10/d=0x3 a=-1}
W/Resources( 9854): Converting to string: TypedValue{t=0x10/d=0x3 a=-1}
I/Acms/AcmsDbProvider( 9454): Exit on create
I/System.out( 9828): Thread-22622(HTTPLog):isShipBuild true
I/Acms/AcmsDbProvider( 9454): Executed query successfully
I/System.out( 9828): Thread-22622(HTTPLog):SmartBonding Enabling is true, SHIP_BUILD is true, log to file is false, DBG is false
D/Acms/AppEntryInterface( 9454): App not found in DB Hence ignore
D/Acms/AcmsRevocationMngr( 9454): Inside scheduleAlarm
I/Acms/AcmsDbProvider( 9454): Executed query successfully
E/sdkstat ( 9828): sdkstat send error++++++java.net.UnknownHostException: Unable to resolve host "hmma.baidu.com": No address associated with hostname 
I/Acms/AppEntryInterface( 9454): No results for query : getNextScheduledEntry
I/Acms/AcmsDbProvider( 9454): Executed query successfully
I/Acms/AppEntryInterface( 9454): No results for query : getNextScheduledEntry
I/MicrophoneInputStream(16929): mic_started com.google.android.apps.gsa.speech.audio.u@42bb3400
I/HotwordWorker(16929): onReady
I/Acms/AcmsDbProvider( 9454): Executed query successfully
I/Acms/AppEntryInterface( 9454): No results for query : getNextScheduledEntry
D/Acms/AcmsRevocationMngr( 9454): gracePerioApp is null: hence ignore
D/Acms/AcmsCore( 9454): Decremented Counter Value : AcmsCoreHandler.handleMessage=>5
D/Acms/AcmsServiceMonitor( 9454): AcmsServiceMonitor.getAcmsSvcMonitor() - Enter
D/Acms/AcmsServiceMonitor( 9454): Decrementing - Counter value: 0
D/Acms/AcmsServiceMonitor( 9454): Counter value is 0: Stopping ACMS service
I/SELinux ( 9890): Function: selinux_android_load_priority , priority [2] , priority version is VE=SEPF_SM-N910F_4.4.4_A031
E/SELinux ( 9890): [DEBUG] get_category: variable seinfocat: default sensitivity: NULL, cateogry: NULL
E/dalvikvm( 9890): >>>>> Normal User
E/dalvikvm( 9890): >>>>> com.bda.pivot.mogapgp [ userId:0 | appId:10267 ]
E/SELinux ( 9890): [DEBUG] get_category: variable seinfocat: default sensitivity: NULL, cateogry: NULL
D/Acms/AcmsServiceMonitor( 9454): getSvcCounter - Counter value: 0
D/Acms/AcmsService( 9454): Enter onDestroy
I/Acms/AcmsService( 9454): cleanUp(): inside service clean up
D/Acms/AcmsCore( 9454): AcmsCore: inside DeInit
D/Acms/AcmsCore( 9454): AcmsCore: mLooperHandler is not null and making it null
D/Acms/AcmsCertificateMngr( 9454): AcmsCertificateMngr: inside cleanup
D/Acms/AcmsRevocationMngr( 9454): AcmsRevocationMngr: inside cleanup
D/Acms/KeyStoreHelper( 9454): KeyStoreHelper: inside cleanup
D/Acms/AppEntryInterface( 9454): AppEntryInterface: Inside CleanUp
D/Acms/AcmsServiceMonitor( 9454): getSvcCounter - Counter value: 0
D/Acms/AcmsService( 9454): killing acms process
I/Process ( 9454): Sending signal. PID: 9454 SIG: 9
I/dalvikvm( 9890): Enabling JNI app bug workarounds for target SDK version 9...
