D/TimaKeyStoreProvider( 9890): in addTimaSignatureService
D/TimaKeyStoreProvider( 9890): Cannot add TimaSignature Service, License check Failed
D/ActivityThread( 9890): Added TimaKesytore provider
I/SELinux ( 9903): Function: selinux_android_load_priority , priority [2] , priority version is VE=SEPF_SM-N910F_4.4.4_A031
E/SELinux ( 9903): [DEBUG] get_category: variable seinfocat: default sensitivity: NULL, cateogry: NULL
E/dalvikvm( 9903): >>>>> Normal User
E/dalvikvm( 9903): >>>>> com.domobile.applock [ userId:0 | appId:10293 ]
E/SELinux ( 9903): [DEBUG] get_category: variable seinfocat: default sensitivity: NULL, cateogry: NULL
D/TimaKeyStoreProvider( 9903): in addTimaSignatureService
D/ConnectivityManager( 9741): getActiveNetworkInfo : null
D/TimaKeyStoreProvider( 9903): Cannot add TimaSignature Service, License check Failed
D/ConnectivityManager( 9741): getActiveNetworkInfo : null
D/ActivityThread( 9903): Added TimaKesytore provider
D/ConnectivityManager( 9741): getActiveNetworkInfo : null
I/System.out( 9890): PackageInstallerListener Received :: android.intent.action.PACKAGE_REMOVED
I/System.out( 9890): PackageInstallerListener Data :: package:com.drbeef.quakegearvr
D/ConnectivityManager( 9741): getActiveNetworkInfo : null
I/SELinux ( 9917): Function: selinux_android_load_priority , priority [2] , priority version is VE=SEPF_SM-N910F_4.4.4_A031
E/SELinux ( 9917): [DEBUG] get_category: variable seinfocat: default sensitivity: NULL, cateogry: NULL
E/dalvikvm( 9917): >>>>> Normal User
E/dalvikvm( 9917): >>>>> com.oculus.horizon [ userId:0 | appId:10220 ]
E/SELinux ( 9917): [DEBUG] get_category: variable seinfocat: default sensitivity: NULL, cateogry: NULL
D/TimaKeyStoreProvider( 9917): in addTimaSignatureService
D/TimaKeyStoreProvider( 9917): Cannot add TimaSignature Service, License check Failed
D/ActivityThread( 9917): Added TimaKesytore provider
W/dalvikvm( 9903): VFY: unable to find class referenced in signature (Landroid/app/usage/UsageStatsManager;)
I/dalvikvm( 9903): Could not find method android.app.usage.UsageStatsManager.queryEvents, referenced from method com.domobile.applock.gi.a
W/dalvikvm( 9903): VFY: unable to resolve virtual method 365: Landroid/app/usage/UsageStatsManager;.queryEvents (JJ)Landroid/app/usage/UsageEvents;
D/dalvikvm( 9903): VFY: replacing opcode 0x6e at 0x000f
D/dalvikvm( 9903): DexOpt: unable to opt direct call 0x0168 at 0x15 in Lcom/domobile/applock/gi;.a
W/Settings( 9903): Setting android_id has moved from android.provider.Settings.System to android.provider.Settings.Secure, returning read-only value.
W/Settings( 9903): Setting android_id has moved from android.provider.Settings.System to android.provider.Settings.Secure, returning read-only value.
W/Settings( 9903): Setting android_id has moved from android.provider.Settings.System to android.provider.Settings.Secure, returning read-only value.
W/dalvikvm( 9903): VFY: unable to find class referenced in signature (Landroid/app/usage/UsageStatsManager;)
I/dalvikvm( 9903): Could not find method android.os.PowerManager.isInteractive, referenced from method com.domobile.applock.service.LockService.p
W/dalvikvm( 9903): VFY: unable to resolve virtual method 1356: Landroid/os/PowerManager;.isInteractive ()Z
D/dalvikvm( 9903): VFY: replacing opcode 0x6e at 0x000e
E/dalvikvm( 9903): Could not find class 'android.app.usage.UsageStatsManager', referenced from method com.domobile.applock.service.LockService.onCreate
W/dalvikvm( 9903): VFY: unable to resolve check-cast 66 (Landroid/app/usage/UsageStatsManager;) in Lcom/domobile/applock/service/LockService;
D/dalvikvm( 9903): VFY: replacing opcode 0x1f at 0x010b
D/ACRA    ( 9917): ACRA is enabled for com.oculus.horizon, intializing...
W/ResourceType( 9903): getEntry failing because entryIndex 272 is beyond type entryCount 96
W/ResourceType( 9903): Failure getting entry for 0x7f020110 (t=1 e=272) in package 0 (error -2147483647)
I/Icing   (17030): Indexing ED19122F89B5B03BF0EB7166DE6ED579DC805F1C from com.google.android.googlequicksearchbox
D/dalvikvm( 9903): GC_FOR_ALLOC freed 700K, 32% free 12592K/18412K, paused 11ms, total 11ms
I/dalvikvm-heap( 9903): Grow heap (frag case) to 31.126MB for 14745616-byte allocation
D/dalvikvm( 9903): GC_CONCURRENT freed 268K, 19% free 26724K/32816K, paused 3ms+1ms, total 18ms
I/SELinux ( 9949): Function: selinux_android_load_priority , priority [2] , priority version is VE=SEPF_SM-N910F_4.4.4_A031
E/SELinux ( 9949): [DEBUG] get_category: variable seinfocat: platform sensitivity: NULL, cateogry: NULL
E/dalvikvm( 9949): >>>>> Normal User
E/dalvikvm( 9949): >>>>> com.android.documentsui [ userId:0 | appId:10100 ]
E/SELinux ( 9949): [DEBUG] get_category: variable seinfocat: platform sensitivity: NULL, cateogry: NULL
D/ConnectivityManager(28591): getActiveNetworkInfo : null
D/ConnectivityManager(28591): getActiveNetworkInfo : null
D/ConnectivityManager(28591): getActiveNetworkInfo : null
D/TimaKeyStoreProvider( 9949): in addTimaSignatureService
D/TimaKeyStoreProvider( 9949): Cannot add TimaSignature Service, License check Failed
D/ActivityThread( 9949): Added TimaKesytore provider
E/LibraryDBCacheUpdaterService( 9917): Trying to update non existing cache entry for package: com.drbeef.quakegearvr with action: update_entry_to_not_downloaded.
D/Documents( 9949): Loading roots for com.android.externalstorage.documents
D/dalvikvm(17030): GC_EXPLICIT freed 1563K, 38% free 11564K/18412K, paused 9ms+4ms, total 69ms
I/Icing   (17030): Indexing done ED19122F89B5B03BF0EB7166DE6ED579DC805F1C
W/ResourceType( 9903): getEntry failing because entryIndex 272 is beyond type entryCount 96
W/ResourceType( 9903): Failure getting entry for 0x7f020110 (t=1 e=272) in package 0 (error -2147483647)
I/SELinux ( 9964): Function: selinux_android_load_priority , priority [2] , priority version is VE=SEPF_SM-N910F_4.4.4_A031
E/SELinux ( 9964): [DEBUG] get_category: variable seinfocat: platform sensitivity: NULL, cateogry: NULL
E/dalvikvm( 9964): >>>>> Normal User
E/dalvikvm( 9964): >>>>> com.android.externalstorage [ userId:0 | appId:10010 ]
E/SELinux ( 9964): [DEBUG] get_category: variable seinfocat: platform sensitivity: NULL, cateogry: NULL
D/TimaKeyStoreProvider( 9964): in addTimaSignatureService
D/TimaKeyStoreProvider( 9964): Cannot add TimaSignature Service, License check Failed
D/ActivityThread( 9964): Added TimaKesytore provider
I/SELinux ( 9976): Function: selinux_android_load_priority , priority [2] , priority version is VE=SEPF_SM-N910F_4.4.4_A031
E/SELinux ( 9976): [DEBUG] get_category: variable seinfocat: default sensitivity: NULL, cateogry: NULL
E/dalvikvm( 9976): >>>>> Normal User
E/dalvikvm( 9976): >>>>> com.facebook.system [ userId:0 | appId:10011 ]
E/SELinux ( 9976): [DEBUG] get_category: variable seinfocat: default sensitivity: NULL, cateogry: NULL
D/TimaKeyStoreProvider( 9976): in addTimaSignatureService
D/TimaKeyStoreProvider( 9976): Cannot add TimaSignature Service, License check Failed
D/ActivityThread( 9976): Added TimaKesytore provider
D/ExternalStorage( 9964): After updating volumes, found 2 active roots
D/Documents( 9949): Updating roots due to change at content://com.android.externalstorage.documents/root
D/Documents( 9949): Loading roots for com.android.providers.downloads.documents
D/Documents( 9949): Loading roots for com.android.providers.media.documents
D/ConnectivityManager(18301): getActiveNetworkInfo : null
D/Finsky  (18301): [1] PackageVerificationReceiver.checkPrerequisites: Skipping verification because network inactive
D/Widget  ( 9538): onReceive com.sec.android.snote.widget.ACTION_NOTE_UPDATE
D/Documents( 9949): Loading roots for com.google.android.apps.docs.storage
D/Widget  ( 9538): onReceive android.appwidget.action.APPWIDGET_UPDATE
D/Widget  ( 9538): widgetUpdate 4
D/RCPManagerService(  976): exchangeData() failure , invalid userId
D/GCM     ( 1572): GcmService start Intent { act=com.google.android.gms.INITIALIZE flg=0x10 pkg=com.google.android.gms cmp=com.google.android.gms/.gcm.GcmService } com.google.android.gms.INITIALIZE
D/AuthorizationBluetoothService( 1572): Received GmsCore event: Intent { act=com.google.android.gms.INITIALIZE flg=0x10 pkg=com.google.android.gms cmp=com.google.android.gms/.auth.be.proximity.authorization.bt.AuthorizationBluetoothService$AutoStarter }.
E/AuthorizationBluetoothService( 1572): Proximity feature is not enabled.
V/GmsCoreStatsServiceLauncher(17030): Received broadcast intent Intent { act=com.google.android.gms.INITIALIZE flg=0x10 pkg=com.google.android.gms cmp=com.google.android.gms/.common.stats.GmsCoreStatsServiceLauncher }
D/LocationInitializer(17030): Restart initialization of location
D/Documents( 9949): Update found 8 roots in 160ms
D/Documents( 9949): Loading roots for com.android.externalstorage.documents
I/dalvikvm( 9620): Could not find method android.os.UserManager.getUserProfiles, referenced from method com.google.android.gms.wearable.service.n.a
W/dalvikvm( 9620): VFY: unable to resolve virtual method 1402: Landroid/os/UserManager;.getUserProfiles ()Ljava/util/List;
D/dalvikvm( 9620): VFY: replacing opcode 0x6e at 0x003f
D/WearableService( 9620): callingUid 10015, callindPid: 9620
E/dalvikvm( 9620): Could not find class 'android.telecom.TelecomManager', referenced from method com.google.android.gms.wearable.service.y.a
W/dalvikvm( 9620): VFY: unable to resolve check-cast 869 (Landroid/telecom/TelecomManager;) in Lcom/google/android/gms/wearable/service/y;
D/dalvikvm( 9620): VFY: replacing opcode 0x1f at 0x0054
W/dalvikvm( 9620): VFY: unable to find class referenced in signature (Landroid/telecom/TelecomManager;)
I/VerificationService( 9230): verificationId{54} request received.
I/dalvikvm( 9620): Could not find method android.content.pm.PackageManager.getPackageInstaller, referenced from method com.google.android.gms.common.kf.a
W/dalvikvm( 9620): VFY: unable to resolve virtual method 460: Landroid/content/pm/PackageManager;.getPackageInstaller ()Landroid/content/pm/PackageInstaller;
D/dalvikvm( 9620): VFY: replacing opcode 0x6e at 0x000d
I/dalvikvm( 9620): Could not find method android.app.Notification$Builder.setLocalOnly, referenced from method com.google.android.gms.common.kf.b
W/dalvikvm( 9620): VFY: unable to resolve virtual method 166: Landroid/app/Notification$Builder;.setLocalOnly (Z)Landroid/app/Notification$Builder;
D/dalvikvm( 9620): VFY: replacing opcode 0x6e at 0x0201
E/MDM     ( 1465): [84] b.run: Couldn't connect to Google API client: ConnectionResult{statusCode=API_UNAVAILABLE, resolution=null}
D/ApplicationPolicy(  976): isApplicationInstallationEnabled
D/ApplicationPolicy(  976): isApplicationInstallationEnabled :  Checking PKG WL - false
D/ApplicationPolicy(  976): isApplicationInstallationEnabled :  Checking PKG BL - true
D/ApplicationPolicy(  976): isApplicationInstallationEnabled :  Checking PERM BL - true
D/ApplicationPolicy(  976): isApplicationInstallationEnabled :  Checking SIG BL - true
D/ApplicationPolicy(  976): isApplicationInstallationEnabled :  Checking PKG WL - false
D/ApplicationPolicy(  976): isApplicationInstallationEnabled :  Checking PKG BL - true
D/ApplicationPolicy(  976): isApplicationInstallationEnabled :  Checking PERM BL - true
D/ApplicationPolicy(  976): isApplicationInstallationEnabled :  Checking SIG BL - true
D/ApplicationPolicy(  976): isApplicationInstallationEnabled :  enabled true
D/ConnectivityManager(18301): getActiveNetworkInfo : null
D/Finsky  (18301): [1] PackageVerificationReceiver.checkPrerequisites: Skipping verification because network inactive
E/SELinux (  339): [DEBUG] get_category: variable seinfocat: default sensitivity: NULL, cateogry: NULL
E/SELinux (  339): [DEBUG] selinux_android_setfilecon2: pkgdir: /data/data/com.drbeef.quakegearvr
E/SELinux (  339): [DEBUG] selinux_android_setfilecon2: temp_ctx: u:object_r:app_data_file:s0
E/SELinux (  339): [DEBUG] get_category: variable seinfocat: default sensitivity: NULL, cateogry: NULL
E/SELinux (  339): [DEBUG] selinux_android_setfilecon2: pkgdir: /data/data/com.drbeef.quakegearvr/lib
E/SELinux (  339): [DEBUG] selinux_android_setfilecon2: temp_ctx: u:object_r:app_data_file:s0
E/installd(  339): creating libsymlink '/data/data/com.drbeef.quakegearvr/lib'
D/installd(  339): linklib libsymlink '/data/data/com.drbeef.quakegearvr/lib' > '/data/app-lib/com.drbeef.quakegearvr-1' '0'
I/SELinux (  339): selinux_android_setcategory: no category for userid: 0, path: /data/data/com.drbeef.quakegearvr/lib 
D/dalvikvm(  976): GC_EXPLICIT freed 4351K, 45% free 63095K/113696K, paused 4ms+23ms, total 274ms
D/PackageManager(  976): checkUidPermission - Execution time: 146 ms
D/PackageManager(  976): getApplicationInfo - Execution time: 145 ms
D/PackageManager(  976): checkUidPermission - Execution time: 150 ms
D/Documents( 9949): Used cached roots for com.android.providers.downloads.documents
D/Documents( 9949): Used cached roots for com.android.providers.media.documents
D/Documents( 9949): Used cached roots for com.google.android.apps.docs.storage
D/Documents( 9949): Update found 8 roots in 356ms
D/PackageManager(  976): checkUidPermission - Execution time: 103 ms
D/PackageManager(  976): checkUidPermission - Execution time: 106 ms
I/PackageManager(  976):   Action: "android.intent.action.SENDTO"
I/PackageManager(  976):   Category: "android.intent.category.DEFAULT"
I/PackageManager(  976):   Scheme: "sms"
I/PackageManager(  976):   Action: "android.intent.action.SENDTO"
I/PackageManager(  976):   Category: "android.intent.category.DEFAULT"
I/PackageManager(  976):   Scheme: "smsto"
I/PackageManager(  976):   Action: "android.intent.action.SENDTO"
I/PackageManager(  976):   Category: "android.intent.category.DEFAULT"
I/PackageManager(  976):   Scheme: "mms"
I/PackageManager(  976):   Action: "android.intent.action.SENDTO"
I/PackageManager(  976):   Category: "android.intent.category.DEFAULT"
I/PackageManager(  976):   Scheme: "mmsto"
I/HarmonyEASService(  976): Updating for all 1
I/InputReader(  976): Reconfiguring input devices.  changes=0x00000010
I/MultiWindowTrayService( 8034): mPkgManagerReceiver : onReceive
D/Launcher.Workspace( 8267): 11683562 - removeExtraEmptyScreen()
D/Launcher.Workspace( 8267): 11683562 - convertFinalScreenToEmptyScreenIfNecessary()
I/PackageManager(  976):   Action: "android.intent.action.SENDTO"
I/PackageManager(  976):   Category: "android.intent.category.DEFAULT"
I/PackageManager(  976):   Scheme: "sms"
D/WallpaperManager( 8267): SEC_PRODUCT_FEATURE_COMMON_ENABLE_TEXTURE_COMPRESSION is true
I/SELinux (10003): Function: selinux_android_load_priority , priority [2] , priority version is VE=SEPF_SM-N910F_4.4.4_A031
E/SELinux (10003): [DEBUG] get_category: variable seinfocat: platform sensitivity: NULL, cateogry: NULL
E/dalvikvm(10003): >>>>> Normal User
E/dalvikvm(10003): >>>>> com.samsung.android.app.vrsetupwizardstub [ userId:0 | appId:10064 ]
E/SELinux (10003): [DEBUG] get_category: variable seinfocat: platform sensitivity: NULL, cateogry: NULL
D/WallpaperManager( 8267): SEC_PRODUCT_FEATURE_COMMON_ENABLE_TEXTURE_COMPRESSION is true
D/WallpaperManager( 8267): SEC_PRODUCT_FEATURE_COMMON_ENABLE_TEXTURE_COMPRESSION is true
D/WallpaperManager( 8267): SEC_PRODUCT_FEATURE_COMMON_ENABLE_TEXTURE_COMPRESSION is true
D/WallpaperManager( 8267): SEC_PRODUCT_FEATURE_COMMON_ENABLE_TEXTURE_COMPRESSION is true
I/PackageManager(  976):   Action: "android.intent.action.SENDTO"
I/PackageManager(  976):   Category: "android.intent.category.DEFAULT"
I/PackageManager(  976):   Scheme: "smsto"
W/ResourceType(17849): getEntry failing because entryIndex 1339 is beyond type entryCount 693
W/ResourceType(17849): Failure getting entry for 0x7f02053b (t=1 e=1339) in package 0 (error -2147483647)
W/ResourceType(17849): getEntry failing because entryIndex 1339 is beyond type entryCount 693
W/ResourceType(17849): Failure getting entry for 0x7f02053b (t=1 e=1339) in package 0 (error -2147483647)
D/TimaKeyStoreProvider(10003): in addTimaSignatureService
D/TimaKeyStoreProvider(10003): Cannot add TimaSignature Service, License check Failed
D/ActivityThread(10003): Added TimaKesytore provider
D/Documents( 9949): Used cached roots for com.android.externalstorage.documents
D/Documents( 9949): Used cached roots for com.android.providers.downloads.documents
I/PackageManager(  976):   Action: "android.intent.action.SENDTO"
I/PackageManager(  976):   Category: "android.intent.category.DEFAULT"
I/PackageManager(  976):   Scheme: "mms"
D/Documents( 9949): Used cached roots for com.android.providers.media.documents
D/Documents( 9949): Used cached roots for com.google.android.apps.docs.storage
D/Documents( 9949): Update found 8 roots in 45ms
I/MultiWindowTrayInfo( 8034): android.intent.action.PACKAGE_ADDED
W/ResourceType(17849): getEntry failing because entryIndex 2525 is beyond type entryCount 693
W/ResourceType(17849): Failure getting entry for 0x7f0209dd (t=1 e=2525) in package 0 (error -2147483647)
W/ResourceType(17849): getEntry failing because entryIndex 2627 is beyond type entryCount 693
W/ResourceType(17849): Failure getting entry for 0x7f020a43 (t=1 e=2627) in package 0 (error -2147483647)
I/PackageManager(  976):   Action: "android.intent.action.SENDTO"
I/PackageManager(  976):   Category: "android.intent.category.DEFAULT"
I/PackageManager(  976):   Scheme: "mmsto"
I/MultiWindowTrayInfo( 8034): android.intent.action.PACKAGE_ADDED
D/RegisteredServicesCache( 1514): empty dynamic service
D/AidRoutingManager( 1514): commitRouting
D/VRSetupWizardStub/PackageIntentReceiver(10003): onReceive()
D/VRSetupWizardStub/PackageIntentReceiver(10003): ACTION_PACKAGE_ADDED
I/MultiWindowTrayInfo( 8034): android.intent.action.PACKAGE_ADDED
I/SELinux (10016): Function: selinux_android_load_priority , priority [2] , priority version is VE=SEPF_SM-N910F_4.4.4_A031
E/SELinux (10016): [DEBUG] get_category: variable seinfocat: platform sensitivity: NULL, cateogry: NULL
E/dalvikvm(10016): >>>>> Normal User
E/dalvikvm(10016): >>>>> com.samsung.android.app.vrsetupwizard [ userId:0 | appId:10217 ]
I/PackageManager(  976):   Action: "android.intent.action.SENDTO"
I/PackageManager(  976):   Category: "android.intent.category.DEFAULT"
I/PackageManager(  976):   Scheme: "sms"
E/SELinux (10016): [DEBUG] get_category: variable seinfocat: platform sensitivity: NULL, cateogry: NULL
D/TimaKeyStoreProvider(10016): in addTimaSignatureService
D/TimaKeyStoreProvider(10016): Cannot add TimaSignature Service, License check Failed
D/ActivityThread(10016): Added TimaKesytore provider
I/PackageManager(  976):   Action: "android.intent.action.SENDTO"
I/PackageManager(  976):   Category: "android.intent.category.DEFAULT"
I/PackageManager(  976):   Scheme: "smsto"
I/PackageManager(  976):   Action: "android.intent.action.SENDTO"
I/PackageManager(  976):   Category: "android.intent.category.DEFAULT"
I/PackageManager(  976):   Scheme: "mms"
I/PackageManager(  976):   Action: "android.intent.action.SENDTO"
I/PackageManager(  976):   Category: "android.intent.category.DEFAULT"
I/PackageManager(  976):   Scheme: "mmsto"
D/RCPManagerService(  976): PackageReceiver onReceive()
D/RCPManagerService(  976): App Installed with packageNAme = com.drbeef.quakegearvr
D/RCPManagerService(  976):  PackageReceiver onReceive() bundle Bundle[{com.samsung.android.vr.application.mode=vr_only}]
D/RCPManagerService(  976):  PackageReceiver onReceive() proxyName null proxyService null
D/KnoxMUMContainerPolicy(  976): mPackageReceiver : action - android.intent.action.PACKAGE_ADDED
D/VRSetupWizard/PackageIntentReceiver(10016): onReceive()
D/VRSetupWizard/PackageIntentReceiver(10016): action : android.intent.action.PACKAGE_ADDED
D/VRSetupWizard/PackageIntentReceiver(10016): ACTION_PACKAGE_ADDED
D/dalvikvm( 1514): GC_CONCURRENT freed 2656K, 49% free 9398K/18412K, paused 1ms+1ms, total 16ms
V/EnterpriseBillingPolicy(  976): packageModificationReceiver - onreceive - start - android.intent.action.PACKAGE_ADDED
V/EnterpriseBillingPolicy(  976): uID is 10358
V/EnterpriseBillingPolicy(  976): Removed Packageuid is0
V/EnterpriseBillingPolicyStorage(  976): getProfileForApplication - enter
V/EnterpriseBillingPolicyStorage(  976): getProfileForApplication - exit null
V/EnterpriseBillingPolicy(  976): packageModificationReceiver - onreceive - personal application - profile null
V/EnterpriseBillingPolicy(  976): packageModificationReceiver - onreceive - might be a vpn vendor package 
V/EnterpriseBillingPolicyStorage(  976): getBillingProfileForVpnEngine - start - com.drbeef.quakegearvr
V/EnterpriseBillingPolicyStorage(  976): getBillingProfileForVpnEngine - end - null
D/PersonaPolicyManagerService(  976): PersonaPolicyReceiver Receiver : android.intent.action.PACKAGE_ADDED
I/SELinux (10029): Function: selinux_android_load_priority , priority [2] , priority version is VE=SEPF_SM-N910F_4.4.4_A031
E/SELinux (10029): [DEBUG] get_category: variable seinfocat: platform sensitivity: NULL, cateogry: NULL
E/dalvikvm(10029): >>>>> Normal User
E/dalvikvm(10029): >>>>> com.sec.android.inputmethod [ userId:0 | appId:1000 ]
E/SELinux (10029): [DEBUG] get_category: variable seinfocat: platform sensitivity: NULL, cateogry: NULL
D/TimaKeyStoreProvider(10029): in addTimaSignatureService
D/TimaKeyStoreProvider(10029): Cannot add TimaSignature Service, License check Failed
D/ActivityThread(10029): Added TimaKesytore provider
D/EnterpriseDeviceManagerService(  976): Package has changed for user 0
D/EnterpriseDeviceManagerService(  976): Admin package name: com.google.android.gms
D/KnoxMUMContainerPolicy(  976): packageInstalledForExternalStorage com.drbeef.quakegearvr
W/Resources(  976): Converting to string: TypedValue{t=0x12/d=0xffffffff a=-1}
W/Resources(  976): Converting to string: TypedValue{t=0x12/d=0xffffffff a=-1}
W/Resources(  976): Converting to string: TypedValue{t=0x12/d=0xffffffff a=-1}
E/SamsungIME(10029): InputManagerImpl.getInstance() == null
W/AmazonAppstore.AppManagerAndroidPackageDelegate(17571): Unable to determine asin for package com.drbeef.quakegearvr.  Skipping metadata update.
W/Resources(  976): Converting to string: TypedValue{t=0x12/d=0xffffffff a=-1}
W/Resources(  976): Converting to string: TypedValue{t=0x12/d=0xffffffff a=-1}
W/Resources(  976): Converting to string: TypedValue{t=0x12/d=0xffffffff a=-1}
W/Resources(  976): Converting to string: TypedValue{t=0x12/d=0xffffffff a=-1}
I/HomeSyncInstallReceiver( 1514): This pkg do not need BT addr. Do nothing
W/Resources(  976): Converting to string: TypedValue{t=0x12/d=0xffffffff a=-1}
I/SELinux (10043): Function: selinux_android_load_priority , priority [2] , priority version is VE=SEPF_SM-N910F_4.4.4_A031
E/SELinux (10043): [DEBUG] get_category: variable seinfocat: untrusted sensitivity: NULL, cateogry: NULL
E/dalvikvm(10043): >>>>> Normal User
E/dalvikvm(10043): >>>>> com.google.android.partnersetup [ userId:0 | appId:10018 ]
E/SELinux (10043): [DEBUG] get_category: variable seinfocat: untrusted sensitivity: NULL, cateogry: NULL
D/dalvikvm(  334): GC_EXPLICIT freed 46K, 55% free 8420K/18412K, paused 1ms+1ms, total 12ms
D/dalvikvm(  334): GC_EXPLICIT freed <1K, 55% free 8420K/18412K, paused 1ms+1ms, total 11ms
D/TimaKeyStoreProvider(10043): in addTimaSignatureService
D/dalvikvm(  334): GC_EXPLICIT freed <1K, 55% free 8420K/18412K, paused 1ms+0ms, total 11ms
D/TimaKeyStoreProvider(10043): Cannot add TimaSignature Service, License check Failed
D/ActivityThread(10043): Added TimaKesytore provider
W/Resources(  976): Converting to string: TypedValue{t=0x12/d=0xffffffff a=-1}
W/Resources(  976): Converting to string: TypedValue{t=0x12/d=0xffffffff a=-1}
I/SELinux (10058): Function: selinux_android_load_priority , priority [2] , priority version is VE=SEPF_SM-N910F_4.4.4_A031
E/SELinux (10058): [DEBUG] get_category: variable seinfocat: platform sensitivity: NULL, cateogry: NULL
E/dalvikvm(10058): >>>>> Normal User
E/dalvikvm(10058): >>>>> com.sec.pcw.device [ userId:0 | appId:1000 ]
E/SELinux (10058): [DEBUG] get_category: variable seinfocat: platform sensitivity: NULL, cateogry: NULL
W/ResourceType(  976): Failure getting entry for 0x7f07007b (t=6 e=123) in package 0 (error -75)
I/dalvikvm(10058): Enabling JNI app bug workarounds for target SDK version 9...
D/TimaKeyStoreProvider(10058): in addTimaSignatureService
D/TimaKeyStoreProvider(10058): Cannot add TimaSignature Service, License check Failed
D/ActivityThread(10058): Added TimaKesytore provider
I/PCWCLIENTTRACE_LOG(10058): DEFAULT_LOGON : true
I/PCWCLIENTTRACE_LOG(10058): DEFAULT_LOGLEVEL : 3
I/PCWCLIENTTRACE_DMDBOpenHelper(10058): new DMDBOpenHelper instance
D/dalvikvm(  976): GC_EXPLICIT freed 3509K, 45% free 63097K/113696K, paused 3ms+34ms, total 664ms
W/Resources(  976): Converting to string: TypedValue{t=0x12/d=0xffffffff a=-1}
D/AndroidRuntime( 9285): Shutting down VM
I/PCWCLIENTTRACE_PushUtil(10058): SPPPushClient is installed : true
I/PCWCLIENTTRACE_PushUtil(10058): sales region : global
I/PCWCLIENTTRACE_PushUtil(10058): getPushTypeList : [SPP, GCM]
I/PCWCLIENTTRACE_SYSTEMReceiver(10058): [onReceive] - android.intent.action.PACKAGE_ADDED
D/dalvikvm( 9285): GC_CONCURRENT freed 98K, 13% free 680K/780K, paused 1ms+0ms, total 2ms
I/RelayReceiver_PinBoard(29628): onReceive... android.intent.action.PACKAGE_ADDED
E/JavaBinder(  976): !!! FAILED BINDER TRANSACTION !!!
I/RelayService_PinBoard(29628): RelayService Started!! : android.intent.action.PACKAGE_ADDED
I/SELinux (10071): Function: selinux_android_load_priority , priority [2] , priority version is VE=SEPF_SM-N910F_4.4.4_A031
E/SELinux (10071): [DEBUG] get_category: variable seinfocat: platform sensitivity: NULL, cateogry: NULL
E/dalvikvm(10071): >>>>> Normal User
E/dalvikvm(10071): >>>>> com.samsung.android.app.galaxyfinder [ userId:0 | appId:10040 ]
E/SELinux (10071): [DEBUG] get_category: variable seinfocat: platform sensitivity: NULL, cateogry: NULL
W/Resources(  976): Converting to string: TypedValue{t=0x12/d=0xffffffff a=-1}
W/Resources(  976): Converting to string: TypedValue{t=0x12/d=0xffffffff a=-1}
W/Resources(  976): Converting to string: TypedValue{t=0x12/d=0x0 a=-1}
W/Resources(  976): Converting to string: TypedValue{t=0x12/d=0xffffffff a=-1}
D/TimaKeyStoreProvider(10071): in addTimaSignatureService
W/Resources(  976): Converting to string: TypedValue{t=0x12/d=0xffffffff a=-1}
W/Resources(  976): Converting to string: TypedValue{t=0x12/d=0x0 a=-1}
D/TimaKeyStoreProvider(10071): Cannot add TimaSignature Service, License check Failed
D/ActivityThread(10071): Added TimaKesytore provider
W/Resources(  976): Converting to string: TypedValue{t=0x12/d=0xffffffff a=-1}
W/Resources(  976): Converting to string: TypedValue{t=0x12/d=0x0 a=-1}
I/CrashAnrDetector(  976): onPackageAdded : com.drbeef.quakegearvr
W/GalaxyFinderApplication(10071): system/finder_cp/cpdata.xml file not found
E/JavaBinder(  976): !!! FAILED BINDER TRANSACTION !!!
I/SELinux (10087): Function: selinux_android_load_priority , priority [2] , priority version is VE=SEPF_SM-N910F_4.4.4_A031
E/SELinux (10087): [DEBUG] get_category: variable seinfocat: platform sensitivity: NULL, cateogry: NULL
E/dalvikvm(10087): >>>>> Normal User
E/dalvikvm(10087): >>>>> com.sec.android.gallery3d [ userId:0 | appId:10054 ]
E/SELinux (10087): [DEBUG] get_category: variable seinfocat: platform sensitivity: NULL, cateogry: NULL
D/TimaKeyStoreProvider(10087): in addTimaSignatureService
D/TimaKeyStoreProvider(10087): Cannot add TimaSignature Service, License check Failed
D/ActivityThread(10087): Added TimaKesytore provider
E/SensorService(  976): Permission Denial : SEC Private Sensor  25 
E/SensorService(  976): Permission Denial : SEC Private Sensor  26 
I/SELinux (10101): Function: selinux_android_load_priority , priority [2] , priority version is VE=SEPF_SM-N910F_4.4.4_A031
E/SELinux (10101): [DEBUG] get_category: variable seinfocat: platform sensitivity: NULL, cateogry: NULL
E/dalvikvm(10101): >>>>> Normal User
E/dalvikvm(10101): >>>>> com.sec.android.cloudagent [ userId:0 | appId:10002 ]
E/SELinux (10101): [DEBUG] get_category: variable seinfocat: platform sensitivity: NULL, cateogry: NULL
D/TimaKeyStoreProvider(10101): in addTimaSignatureService
D/TimaKeyStoreProvider(10101): Cannot add TimaSignature Service, License check Failed
D/ActivityThread(10101): Added TimaKesytore provider
D/ConnectivityManager(10101): getActiveNetworkInfo : null
D/Spen    (10087): SpenSdk version level = 55
D/Spen    (10087): SpenSdk jar version = 3.0.95
D/Spen    (10087): SpenSdk apk version = 3.0.191
D/Spen    (10087): Server UPDATE Check
W/linker  (10087): libSPenBase.so has text relocations. This is wasting memory and is a security risk. Please fix.
D/SPenError(10087): JNI_OnLoad
D/JNI_Bitmap(10087): Init .. Done
D/SPenSpiDecoder(10087): JNI_OnLoad .. Done
D/SPenError(10087): JNI_OnLoad Success
D/PluginManager(10087): Registering com/samsung/android/sdk/pen/plugin/framework/JniPluginManager natives
D/PluginManager(10087): Registering com/samsung/android/sdk/pen/plugin/framework/SpenPluginManager$PluginListener natives
D/Init_SPenSdk_Jni(10087): JNI_OnLoad
D/Init_SPenSdk_Jni(10087): JNI_OnLoad .. Done
D/Model_ObjectBase_Jni(10087): JNI_OnLoad .. Done
D/Model_ObjectStroke_Jni(10087): JNI_OnLoad .. Done
D/Model_ObjectImage_Jni(10087): JNI_OnLoad .. Done
D/Model_ObjectText_Jni(10087): JNI_OnLoad .. Done
D/Model_ObjectContainer_Jni(10087): JNI_OnLoad .. Done
D/Model_PageDoc_Jni(10087): JNI_OnLoad .. Done
D/Model_NoteDoc_Jni(10087): check build type eng[0]
D/Model_NoteDoc_Jni(10087): JNI_OnLoad .. Done
D/Model_NoteFile_Jni(10087): JNI_OnLoad .. Done
D/Model_ObjectUtil_Jni(10087): JNI_OnLoad .. Done
D/Model   (10087): OnLoad class Done
D/dalvikvm(10087): No JNI_OnLoad found in /system/lib/libSPenSkia.so 0x42916ae8, skipping init
D/SPen_Library(10087): Draw Engine JNI_OnLoad enter!!
D/SPen_Library(10087): Canvas JNI_OnLoad enter!!
D/SPen_Library(10087): Canvas JNI_OnLoad Success
D/SPen_Library(10087): TextView JNI_OnLoad enter!!
D/SPen_Library(10087): TextView JNI_OnLoad Success
D/SPen_Library(10087): Text JNI_OnLoad enter!!
D/SPen_Library(10087): Text JNI_OnLoad Success
D/SPen_Library(10087): FontManager JNI_OnLoad enter!!
D/SPen_Library(10087): FontManager JNI_OnLoad Success
D/SPen_Library(10087): CapturePage JNI_OnLoad enter!!
D/SPen_Library(10087): CapturePage JNI_OnLoad Success
D/SPen_Library(10087): Multi JNI_OnLoad enter!!
D/SPen_Library(10087): Multi JNI_OnLoad Success
D/SPen_Library(10087): Draw Engine JNI_OnLoad Success
D/SPen_Library(10087): Brush JNI_OnLoad enter!!
D/SPen_Library(10087): Brush JNI_OnLoad Success
D/SPen_Library(10087): ChineseBrush JNI_OnLoad enter!!
D/SPen_Library(10087): ChineseBrush JNI_OnLoad Success
D/SPen_Library(10087): InkPen JNI_OnLoad enter!!
D/SPen_Library(10087): InkPen JNI_OnLoad Success
D/SPen_Library(10087): Marker JNI_OnLoad enter!!
D/SPen_Library(10087): Marker JNI_OnLoad Success
D/SPen_Library(10087): Pencil JNI_OnLoad enter!!
D/SPen_Library(10087): Pencil JNI_OnLoad Success
D/SPen_Library(10087): NativePen JNI_OnLoad enter!!
D/SPen_Library(10087): NativePen JNI_OnLoad Success
D/SPen_Library(10087): MontblancFountainPen JNI_OnLoad enter!!
D/SPen_Library(10087): MontblancFountainPen JNI_OnLoad Success
D/SPen_Library(10087): MontblancCalligraphyPen JNI_OnLoad enter!!
D/SPen_Library(10087): MontblancCalligraphyPen JNI_OnLoad Success
D/SPen_Library(10087): MagicPen JNI_OnLoad enter!!
D/SPen_Library(10087): MagicPen JNI_OnLoad Success
D/SPen_Library(10087): ObliquePen JNI_OnLoad enter!!
D/SPen_Library(10087): ObliquePen JNI_OnLoad Success
D/SPen_Library(10087): FountainPen JNI_OnLoad enter!!
D/SPen_Library(10087): FountainPen JNI_OnLoad Success
W/linker  (10087): libSPenHSV.so has text relocations. This is wasting memory and is a security risk. Please fix.
D/dalvikvm(10087): No JNI_OnLoad found in /system/lib/libSPenHSV.so 0x42916ae8, skipping init
D/dalvikvm(10087): No JNI_OnLoad found in /system/lib/libSPenVIRecognition.so 0x42916ae8, skipping init
W/linker  (10087): libSPenVITextAll.so has text relocations. This is wasting memory and is a security risk. Please fix.
D/dalvikvm(10087): No JNI_OnLoad found in /system/lib/libSPenVITextAll.so 0x42916ae8, skipping init
D/Spen    (10087): SpenSdk Libraries are loaded.
D/Init_SPenSdk_Jni(10087): SPenSdk_init2
D/Init_SPenSdk(10087): Init - screen_width = 1440, screen_height = 2560, maxCacheSize = 5 M
D/Init_SPenSdk(10087): Total S Pen SDK Directory Size = 0
D/Spen    (10087): initialize complete
D/AndroidRuntime(10099): 
D/AndroidRuntime(10099): >>>>>> AndroidRuntime START com.android.internal.os.RuntimeInit <<<<<<
D/AndroidRuntime(10099): CheckJNI is OFF
D/AndroidRuntime(10099): setted country_code = ITALY
D/AndroidRuntime(10099): setted countryiso_code = IT
D/AndroidRuntime(10099): setted sales_code = ITV
D/AndroidRuntime(10099): readGMSProperty: start
D/AndroidRuntime(10099): readGMSProperty: already setted!!
D/AndroidRuntime(10099): readGMSProperty: end
D/AndroidRuntime(10099): addProductProperty: start
D/NearbySource(10087): Nearby Source Create!
D/dalvikvm(10099): Trying to load lib libjavacore.so 0x0
D/NearbyContext(10087): Nearby Context Create!
D/dalvikvm(10099): Added shared lib libjavacore.so 0x0
D/dalvikvm(10099): Trying to load lib libnativehelper.so 0x0
D/dalvikvm(10099): Added shared lib libnativehelper.so 0x0
D/dalvikvm(10099): No JNI_OnLoad found in libnativehelper.so 0x0, skipping init
D/SLinkSource(10087): Samsung link source created
D/SLinkClient(10087): query devices()
I/SLinkClient(10087): queryDevices : cursor.getCount() = [ 0 ]
D/SLinkClient(10087): onStorageUpdated(), uri = [ slink://slink ]
I/GAV3    ( 9520): Thread[GAThread,5,main]: No campaign data found.
D/ContactProvider(10087): getAllContactInfoList Start
D/dalvikvm(10099): Note: class Landroid/app/ActivityManagerNative; has 194 unimplemented (abstract) methods
D/Mms/FreeMessageReceiver( 9319): onReceive, action : android.intent.action.PACKAGE_ADDED
D/Mms/FreeMessageReceiverService( 9319): onHandleIntent, action : android.intent.action.PACKAGE_ADDED
D/Mms/FreeMessageReceiverService( 9319): onHandleIntent: ACTION_PACKAGE_ADDED
I/SELinux (10130): Function: selinux_android_load_priority , priority [2] , priority version is VE=SEPF_SM-N910F_4.4.4_A031
E/SELinux (10130): [DEBUG] get_category: variable seinfocat: platform sensitivity: NULL, cateogry: NULL
E/dalvikvm(10130): >>>>> Normal User
E/dalvikvm(10130): >>>>> com.sec.android.app.myfiles [ userId:0 | appId:10057 ]
E/SELinux (10130): [DEBUG] get_category: variable seinfocat: platform sensitivity: NULL, cateogry: NULL
D/AndroidRuntime(10099): Calling main entry com.android.commands.am.Am
D/TimaKeyStoreProvider(10130): in addTimaSignatureService
D/TimaKeyStoreProvider(10130): Cannot add TimaSignature Service, License check Failed
D/ActivityThread(10130): Added TimaKesytore provider
D/MyFiles (10130): MyFilesReceiver::Received the android.intent.action.PACKAGE_ADDED
I/TactileAssist(  976): enable value -1
I/TactileAssist(  976): internal enable value -1
I/TactileAssist(  976): intensity value -1
I/TactileAssist(  976): saveAppList value true
E/installd(  339): system dir 0 : /system/app/
E/installd(  339): system dir 1 : /vendor/app/
I/person  (10087): thread: 22662, name = 
I/person  (10087): thread: 22662, id = 
I/person  (10087): thread: 22662, key = 
V/ApplicationPolicy(  976): isApplicationStateBlocked userId 0 pkgname com.drbeef.quakegearvr
I/TactileAssist(  976): List of disabled apps :
I/TactileAssist(  976): com.valvesoftware.android.steam.community
I/TactileAssist(  976): com.opera.browser
I/TactileAssist(  976): com.centrica.android.britishgas
I/TactileAssist(  976): com.shoogee.quake2
I/TactileAssist(  976): com.ebay.mobile
I/TactileAssist(  976): com.google.android.GoogleCamera
I/TactileAssist(  976): com.imdb.mobile
I/TactileAssist(  976): com.keramidas.TitaniumBackup
I/TactileAssist(  976): com.google.android.inputmethod.latin
I/TactileAssist(  976): org.videolan.vlc
I/TactileAssist(  976): com.twitter.android
D/AndroidRuntime(10099): Shutting down VM
D/ContactProvider(10087): getAllContactInfoList End
I/syncContacts(10087): thread: 22662, sync time = 145
D/dalvikvm(10099): GC_CONCURRENT freed 98K, 13% free 721K/824K, paused 1ms+0ms, total 2ms
I/TactileAssist(  976): com.estrongs.android.pop
I/TactileAssist(  976): com.domobile.applock
I/SurfaceFlinger(  332): id=3556 createSurf (1x1),1 flag=404, ruakegearvr
I/TactileAssist(  976): com.microsoft.office.lync15
I/TactileAssist(  976): co.supersoul.daydreamblue
I/TactileAssist(  976): paulscode.android.mupen64plus.free
I/TactileAssist(  976): com.mxtech.videoplayer.pro
I/TactileAssist(  976): bbc.mobile.news.uk
D/KeyguardUpdateMonitor( 1259): sendKeyguardVisibilityChanged(true)
I/KeyguardUpdateMonitor( 1259): visibility is same
I/TactileAssist(  976): com.google.android.keep
I/TactileAssist(  976): com.google.zxing.client.android
I/TactileAssist(  976): com.irisvrbits.thoughtcrimes
I/TactileAssist(  976): com.tesco.grocery.view
I/AudioService(  976): getStreamVolume 3 index 10
I/TactileAssist(  976): ch.teamtasks.tasks.paid
I/HotwordDetector(16929): Closing mic
I/MicrophoneInputStream(16929): mic_close com.google.android.apps.gsa.speech.audio.u@42bb3400
I/TactileAssist(  976): uk.co.nationalrail.google
I/TactileAssist(  976): com.zynga.wwf2.free
I/TactileAssist(  976): uk.amazon.mShop.android
I/TactileAssist(  976): co.uk.Nationwide.Mobile
D/KeyguardUpdateMonitor( 1259): sendKeyguardVisibilityChanged(true)
I/KeyguardUpdateMonitor( 1259): visibility is same
V/audio_hw_primary(  336): in_standby: enter
D/PointerIcon(  976): setMouseIconStyle1 pointerType: 1001iconType:101 flag:0
D/PointerIcon(  976): setMouseCustomIcon IconType is same.101
D/PointerIcon(  976): setHoveringSpenIconStyle1 pointerType: 10001iconType:1 flag:0
D/PointerIcon(  976): setHoveringSpenCustomIcon IconType is same.1
I/SELinux (10147): Function: selinux_android_load_priority , priority [2] , priority version is VE=SEPF_SM-N910F_4.4.4_A031
E/SELinux (10147): [DEBUG] get_category: variable seinfocat: default sensitivity: NULL, cateogry: NULL
E/dalvikvm(10147): >>>>> Normal User
E/dalvikvm(10147): >>>>> com.drbeef.quakegearvr [ userId:0 | appId:10358 ]
E/SELinux (10147): [DEBUG] get_category: variable seinfocat: default sensitivity: NULL, cateogry: NULL
D/dalvikvm(10147): Late-enabling CheckJNI
D/TimaKeyStoreProvider(10147): in addTimaSignatureService
V/audio_hw_primary(  336): stop_input_stream: enter: usecase(8: audio-record)
V/audio_hw_primary(  336): disable_audio_route: enter: usecase(8)
V/audio_hw_primary(  336): disable_audio_route: reset and update mixer path: audio-record
D/audio_route(  336): Setting mixer control: MultiMedia1 Mixer SLIM_0_TX, value: 0
V/audio_hw_primary(  336): disable_audio_route: exit
V/audio_hw_primary(  336): disable_snd_device: snd_device(133: vr-main-mic)
D/audio_route(  336): Setting mixer control: DEC2 Volume, value: 84
D/audio_route(  336): Setting mixer control: DEC2 MUX, value: 0
D/TimaKeyStoreProvider(10147): Cannot add TimaSignature Service, License check Failed
D/audio_route(  336): Setting mixer control: SLIM TX2 MUX, value: 0
D/ActivityThread(10147): Added TimaKesytore provider
D/audio_route(  336): Setting mixer control: AIF2_CAP Mixer SLIM TX2, value: 0
V/audio_hw_primary(  336): stop_input_stream: exit: status(0)
V/audio_hw_primary(  336): in_standby: exit:  status(0)
V/AudioPolicyManagerBase(  336): stopInput() input 2261
V/audio_hw_primary(  336): in_set_parameters: enter: kvpairs=routing=0
I/samsungRecord(  336): [samsungrecord] MicCalonoff 1
V/audio_hw_primary(  336): in_set_parameters: exit: status(1)
V/AudioPolicyManagerBase(  336): releaseInput() 2261
V/audio_hw_primary(  336): adev_close_input_stream
V/audio_hw_primary(  336): in_standby: enter
V/audio_hw_primary(  336): in_standby: exit:  status(0)
E/audio_hw_primary(  336): adev_close_input_stream, set jack_in to null
V/AudioPolicyManagerBase(  336): releaseInput() exit
I/HotwordRecognitionRnr(16929): Stopping hotword detection.
I/HotwordRecognitionRnr(16929): Hotword detection finished
V/WindowOrientationListener(  976): mSContextAutoRotationListener.getProposedRotation, mbResultFaceDectection: false
V/WindowOrientationListener(  976): mSContextAutoRotationListener.getProposedRotation, Rotation: -1
V/WindowOrientationListener(  976): mSContextAutoRotationListener.getProposedRotation, mbResultFaceDectection: false
V/WindowOrientationListener(  976): mSContextAutoRotationListener.getProposedRotation, Rotation: -1
D/InputDispatcher(  976): setInputDispatchMode: enabled=1, frozen=1
I/SurfaceFlinger(  332): id=3557 createSurf (1440x2560),2 flag=404, TcreenshotS
I/SurfaceFlinger(  332): Orientation 0=>1
I/InputReader(  976): Reconfiguring input devices.  changes=0x00000004
I/InputReader(  976): Device reconfigured: id=1, name='sec_e-pen', size 1440x2560, orientation 1, mode 4, display id 0
I/InputReader(  976): Device reconfigured: id=9, name='sec_touchscreen', size 1440x2560, orientation 1, mode 1, display id 0
D/KeyguardUpdateMonitor( 1259): sendKeyguardVisibilityChanged(true)
I/KeyguardUpdateMonitor( 1259): visibility is same
D/KeyguardUpdateMonitor( 1259): sendKeyguardVisibilityChanged(true)
I/KeyguardUpdateMonitor( 1259): visibility is same
D/PhoneStatusBar( 1285): mSettingsPanelGravity = 55
D/PhoneStatusBar( 1285): Status bar WINDOW_STATE_HIDDEN
D/Mms/MmsApp( 9319): [start]    onConfigurationChanged(), newConfig = {0 1.0 234mcc15mnc en_GB ldltr sw360dp w640dp h335dp 640dpi nrml long land finger -keyb/v/h -nav/h s.275} consume time = 6447.156352
D/Mms/MmsApp( 9319): [end]    onConfigurationChanged(), newConfig = {0 1.0 234mcc15mnc en_GB ldltr sw360dp w640dp h335dp 640dpi nrml long land finger -keyb/v/h -nav/h s.275} consume time = 15.665104
D/CenterBarWindow( 8034): onConfigurationChanged point = Point(1280, 720)
D/KeyguardUpdateMonitor( 1259): sendKeyguardVisibilityChanged(true)
I/KeyguardUpdateMonitor( 1259): visibility is same
D/KeyguardUpdateMonitor( 1259): sendKeyguardVisibilityChanged(true)
I/KeyguardUpdateMonitor( 1259): visibility is same
D/dalvikvm(10147): Trying to load lib /data/app-lib/com.drbeef.quakegearvr-1/libquakegearvr.so 0x429150e8
I/SELinux (10165): Function: selinux_android_load_priority , priority [2] , priority version is VE=SEPF_SM-N910F_4.4.4_A031
E/SELinux (10165): [DEBUG] get_category: variable seinfocat: release sensitivity: NULL, cateogry: NULL
E/dalvikvm(10165): >>>>> Normal User
E/dalvikvm(10165): >>>>> com.sec.android.app.soundalive [ userId:0 | appId:10061 ]
E/SELinux (10165): [DEBUG] get_category: variable seinfocat: release sensitivity: NULL, cateogry: NULL
D/dalvikvm(10147): Added shared lib /data/app-lib/com.drbeef.quakegearvr-1/libquakegearvr.so 0x429150e8
D/dalvikvm(10147): No JNI_OnLoad found in /data/app-lib/com.drbeef.quakegearvr-1/libquakegearvr.so 0x429150e8, skipping init
D/accuweather( 3298): [KK AccuPhone]>>> WCS:142 [0:0] action : androidintentactionCONFIGURATION_CHANGED
D/TimaKeyStoreProvider(10165): in addTimaSignatureService
D/TimaKeyStoreProvider(10165): Cannot add TimaSignature Service, License check Failed
D/ActivityThread(10165): Added TimaKesytore provider
D/ContextImpl( 1493): APN is changed by Pid:976
D/ContextImpl( 1493): APN is changed by Uid:1000
V/QuakeGearVR(10147): ----------------------------------------------------------------
V/QuakeGearVR(10147): GLES3JNIActivity::onCreate()
I/MultiUserPreferences( 8034): commit
D/KeyguardUpdateMonitor( 1259): sendKeyguardVisibilityChanged(true)
I/KeyguardUpdateMonitor( 1259): visibility is same
W/Settings(  976): Setting tether_dun_required has moved from android.provider.Settings.System to android.provider.Settings.Global
E/AudioService(  976): AudioService sendMsg 16
E/AudioService(  976): get MSG_SET_DEVICE_VOLUME get msg : 16
I/AudioService(  976): getStreamVolume 3 index 10
D/ExtSeekBar(  976): setProgress = 1
D/ExtSeekBar(  976): setProgress = 1, fromUser = false, isEnableChangeColor() = false
D/ExtSeekBar(  976): updateDrawable this.mThumb = android.graphics.drawable.StateListDrawable@43370b48, msetDrawable = android.graphics.drawable.LayerDrawable@43a6fa58, mOffsetThumb = 60
D/ExtSeekBar(  976): updateDrawable getProgress() = 1, getMax() = 15GeneralUtil.isTablet() = false
D/ProgressBar(  976): setProgressDrawable drawableHeight = 24
I/AudioService(  976): getStreamVolume 2 index 30
D/ExtSeekBar(  976): setProgress = 3
D/ExtSeekBar(  976): setProgress = 3, fromUser = false, isEnableChangeColor() = false
D/ExtSeekBar(  976): updateDrawable this.mThumb = android.graphics.drawable.StateListDrawable@432a8990, msetDrawable = android.graphics.drawable.LayerDrawable@43415ea0, mOffsetThumb = 60
D/ExtSeekBar(  976): updateDrawable getProgress() = 3, getMax() = 15GeneralUtil.isTablet() = false
D/ProgressBar(  976): setProgressDrawable drawableHeight = 24
I/AudioService(  976): getStreamVolume 5 index 30
D/ExtSeekBar(  976): setProgress = 3
D/ExtSeekBar(  976): setProgress = 3, fromUser = false, isEnableChangeColor() = false
D/ExtSeekBar(  976): updateDrawable this.mThumb = android.graphics.drawable.StateListDrawable@436f2a08, msetDrawable = android.graphics.drawable.LayerDrawable@43c63a28, mOffsetThumb = 60
D/ExtSeekBar(  976): updateDrawable getProgress() = 3, getMax() = 15GeneralUtil.isTablet() = false
D/ProgressBar(  976): setProgressDrawable drawableHeight = 24
I/AudioService(  976): getStreamVolume 1 index 100
D/ExtSeekBar(  976): setProgress = 10
D/ExtSeekBar(  976): setProgress = 10, fromUser = false, isEnableChangeColor() = false
D/ExtSeekBar(  976): updateDrawable this.mThumb = android.graphics.drawable.StateListDrawable@43467180, msetDrawable = android.graphics.drawable.LayerDrawable@43e93200, mOffsetThumb = 60
D/ExtSeekBar(  976): updateDrawable getProgress() = 10, getMax() = 15GeneralUtil.isTablet() = false
D/ProgressBar(  976): setProgressDrawable drawableHeight = 24
V/QuakeGearVR(10147):     GLES3JNILib::onCreate()
D/KeyguardUpdateMonitor( 1259): sendKeyguardVisibilityChanged(true)
I/KeyguardUpdateMonitor( 1259): visibility is same
V/QuakeGearVR(10147):     Creating callbacks
V/QuakeGearVR(10147):     android_initAudio = (*java.Env)->GetMethodID
V/QuakeGearVR(10147):     android_writeAudio = (*java.Env)->GetMethodID
V/QuakeGearVR(10147):     vrapi_Initialize
I/VrApi   (10147): vrapi_Initialize()
I/JniUtils(10147): Using caller's JNIEnv
W/dalvikvm(10147): dvmFindClassByName rejecting 'com/oculus/vrapi/VrApi'
W/dalvikvm(10147): dvmFindClassByName rejecting 'com/oculus/vrapi/ProximityReceiver'
W/dalvikvm(10147): dvmFindClassByName rejecting 'com/oculus/vrapi/DockReceiver'
I/VrApi   (10147): BuildVersionSDK 19
D/KeyguardUpdateMonitor( 1259): sendKeyguardVisibilityChanged(true)
I/KeyguardUpdateMonitor( 1259): visibility is same
I/AudioService(  976): getStreamVolume 3 index 10
I/LocalPreferences(10147): ovr_InitLocalPreferences
D/ProximityReceiver(10147): !!#######!! Registering Oculus System Activity receiver
D/DockReceiver(10147): !!#######!! Registering dock receiver
D/KeyguardUpdateMonitor( 1259): sendKeyguardVisibilityChanged(true)
I/KeyguardUpdateMonitor( 1259): visibility is same
I/SurfaceFlinger(  332): id=3550 Removed HEL (5/13)
I/SurfaceFlinger(  332): id=3550 Removed HEL (-2/13)
D/VrApi   (10147): Registering battery receiver
D/KeyguardUpdateMonitor( 1259): sendKeyguardVisibilityChanged(true)
I/KeyguardUpdateMonitor( 1259): visibility is same
D/Compatibility(10165): onReceive() it will make start service
D/VrApi   (10147): Registering headset receiver
D/VrApi   (10147): startHeadsetReceiver: 0
I/VrApi   (10147): nativeHeadsetEvent(0)
D/VrApi   (10147): Registering volume receiver
I/AudioService(  976): getStreamVolume 3 index 10
D/VrApi   (10147): startVolumeReceiver: 1
D/VrApi   (10147): Registering wifi receiver
D/VrApi   (10147): Registering OvrPhoneStateListener
V/QuakeGearVR(10147):         eglInitialize( Display, &MajorVersion, &MinorVersion )
I/Adreno-EGL(10147): <qeglDrvAPI_eglInitialize:410>: EGL 1.4 QUALCOMM build:  ()
I/Adreno-EGL(10147): OpenGL ES Shader Compiler Version: E031.24.02.11
I/Adreno-EGL(10147): Build Date: 09/12/14 Fri
I/Adreno-EGL(10147): Local Branch: LA.3.6.1_20140912_070_patches
I/Adreno-EGL(10147): Remote Branch: 
I/Adreno-EGL(10147): Local Patches: 
I/Adreno-EGL(10147): Reconstruct Branch: 
D/KeyguardUpdateMonitor( 1259): sendKeyguardVisibilityChanged(true)
I/KeyguardUpdateMonitor( 1259): visibility is same
V/QuakeGearVR(10147):         Context = eglCreateContext( Display, Config, EGL_NO_CONTEXT, contextAttribs )
D/dalvikvm(  976): GC_CONCURRENT freed 1572K, 45% free 62902K/113696K, paused 6ms+30ms, total 333ms
D/KeyguardUpdateMonitor( 1259): sendKeyguardVisibilityChanged(true)
I/KeyguardUpdateMonitor( 1259): visibility is same
D/CapabilityManagerService New( 9392): Receiver Broadcast:android.intent.action.PACKAGE_ADDED
D/Compatibility(10165): onHandleIntent()
D/Compatibility(10165): intentservice saw: Intent { act=android.intent.action.PACKAGE_ADDED dat=package:com.drbeef.quakegearvr flg=0x4000010 cmp=com.sec.android.app.soundalive/.compatibility.Compatibility$Receiver (has extras) } Bundle[{android.intent.extra.UID=10358, android.intent.extra.user_handle=0}]
V/QuakeGearVR(10147):         TinySurface = eglCreatePbufferSurface( Display, Config, surfaceAttribs )
V/QuakeGearVR(10147):         eglMakeCurrent( Display, TinySurface, TinySurface, Context )
