I/OVR     (10147): Detected HMD/Phone version: HMD_NOTE_4
I/HmdInfo (10147): QueryAndroidInfo (0x74360348,0x1d200412)
I/HmdInfo (10147): SM-N910F 0.128000 x 0.070875
I/OVR     (10147): Couldn't open /sdcard/.oculusprefs
I/LocalPreferences(10147): /sdcard/.oculusprefs is length 0
D/KeyguardUpdateMonitor( 1259): sendKeyguardVisibilityChanged(true)
I/KeyguardUpdateMonitor( 1259): visibility is same
D/Compatibility(10165): found: 2
I/SELinux (10180): Function: selinux_android_load_priority , priority [2] , priority version is VE=SEPF_SM-N910F_4.4.4_A031
E/SELinux (10180): [DEBUG] get_category: variable seinfocat: platform sensitivity: NULL, cateogry: NULL
E/dalvikvm(10180): >>>>> Normal User
E/dalvikvm(10180): >>>>> com.sec.android.automotive.drivelink [ userId:0 | appId:10102 ]
E/SELinux (10180): [DEBUG] get_category: variable seinfocat: platform sensitivity: NULL, cateogry: NULL
D/PhoneStatusBar( 1285): setTransGradationMode=false, mTransparentMode=false, mSemiTransparentMode=false, mMultiWindowMode=false
D/KeyguardUpdateMonitor( 1259): sendKeyguardVisibilityChanged(true)
I/KeyguardUpdateMonitor( 1259): visibility is same
D/TimaKeyStoreProvider(10180): in addTimaSignatureService
W/dalvikvm( 9903): VFY: unable to resolve static field 4394 (BACKGROUND) in Landroid/view/ViewOutlineProvider;
D/dalvikvm( 9903): VFY: replacing opcode 0x62 at 0x0008
D/TimaKeyStoreProvider(10180): Cannot add TimaSignature Service, License check Failed
I/dalvikvm( 9903): Could not find method android.support.v7.widget.Toolbar.setOutlineProvider, referenced from method com.domobile.frame.i.v
W/dalvikvm( 9903): VFY: unable to resolve virtual method 10512: Landroid/support/v7/widget/Toolbar;.setOutlineProvider (Landroid/view/ViewOutlineProvider;)V
D/dalvikvm( 9903): VFY: replacing opcode 0x6e at 0x0009
D/ActivityThread(10180): Added TimaKesytore provider
V/ApplicationPolicy(  976): isApplicationStateBlocked userId 0 pkgname com.domobile.applock
D/KeyguardUpdateMonitor( 1259): sendKeyguardVisibilityChanged(true)
I/KeyguardUpdateMonitor( 1259): visibility is same
V/QuakeGearVR(10147):     Initialising Quake Engine
D/KeyguardUpdateMonitor( 1259): sendKeyguardVisibilityChanged(true)
I/KeyguardUpdateMonitor( 1259): visibility is same
D/KeyguardUpdateMonitor( 1259): sendKeyguardVisibilityChanged(true)
I/KeyguardUpdateMonitor( 1259): visibility is same
D/Compatibility(10165): saved default: com.sec.android.app.soundalive.SAControlPanelActivity
D/Compatibility(10165): skipping ResolveInfo{4291b8a0 com.sec.android.app.soundalive/.compatibility.Compatibility$Redirector p=2147483647 m=0x108000}
D/Compatibility(10165): considering ResolveInfo{4291bfe0 com.sec.android.app.soundalive/.SAControlPanelActivity m=0x108000}
D/Compatibility(10165): default: com.sec.android.app.soundalive.SAControlPanelActivity
D/Compatibility(10165): enabling receiver ResolveInfo{4292d868 com.sec.android.app.soundalive/.SAControlPanelReceiver m=0x108000}
D/Compatibility(10165): enabling receiver ResolveInfo{4292df88 com.sec.android.app.soundalive/.compatibility.HelperGooglePlayMusic m=0x108000}
D/Compatibility(10165): enabling receiver ResolveInfo{4292f018 com.sec.android.app.soundalive/.SAControlPanelReceiver m=0x108000}
D/Compatibility(10165): enabling receiver ResolveInfo{4292f738 com.sec.android.app.soundalive/.compatibility.HelperGooglePlayMusic m=0x108000}
D/Compatibility(10165): wrote com.sec.android.app.soundalive/com.sec.android.app.soundalive.SAControlPanelActivity as default
E/[CarMode](10180): [DLApplication]-onCreate: Applicatino Started!
D/[CarMode](10180): [DLAppUiUpdater]-Couldn't create com.nuance.nuancedebugutilpackage context for host settings utility
D/[CarMode](10180): [DLAppUiUpdater]-Couldn't create com.vlingo.midas.lmttutilitypackage context for host settings utility
D/SampleAppCoreManager(10180): SampleAppCoreManager VACVersion '2.1.2.11667'
D/SampleAppCoreManager(10180): mContext is not null
I/SELinux (10198): Function: selinux_android_load_priority , priority [2] , priority version is VE=SEPF_SM-N910F_4.4.4_A031
E/SELinux (10198): [DEBUG] get_category: variable seinfocat: untrusted sensitivity: NULL, cateogry: NULL
E/dalvikvm(10198): >>>>> Normal User
E/dalvikvm(10198): >>>>> com.vlingo.midas [ userId:0 | appId:10039 ]
E/SELinux (10198): [DEBUG] get_category: variable seinfocat: untrusted sensitivity: NULL, cateogry: NULL
D/TimaKeyStoreProvider(10198): in addTimaSignatureService
D/TimaKeyStoreProvider(10198): Cannot add TimaSignature Service, License check Failed
D/ActivityThread(10198): Added TimaKesytore provider
I/SELinux (10210): Function: selinux_android_load_priority , priority [2] , priority version is VE=SEPF_SM-N910F_4.4.4_A031
E/SELinux (10210): [DEBUG] get_category: variable seinfocat: default sensitivity: NULL, cateogry: NULL
E/dalvikvm(10210): >>>>> Normal User
E/dalvikvm(10210): >>>>> com.domobile.applock [ userId:0 | appId:10293 ]
E/SELinux (10210): [DEBUG] get_category: variable seinfocat: default sensitivity: NULL, cateogry: NULL
D/TimaKeyStoreProvider(10210): in addTimaSignatureService
D/TimaKeyStoreProvider(10210): Cannot add TimaSignature Service, License check Failed
D/ActivityThread(10210): Added TimaKesytore provider
I/System.out(10198): Inside WakeupProvider
W/dalvikvm(10210): VFY: unable to find class referenced in signature (Landroid/app/usage/UsageStatsManager;)
I/dalvikvm(10210): Could not find method android.app.usage.UsageStatsManager.queryEvents, referenced from method com.domobile.applock.gi.a
W/dalvikvm(10210): VFY: unable to resolve virtual method 365: Landroid/app/usage/UsageStatsManager;.queryEvents (JJ)Landroid/app/usage/UsageEvents;
D/dalvikvm(10210): VFY: replacing opcode 0x6e at 0x000f
E/DatabaseUtils(10198): Writing exception to parcel
E/DatabaseUtils(10198): java.lang.NullPointerException
E/DatabaseUtils(10198): 	at android.preference.PreferenceManager.getDefaultSharedPreferencesName(PreferenceManager.java:374)
E/DatabaseUtils(10198): 	at android.preference.PreferenceManager.getDefaultSharedPreferences(PreferenceManager.java:369)
E/DatabaseUtils(10198): 	at com.vlingo.core.internal.settings.Settings.getSharedPreferences(Settings.java:1818)
E/DatabaseUtils(10198): 	at com.vlingo.midas.provider.VlingoConfigProvider.queryInternal(VlingoConfigProvider.java:167)
E/DatabaseUtils(10198): 	at com.vlingo.midas.provider.VlingoConfigProvider$VlingoConfigProviderQueryProxy.query(VlingoConfigProvider.java:322)
E/DatabaseUtils(10198): 	at com.vlingo.midas.provider.VlingoConfigProvider.query(VlingoConfigProvider.java:148)
E/DatabaseUtils(10198): 	at android.content.ContentProvider.query(ContentProvider.java:857)
E/DatabaseUtils(10198): 	at android.content.ContentProvider$Transport.query(ContentProvider.java:200)
E/DatabaseUtils(10198): 	at android.content.ContentProviderNative.onTransact(ContentProviderNative.java:112)
E/DatabaseUtils(10198): 	at android.os.Binder.execTransact(Binder.java:404)
E/DatabaseUtils(10198): 	at dalvik.system.NativeStart.run(Native Method)
W/System.err(10180): java.lang.NullPointerException
W/System.err(10180): 	at android.os.Parcel.readException(Parcel.java:1471)
W/System.err(10180): 	at android.database.DatabaseUtils.readExceptionFromParcel(DatabaseUtils.java:185)
W/System.err(10180): 	at android.database.DatabaseUtils.readExceptionFromParcel(DatabaseUtils.java:137)
W/System.err(10180): 	at android.content.ContentProviderProxy.query(ContentProviderNative.java:413)
W/System.err(10180): 	at android.content.ContentResolver.query(ContentResolver.java:477)
W/System.err(10180): 	at android.content.ContentResolver.query(ContentResolver.java:420)
W/System.err(10180): 	at com.vlingo.core.internal.associatedservice.ApplicationQueryManager.getCursor(ApplicationQueryManager.java:169)
W/System.err(10180): 	at com.vlingo.core.internal.associatedservice.ApplicationQueryManager.providerBaseIsWorking(ApplicationQueryManager.java:62)
W/System.err(10180): 	at com.vlingo.core.internal.associatedservice.ApplicationQueryManager.getValue(ApplicationQueryManager.java:108)
W/System.err(10180): 	at com.vlingo.core.internal.lmtt.event.InternalMdsoUtils.getSetting(InternalMdsoUtils.java:250)
W/System.err(10180): 	at com.vlingo.core.internal.lmtt.event.InternalMdsoUtils.getBooleanSetting(InternalMdsoUtils.java:242)
W/System.err(10180): 	at com.vlingo.core.internal.lmtt.event.InternalMdsoUtils.getMasterConfigProvider(InternalMdsoUtils.java:212)
W/System.err(10180): 	at com.vlingo.core.internal.lmtt.event.InternalMdsoUtils.getMasterLanguage(InternalMdsoUtils.java:134)
W/System.err(10180): 	at com.vlingo.core.internal.lmtt.event.LmttEventHandler.onCoreInitialization(LmttEventHandler.java:176)
W/System.err(10180): 	at com.vlingo.core.internal.VlingoAndroidCore.init(VlingoAndroidCore.java:620)
W/System.err(10180): 	at com.vlingo.core.internal.VlingoAndroidCore.init(VlingoAndroidCore.java:114)
W/System.err(10180): 	at com.vlingo.core.facade.CoreManager.initCore(CoreManager.java:70)
W/System.err(10180): 	at com.nuance.sample.coreaccess.SampleAppCoreManager.initCore(SampleAppCoreManager.java:133)
W/System.err(10180): 	at com.nuance.drivelink.DLAppUiUpdater.init(DLAppUiUpdater.java:197)
W/System.err(10180): 	at com.sec.android.automotive.drivelink.DLApplication.onCreate(DLApplication.java:125)
W/System.err(10180): 	at android.app.Instrumentation.callApplicationOnCreate(Instrumentation.java:1013)
W/System.err(10180): 	at android.app.ActivityThread.handleBindApplication(ActivityThread.java:4885)
W/System.err(10180): 	at android.app.ActivityThread.access$1600(ActivityThread.java:174)
W/System.err(10180): 	at android.app.ActivityThread$H.handleMessage(ActivityThread.java:1381)
W/System.err(10180): 	at android.os.Handler.dispatchMessage(Handler.java:102)
W/System.err(10180): 	at android.os.Looper.loop(Looper.java:146)
W/System.err(10180): 	at android.app.ActivityThread.main(ActivityThread.java:5748)
W/System.err(10180): 	at java.lang.reflect.Method.invokeNative(Native Method)
W/System.err(10180): 	at java.lang.reflect.Method.invoke(Method.java:515)
W/System.err(10180): 	at com.android.internal.os.ZygoteInit$MethodAndArgsCaller.run(ZygoteInit.java:1291)
W/System.err(10180): 	at com.android.internal.os.ZygoteInit.main(ZygoteInit.java:1107)
W/System.err(10180): 	at dalvik.system.NativeStart.main(Native Method)
D/dalvikvm(10210): DexOpt: unable to opt direct call 0x0168 at 0x15 in Lcom/domobile/applock/gi;.a
E/DatabaseUtils(10198): Writing exception to parcel
E/DatabaseUtils(10198): java.lang.NullPointerException
E/DatabaseUtils(10198): 	at android.preference.PreferenceManager.getDefaultSharedPreferencesName(PreferenceManager.java:374)
E/DatabaseUtils(10198): 	at android.preference.PreferenceManager.getDefaultSharedPreferences(PreferenceManager.java:369)
E/DatabaseUtils(10198): 	at com.vlingo.core.internal.settings.Settings.getSharedPreferences(Settings.java:1818)
E/DatabaseUtils(10198): 	at com.vlingo.midas.provider.VlingoConfigProvider.queryInternal(VlingoConfigProvider.java:167)
E/DatabaseUtils(10198): 	at com.vlingo.midas.provider.VlingoConfigProvider$VlingoConfigProviderQueryProxy.query(VlingoConfigProvider.java:322)
E/DatabaseUtils(10198): 	at com.vlingo.midas.provider.VlingoConfigProvider.query(VlingoConfigProvider.java:148)
E/DatabaseUtils(10198): 	at android.content.ContentProvider.query(ContentProvider.java:857)
E/DatabaseUtils(10198): 	at android.content.ContentProvider$Transport.query(ContentProvider.java:200)
E/DatabaseUtils(10198): 	at android.content.ContentProviderNative.onTransact(ContentProviderNative.java:112)
E/DatabaseUtils(10198): 	at android.os.Binder.execTransact(Binder.java:404)
E/DatabaseUtils(10198): 	at dalvik.system.NativeStart.run(Native Method)
W/System.err(10180): java.lang.NullPointerException
W/System.err(10180): 	at android.os.Parcel.readException(Parcel.java:1471)
W/System.err(10180): 	at android.database.DatabaseUtils.readExceptionFromParcel(DatabaseUtils.java:185)
W/System.err(10180): 	at android.database.DatabaseUtils.readExceptionFromParcel(DatabaseUtils.java:137)
W/System.err(10180): 	at android.content.ContentProviderProxy.query(ContentProviderNative.java:413)
W/System.err(10180): 	at android.content.ContentResolver.query(ContentResolver.java:477)
W/System.err(10180): 	at android.content.ContentResolver.query(ContentResolver.java:420)
W/System.err(10180): 	at com.vlingo.core.internal.associatedservice.ApplicationQueryManager.getCursor(ApplicationQueryManager.java:169)
W/System.err(10180): 	at com.vlingo.core.internal.associatedservice.ApplicationQueryManager.providerBaseIsWorking(ApplicationQueryManager.java:62)
W/System.err(10180): 	at com.vlingo.core.internal.associatedservice.ApplicationQueryManager.getValue(ApplicationQueryManager.java:108)
W/System.err(10180): 	at com.vlingo.core.internal.lmtt.event.InternalMdsoUtils.getSetting(InternalMdsoUtils.java:250)
W/System.err(10180): 	at com.vlingo.core.internal.lmtt.event.InternalMdsoUtils.getBooleanSetting(InternalMdsoUtils.java:242)
W/System.err(10180): 	at com.vlingo.core.internal.lmtt.event.InternalMdsoUtils.getMasterConfigProvider(InternalMdsoUtils.java:212)
W/System.err(10180): 	at com.vlingo.core.internal.lmtt.event.InternalMdsoUtils.otherMasterExists(InternalMdsoUtils.java:98)
W/System.err(10180): 	at com.vlingo.core.internal.lmtt.event.InternalMdsoUtils.isSlave(InternalMdsoUtils.java:32)
W/System.err(10180): 	at com.vlingo.core.facade.lmtt.MdsoUtils.isSlave(MdsoUtils.java:13)
W/System.err(10180): 	at com.nuance.drivelink.DLAppUiUpdater.init(DLAppUiUpdater.java:242)
W/System.err(10180): 	at com.sec.android.automotive.drivelink.DLApplication.onCreate(DLApplication.java:125)
W/System.err(10180): 	at android.app.Instrumentation.callApplicationOnCreate(Instrumentation.java:1013)
W/System.err(10180): 	at android.app.ActivityThread.handleBindApplication(ActivityThread.java:4885)
W/System.err(10180): 	at android.app.ActivityThread.access$1600(ActivityThread.java:174)
W/System.err(10180): 	at android.app.ActivityThread$H.handleMessage(ActivityThread.java:1381)
W/System.err(10180): 	at android.os.Handler.dispatchMessage(Handler.java:102)
W/System.err(10180): 	at android.os.Looper.loop(Looper.java:146)
W/System.err(10180): 	at android.app.ActivityThread.main(ActivityThread.java:5748)
W/System.err(10180): 	at java.lang.reflect.Method.invokeNative(Native Method)
W/System.err(10180): 	at java.lang.reflect.Method.invoke(Method.java:515)
W/System.err(10180): 	at com.android.internal.os.ZygoteInit$MethodAndArgsCaller.run(ZygoteInit.java:1291)
W/System.err(10180): 	at com.android.internal.os.ZygoteInit.main(ZygoteInit.java:1107)
W/System.err(10180): 	at dalvik.system.NativeStart.main(Native Method)
E/[CarMode](10180): [DLApplication]-Init Called!:false
W/[CarMode](10180): [CommonUtil]-=========================================
W/[CarMode](10180): [CommonUtil]-CarMode Version:1.2.60.17686
W/[CarMode](10180): [CommonUtil]-=========================================
E/[CarMode](10180): [DLApplication]-Init Started!:true
I/VlingoApplication(10198): VlingoApplication appVersion ='11.6.0.0.37217', coreVersion = '2.2.1.12574', ro.csc.sales_code=ITV
I/[CarModeFW](10180): DriveLinkServiceInterfaceImp-drivelink framework initialize start
I/[CarModeFW](10180): ### com.sec.android.app.automotive.carmode.framework.DriveLinkServiceInterfaceImp::initialize(132)
I/[CarModeFW](10180): ### com.sec.android.automotive.drivelink.DLApplication::init(210)
I/[CarModeFW](10180): ### com.sec.android.automotive.drivelink.DLApplication::onCreate(134)
I/[CarModeFW](10180): ### android.app.Instrumentation::callApplicationOnCreate(1013)
I/[CarModeFW](10180): ### android.app.ActivityThread::handleBindApplication(4885)
I/[CarModeFW](10180): ### android.app.ActivityThread::access$1600(174)
I/[CarModeFW](10180): ### android.app.ActivityThread$H::handleMessage(1381)
I/[CarModeFW](10180): ### android.os.Handler::dispatchMessage(102)
I/[CarModeFW](10180): ### android.os.Looper::loop(146)
I/[CarModeFW](10180): ### android.app.ActivityThread::main(5748)
I/[CarModeFW](10180): ### java.lang.reflect.Method::invoke(515)
I/[CarModeFW](10180): ### com.android.internal.os.ZygoteInit$MethodAndArgsCaller::run(1291)
I/[CarModeFW](10180): ### com.android.internal.os.ZygoteInit::main(1107)
W/Settings(10210): Setting android_id has moved from android.provider.Settings.System to android.provider.Settings.Secure, returning read-only value.
I/VlingoAndroidCore(10198): AppName: SamsungTproject, Core: 2.2.1.12574, SDK: 2.0.1052, EDM:12574
W/Settings(10210): Setting android_id has moved from android.provider.Settings.System to android.provider.Settings.Secure, returning read-only value.
W/Settings(10210): Setting android_id has moved from android.provider.Settings.System to android.provider.Settings.Secure, returning read-only value.
W/dalvikvm(10210): VFY: unable to find class referenced in signature (Landroid/app/usage/UsageStatsManager;)
V/QuakeGearVR(10147): GLES3JNIActivity::onStart()
V/QuakeGearVR(10147):     GLES3JNILib::onStart()
V/QuakeGearVR(10147): GLES3JNIActivity::onResume()
D/Activity(10147): #1 setTransGradationModeColor false
D/Activity(10147): #4 setTransGradationMode to false:
D/PhoneStatusBar( 1285): setSemiTransparentMode=false, mTransparentMode=false, mSemiTransparentMode=false, mMultiWindowMode=false
V/QuakeGearVR(10147):     GLES3JNILib::onResume()
D/PhoneStatusBar( 1285): setTransGradationMode=false, mTransparentMode=false, mSemiTransparentMode=false, mMultiWindowMode=false
I/dalvikvm(10210): Could not find method android.os.PowerManager.isInteractive, referenced from method com.domobile.applock.service.LockService.p
W/dalvikvm(10210): VFY: unable to resolve virtual method 1356: Landroid/os/PowerManager;.isInteractive ()Z
D/dalvikvm(10210): VFY: replacing opcode 0x6e at 0x000e
E/dalvikvm(10210): Could not find class 'android.app.usage.UsageStatsManager', referenced from method com.domobile.applock.service.LockService.onCreate
W/dalvikvm(10210): VFY: unable to resolve check-cast 66 (Landroid/app/usage/UsageStatsManager;) in Lcom/domobile/applock/service/LockService;
D/dalvikvm(10210): VFY: replacing opcode 0x1f at 0x010b
D/VrApi   (10147): OnReceive BATTERY_ACTION_CHANGED
I/VrApi   (10147): nativeBatteryEvent(5, 100, 255)
D/VrApi   (10147): onReceive Wifi, intent = Intent { act=android.net.wifi.RSSI_CHANGED flg=0x4000010 (has extras) }
D/VrApi   (10147): onReceive rssi = -200 level = 0
I/VrApi   (10147): nativeWifiSignalEvent( 0, 0 )
D/VrApi   (10147): onReceive Wifi, intent = Intent { act=android.net.wifi.WIFI_STATE_CHANGED flg=0x4000010 (has extras) }
D/VrApi   (10147): onReceive wifiState = 3
I/VrApi   (10147): nativeWifiSignalEvent( 3, 0 )
I/MessageDataHandler(10180): initialize
D/[CarModeFW](10180): CDH-initiazlieCaches : before sync
D/[CarModeFW](10180): CDH-initiazlieCaches : after sync
D/[CarModeFW](10180): CDH-buildContactCacheWireFrame : cur len =113
I/SurfaceFlinger(  332): id=3558 createSurf (1x1),1 flag=4, HLES3JNIAct
I/SpenGestureManager(  976): setFocusWindow21025
D/KeyguardUpdateMonitor( 1259): sendKeyguardVisibilityChanged(true)
I/KeyguardUpdateMonitor( 1259): visibility is same
D/[CarModeFW](10180): DrivingManager-initialize...
E/SensorService(  976): Permission Denial : SEC Private Sensor  25 
E/SensorService(  976): Permission Denial : SEC Private Sensor  26 
D/KeyguardUpdateMonitor( 1259): sendKeyguardVisibilityChanged(true)
I/KeyguardUpdateMonitor( 1259): visibility is same
D/PointerIcon(  976): setMouseIconStyle1 pointerType: 1001iconType:101 flag:0
D/PointerIcon(  976): setMouseCustomIcon IconType is same.101
D/PointerIcon(  976): setHoveringSpenIconStyle1 pointerType: 10001iconType:1 flag:0
D/PointerIcon(  976): setHoveringSpenCustomIcon IconType is same.1
D/VlingoApplication(10198): sac sec ensureCacheEmpty() car_iux_tts_cacheing_required set to false
D/VlingoApplication(10198): sac sec ensureCacheEmpty() purged 0 historically cached TTS files
I/HWUI    (10147): EGLImpl-HWUI Protected EGL context created
D/[CarModeFW](10180): CDH-fillPhoneNumberIntoContactCache : cur len = 150
I/qdutils (10147): PartialUpdate status: Enabled
I/qdutils (10147): Left Align: 8
I/qdutils (10147): Width Align: 8
I/qdutils (10147): Top Align: 1
I/qdutils (10147): Height Align: 1
I/qdutils (10147): Min ROI Width: 1
I/qdutils (10147): Min ROI Height: 2
I/qdutils (10147): Needs ROI Merge: 1
I/qdutils (10147): Left Split=720
I/qdutils (10147): Right Split=720
D/OpenGLRenderer(10147): Enabling debug mode 0
I/SurfaceFlinger(  332): id=3559 createSurf (2560x1440),4 flag=404, TurfaceView
D/KeyguardUpdateMonitor( 1259): sendKeyguardVisibilityChanged(true)
I/KeyguardUpdateMonitor( 1259): visibility is same
V/QuakeGearVR(10147): GLES3JNIActivity::surfaceCreated()
V/QuakeGearVR(10147):     GLES3JNILib::onSurfaceCreated()
V/QuakeGearVR(10147):         NativeWindow = ANativeWindow_fromSurface( env, surface )
V/QuakeGearVR(10147):         MainSurface = eglCreateWindowSurface( Display, Config, nativeWindow, attribs )
V/QuakeGearVR(10147):         eglMakeCurrent( display, MainSurface, MainSurface, Context )
V/QuakeGearVR(10147):         eglGetCurrentSurface( EGL_DRAW ) = 0x7ad4cd60
I/VrApi   (10147): ---------- vrapi_EnterVrMode ----------
I/OVR     (10147): DeviceManagerThread::AddSelectFd 61 (Tid=2036559080)
I/OVR     (10147): DeviceManagerThread - running (Tid=2036559080).
I/OVR     (10147): OVR::DeviceManager - initialized.
D/DialogFlow(10198): initQueue()
D/[CarModeFW](10180): CDH-fillFirstGivenNameIntoContactCache : cur len = 0
I/HmdSensors(10147): HmdSensors::StartSensor: wait for sensor.
I/VrApi   (10147): vrapi_EnterVrMode: defaulting to docked due to lack of dock events
I/VrApi   (10147): vrapi_EnterVrMode: defaulting to mounted due to lack of mount events
D/VrApi   (10147): APP = Quake for GearVR
D/VrApi   (10147): APP VERSION = 1.0 versionCode 1 internalVersionName <none>
D/VrApi   (10147): APP VR_TYPE = vr_only
I/JniUtils(10147): ovr_GetCurrentActivityName() = com.drbeef.quakegearvr.GLES3JNIActivity
I/VrApi   (10147): ACTIVITY = com.drbeef.quakegearvr.GLES3JNIActivity
I/VrApi   (10147): BUILD = KTU84P.N910FXXU1ANK5 RELEASE
I/VrApi   (10147): MODEL = SM-N910F
I/VrApi   (10147): OVR_VERSION = 0.6.0.0 May 28 2015 16:32:56
I/VrApi   (10147): ovrModeParms.AllowPowerSave = 1
I/VrApi   (10147): ovrModeParms.ResetWindowFullscreen = 0
I/VrApi   (10147): ovrModeParms.MainThreadTid = 10177
I/VrApi   (10147): ovrModeParms.RenderThreadTid = 0
I/VrApi   (10147): ovrModeParms.CpuLevel = 2
I/VrApi   (10147): ovrModeParms.GpuLevel = 3
I/OVR     (10147): Couldn't open /sdcard/.oculusprefs
I/LocalPreferences(10147): /sdcard/.oculusprefs is length 0
I/LogUtils(10147): SetAllowGpuTimerQueries( 0 )
W/VrApi   (10147): Operating without a sensor.
I/GlUtils (10147): GL_EXTENSIONS:
I/GlUtils (10147): GL_AMD_compressed_ATC_texture
I/GlUtils (10147): GL_AMD_performance_monitor
I/GlUtils (10147): GL_AMD_program_binary_Z400
I/GlUtils (10147): GL_EXT_debug_label
I/GlUtils (10147): GL_EXT_debug_marker
I/GlUtils (10147): GL_EXT_discard_framebuffer
I/GlUtils (10147): GL_EXT_robustness
I/GlUtils (10147): GL_EXT_texture_format_BGRA8888
I/GlUtils (10147): GL_EXT_texture_type_2_10_10_10_REV
I/GlUtils (10147): GL_NV_fence
I/GlUtils (10147): GL_OES_compressed_ETC1_RGB8_texture
I/GlUtils (10147): GL_OES_depth_texture
I/GlUtils (10147): GL_OES_depth24
I/GlUtils (10147): GL_OES_EGL_image
I/GlUtils (10147): GL_OES_EGL_sync
I/GlUtils (10147): GL_OES_EGL_image_external
I/GlUtils (10147): GL_OES_element_index_uint
I/GlUtils (10147): GL_OES_fbo_render_mipmap
I/GlUtils (10147): GL_OES_fragment_precision_high
I/GlUtils (10147): GL_OES_get_program_binary
I/GlUtils (10147): GL_OES_packed_depth_stencil
I/GlUtils (10147): GL_OES_depth_texture_cube_map
I/GlUtils (10147): GL_OES_rgb8_rgba8
I/GlUtils (10147): GL_OES_standard_derivatives
I/GlUtils (10147): GL_OES_texture_3D
I/GlUtils (10147): GL_OES_texture_float
I/GlUtils (10147): GL_OES_texture_half_float
I/GlUtils (10147): GL_OES_texture_half_float_linear
I/GlUtils (10147): GL_OES_texture_npot
I/GlUtils (10147): GL_OES_vertex_half_float
I/GlUtils (10147): GL_OES_vertex_type_10_10_10_2
I/GlUtils (10147): GL_OES_vertex_array_object
I/GlUtils (10147): GL_QCOM_alpha_test
I/GlUtils (10147): GL_QCOM_binning_control
I/GlUtils (10147): GL_QCOM_driver_control
I/GlUtils (10147): GL_QCOM_perfmon_global_mode
I/GlUtils (10147): GL_QCOM_extended_get
I/GlUtils (10147): GL_QCOM_extended_get2
I/GlUtils (10147): GL_QCOM_tiled_rendering
I/GlUtils (10147): GL_QCOM_writeonly_rendering
I/GlUtils (10147): GL_KHR_texture_compression_astc_ldr
I/GlUtils (10147): GL_EXT_sRGB
I/GlUtils (10147): GL_EXT_sRGB_write_control
I/GlUtils (10147): GL_EXT_texture_sRGB_decode
I/GlUtils (10147): GL_EXT_texture_filter_anisotropic
I/GlUtils (10147): GL_EXT_multisampled_render_to_texture
I/GlUtils (10147): GL_EXT_color_buffer_float
I/GlUtils (10147): GL_EXT_color_buffer_half_float
I/GlUtils (10147): GL_EXT_disjoint_timer_query
I/GlUtils (10147): es3 = TRUE
I/GlUtils (10147): Found: GL_EXT_discard_framebuffer
I/GlUtils (10147): Not found: GL_IMG_multisampled_render_to_texture
I/GlUtils (10147): Found: GL_EXT_multisampled_render_to_texture
I/GlUtils (10147): Found: GL_OES_vertex_array_object
I/GlUtils (10147): Found: GL_QCOM_tiled_rendering
I/GlUtils (10147): Found: GL_EXT_disjoint_timer_query
I/GlUtils (10147): Found: GL_EXT_texture_sRGB_decode
I/GlUtils (10147): Found: GL_EXT_texture_filter_anisotropic
I/GlUtils (10147): GL_MAX_TEXTURE_SIZE = 8192
I/GlUtils (10147): GL_MAX_VERTEX_UNIFORM_VECTORS = 256
I/GlUtils (10147): GL_MAX_FRAGMENT_UNIFORM_VECTORS = 224
I/VrApi   (10147): Window Surface Size: [2560x1440]
I/OVR     (10147): Detected HMD/Phone version: HMD_NOTE_4
I/HmdInfo (10147): QueryAndroidInfo (0x74360348,0x1d200412)
I/HmdInfo (10147): SM-N910F 0.128000 x 0.070875
I/VrApi   (10147): hmdInfo.lensSeparation = 0.063000
I/VrApi   (10147): hmdInfo.widthMeters = 0.125000
I/VrApi   (10147): hmdInfo.heightMeters = 0.070700
I/VrApi   (10147): hmdInfo.widthPixels = 2560
I/VrApi   (10147): hmdInfo.heightPixels = 1440
I/VrApi   (10147): hmdInfo.eyeTextureResolution[0] = 1024
I/VrApi   (10147): hmdInfo.eyeTextureResolution[1] = 1024
I/VrApi   (10147): hmdInfo.eyeTextureFov[0] = 90.000000
I/VrApi   (10147): hmdInfo.eyeTextureFov[1] = 90.000000
I/VrApi   (10147): SetVrSystemPerformance( -1, 3 )
D/[CarModeFW](10180): CDH-ContactDataHandler initiazlieCaches time : 63
D/[CarModeFW](10180): CDH-initiazlieCaches : end sync
D/VrApi   (10147): Available levels: {GPU MIN, GPU MAX, CPU MIN, CPU MAX}
D/VrApi   (10147): -> / 0
D/VrApi   (10147): -> / 3
D/VrApi   (10147): -> / 0
D/VrApi   (10147): -> / 3
I/VrApi   (10147): GPU levels [0, 3]
D/VrApi   (10147): setSystemPerformance cpu: -1 gpu: 3
V/VRSVC   ( 4072): at (VRManagerService.java:533) yTqX() [SIOP : 0]
V/VRSVC   ( 4072): at (VRManagerService.java:534) yTqX() [PLATFORM : apq8084]
V/VRSVC   ( 4072): at (VRManagerService.java:535) yTqX() [HARDWARE : qcom]
E/VRSVC   ( 4072): at (VRManagerService.java:744) QdBd() [Set GPU minLock COMPLETE: com.drbeef.quakegearvr 500000000]
V/VRSVC   ( 4072): at (VRManagerService.java:759) QdBd() [Set GPU maxLock COMPLETE: com.drbeef.quakegearvr 500000000]
V/VRSVC   ( 4072): at (VRManagerService.java:654) yTqX() [(-1:3:com.drbeef.quakegearvr) (-1:500000000:883200:240000000) pkg: com.drbeef.quakegearvr]
D/VrApi   (10147): SetVrClocks: {CPU CLOCK, GPU CLOCK, POWERSAVE CPU CLOCK, POWERSAVE GPU CLOCK}
D/VrApi   (10147): -> / -1
D/VrApi   (10147): -> / 500000000
D/VrApi   (10147): -> / 883200
D/VrApi   (10147): -> / 240000000
I/GlUtils (10147): GL_RENDERER: Adreno (TM) 420
I/GlUtils (10147): GL_VERSION: OpenGL ES 3.0 V@84.0 AU@  (CL@)
I/GlUtils (10147): GL_VENDOR: Qualcomm
I/GlUtils (10147): EglGetGpuType: 4098
I/VrApi   (10147): CPU Clock = 0 MHz
I/VrApi   (10147): GPU Clock = 500 MHz
I/TimeWarp(10147): -------------------- TimeWarpLocal() --------------------
I/TimeWarp(10147): AsynchronousTimeWarp = 1
I/TimeWarp(10147): FrontBuffer = 1
I/TimeWarp(10147): SlicePreScheduleSeconds = 0.014
I/TimeWarp(10147): DebugGraphMode = 0
I/TimeWarp(10147): DebugGraphValue = 0
I/TimeWarp(10147): Current EGL_CONTEXT_CLIENT_VERSION:2
I/GlUtils (10147): Found: GL_EXT_sRGB_write_control
I/TimeWarp(10147): Requesting EGL_CONTEXT_PRIORITY_HIGH_IMG
I/TimeWarp(10147): WarpThreadInit()
I/TimeWarp(10147): eglWarpContext: 0x7b16f260
I/TimeWarp(10147): Context is EGL_CONTEXT_PRIORITY_HIGH_IMG
I/TimeWarp(10147): eglMakeCurrent on 0x7ad4cd60
I/DirectRender(10147): 0x7ae67744 DirectRender::InitForCurrentSurface(true)
I/DirectRender(10147): surface size: 2560 x 1440
I/DirectRender(10147): Found VrSurfaceManager API: 0x1d200472
I/DirectRender(10147): Calling java method
D/libSEC_EGL(10147): EGL : EGL_SEC_frontbuffer_set mode PASSED ... 
I/DirectRender(10147): gvrFrontbufferExtension = TRUE
I/DirectRender(10147): Adreno GPU
I/TimeWarp(10147): Loading distortion file: /storage/emulated/0/Oculus/defaultDistortion.bin
I/MediaPlayer(10180): Need to enable context aware info
V/MediaPlayer-JNI(10180): native_setup
V/MediaPlayer(10180): constructor
V/MediaPlayer(10180): setListener
E/MediaPlayer-JNI(10180): QCMediaPlayer mediaplayer NOT present
D/[CarModeFW](10180): MY_TAG-[YANG] MusicButtonReceiver construct MusicButtonReceiver() 
I/[CarModeFW](10180): DriveLinkServiceInterfaceImp-drivelink framework initialize end
D/[CarMode](10180): [DLServiceManager]-getOnDLLocationSuggestionListener..........
D/[CarModeFW](10180): Framework-Request-com.sec.android.app.automotive.carmode.framework.command.RequestCallLogList => start time : 1439843338580
D/[CarModeFW](10180): Framework-Request-com.sec.android.app.automotive.carmode.framework.command.RequestRecommendedContactListForMessage => start time : 1439843338581
D/[CarMode](10180): [DLServiceManager]-updateLocationList
D/[CarMode](10180): [DLServiceManager]-requestRecommendedLocationList
D/[CarModeFW](10180): insertNavigationAvailable-sql: select distinct nav_package from tb_location_navigation_available
F/DLApplication(10180): DLApplication mListNavitationAvailable: [com.skt.skaf.l001mtm091, com.google.android.apps.maps, kt.navi, com.mnsoft.lgunavi, com.autonavi.xmgd.navigator.samsung, com.here.app.maps]
D/[CarModeFW](10180): Framework-Request-com.sec.android.app.automotive.carmode.framework.command.RequestInboxList => start time : 1439843338584
D/[CarModeFW](10180): Framework-Request-com.sec.android.app.automotive.carmode.framework.command.RequestUnreadMessageCount => start time : 1439843338584
D/[CarModeFW](10180): Framework-Request-com.sec.android.app.automotive.carmode.framework.command.RequestRecommendedLocationList => start time : 1439843338584
D/[CarModeFW](10180): ContactDataHandler-getFavoriteContactList : cur len = 0
D/[CarModeFW](10180): Framework-Request-com.sec.android.app.automotive.carmode.framework.command.RequestRecommendedContactListForMessage => execute time : 8
D/TP/SmsProvider( 1493): query,matched:2, calling pid = 10180
I/SELinux (10250): Function: selinux_android_load_priority , priority [2] , priority version is VE=SEPF_SM-N910F_4.4.4_A031
E/SELinux (10250): [DEBUG] get_category: variable seinfocat: release sensitivity: NULL, cateogry: NULL
D/TP/SmsProvider( 1493): match 2:Elapsed time : 9.162 ms
E/dalvikvm(10250): >>>>> Normal User
E/dalvikvm(10250): >>>>> com.android.providers.calendar [ userId:0 | appId:10051 ]
I/[CarMode](10180): [LogNotNull]-Package name is: com.here.app.maps
E/SELinux (10250): [DEBUG] get_category: variable seinfocat: release sensitivity: NULL, cateogry: NULL
D/dalvikvm(  334): GC_EXPLICIT freed 47K, 55% free 8420K/18412K, paused 1ms+1ms, total 12ms
D/TP/SmsProvider( 1493): query,matched:2, calling pid = 10180
D/TP/SmsProvider( 1493): match 2:Elapsed time : 2.363 ms
E/[CarMode](10180): [DLApplication]-Init End!:true
D/[CarModeFW](10180): CalllogDataHandler-getCalllogList : cur len = 556
D/MessageDataHandler(10180):  getInboxList smsCursor : 31
D/TP/MmsProvider( 1493): Query uri=content://mms/inbox, match=2, calling pid = 10180
D/dalvikvm(  334): GC_EXPLICIT freed <1K, 55% free 8420K/18412K, paused 1ms+0ms, total 12ms
D/TimaKeyStoreProvider(10250): in addTimaSignatureService
D/TimaKeyStoreProvider(10250): Cannot add TimaSignature Service, License check Failed
D/MessageDataHandler(10180):  getInboxList mmsCursor : 5
D/ActivityThread(10250): Added TimaKesytore provider
D/TP/MmsProvider( 1493): Query uri=content://mms, match=0, calling pid = 10180
D/dalvikvm(  334): GC_EXPLICIT freed <1K, 55% free 8420K/18412K, paused 1ms+1ms, total 11ms
I/MessageDataHandler(10180): getUnreadMessageCount :0
D/[CarModeFW](10180): Framework-Request-com.sec.android.app.automotive.carmode.framework.command.RequestUnreadMessageCount => execute time : 48
D/MessageDataHandler(10180):  getInboxList mms,sms cursor join : 14
D/TP/MmsSmsProvider( 1493): query,matched:0, calling pid = 10180
V/TP/MmsSmsProvider( 1493): getSimpleConversations entered.
D/TP/MmsSmsProvider( 1493): match 0:Elapsed time : 1.142 ms
D/[CarMode](10180): [TAG]-phone sound mode is: 2
D/TP/MmsSmsProvider( 1493): query,matched:13, calling pid = 10180
D/TP/MmsSmsProvider( 1493): match 13:Elapsed time : 1.479 ms
D/MessageDataHandler(10180):  getInboxList address cursor : 6
D/TP/MmsSmsProvider( 1493): query,matched:0, calling pid = 10180
V/TP/MmsSmsProvider( 1493): getSimpleConversations entered.
D/TP/MmsSmsProvider( 1493): match 0:Elapsed time : 1.197 ms
D/MessageDataHandler(10180):  getInboxList thread cursor : 3
D/MessageDataHandler(10180):  thread, addr result: 2
I/[CarModeFW](10180): ContentManager-com.sec.android.app.automotive.carmode.framework.manager.content.ContentManager end getInboxList() : 84
D/[CarMode](10180): [DLApplication]-GooglePlayServices SUCCESS.
E/[CarMode](10180): [DLApplication]-PREF_CAR_APP_RUNNING is set to false
I/[CarMode](10180): [[DLUncaughtExceptionHandler]]-setDLUncaughtExceptionHandler
E/[CarMode](10180): [[DLUncaughtExceptionHandler]]-DLUncaughtExceptionHandler is created!
I/UpdateManagerReceiver(10180): Intent : android.intent.action.PACKAGE_ADDEDMon Aug 17 21:28:58 BST 2015
E/FilterInstaller( 9404): There is no requred permission
D/DialogFlow(10180): initQueue()
D/[CarModeFW](10180): Framework-Request-com.sec.android.app.automotive.carmode.framework.command.RequestCallLogList => execute time : 174
D/dalvikvm( 1666): GC_EXPLICIT freed 818K, 48% free 9735K/18412K, paused 1ms+3ms, total 23ms
I/SELinux (10264): Function: selinux_android_load_priority , priority [2] , priority version is VE=SEPF_SM-N910F_4.4.4_A031
E/SELinux (10264): [DEBUG] get_category: variable seinfocat: platform sensitivity: NULL, cateogry: NULL
E/dalvikvm(10264): >>>>> Normal User
E/dalvikvm(10264): >>>>> ACMS.Process [ userId:0 | appId:1000 ]
E/SELinux (10264): [DEBUG] get_category: variable seinfocat: platform sensitivity: NULL, cateogry: NULL
D/TimaKeyStoreProvider(10264): in addTimaSignatureService
D/TimaKeyStoreProvider(10264): Cannot add TimaSignature Service, License check Failed
D/ActivityThread(10264): Added TimaKesytore provider
D/Acms/AcmsPackageEventListener(10264): Received: android.intent.action.PACKAGE_ADDED
D/Acms/AcmsService(10264): Enter Oncreate
D/Acms/AcmsServiceMonitor(10264): AcmsServiceMonitor.getAcmsSvcMonitor() - Enter
D/Acms/AcmsService(10264): creating AcmsCore
D/Acms/AcmsCore(10264): AcmsCore.getAcmsCore() - Enter
D/Acms/AcmsCore(10264): AcmsCore
D/Acms/AcmsCore(10264): init
D/Acms/AcmsCore(10264): Looper handler is not null
D/Acms/AcmsCore(10264): Post to AcmsCoreHandler
D/Acms/AcmsServiceMonitor(10264): AcmsServiceMonitor.getAcmsSvcMonitor() - Enter
D/Acms/AcmsServiceMonitor(10264): Incrementing - Counter value: 1
D/Acms/AcmsCore(10264): Incremented Counter Value: postToAcmsCoreHandler =>1
D/Acms/AcmsService(10264): onStartCommand
D/Acms/AcmsService(10264): Action: android.intent.action.PACKAGE_ADDED
D/Acms/AcmsServiceMonitor(10264): Enter incrementSvcCounter with startId 1
D/Acms/AcmsServiceMonitor(10264): Incrementing - Counter value: 2
D/Acms/AcmsService(10264): Incremented Counter Value : onStartCommand
I/TapandpayWidget:TanpandpayAppWidgetProvider( 9492): onReceive()
D/TapandpayWidget:TanpandpayAppWidgetProvider( 9492): onReceive() - action : android.intent.action.PACKAGE_ADDED / mCurIndex :-10
I/TapandpayWidget:Utils( 9492): Clear T&P info.
D/TapandpayWidget:TanpandpayAppWidgetProvider( 9492): Widget is not attached.
I/Acms/AcmsPkgNameProvide(10264): Enter on create
I/TimeWarp(10147): WarpThreadInit() - End
I/TimeWarp(10147): ----------------- TimeWarpLocal() End -----------------
D/VrApi   (10147): setSchedFifoStatic tid:10177 pto:1
I/TimeWarp(10147): WarpThreadLoop()
D/VrApi   (10147): VRManager set thread priority to 1
I/VrApi   (10147): SetSchedFifo( 10177, 1 ) = succeeded
D/VrApi   (10147): setSchedFifoStatic tid:10247 pto:2
I/SELinux (10277): Function: selinux_android_load_priority , priority [2] , priority version is VE=SEPF_SM-N910F_4.4.4_A031
E/SELinux (10277): [DEBUG] get_category: variable seinfocat: samsung sensitivity: NULL, cateogry: NULL
E/dalvikvm(10277): >>>>> Normal User
E/dalvikvm(10277): >>>>> com.sec.android.app.samsungapps [ userId:0 | appId:10014 ]
E/SELinux (10277): [DEBUG] get_category: variable seinfocat: samsung sensitivity: NULL, cateogry: NULL
D/VrApi   (10147): VRManager set thread priority to 2
I/VrApi   (10147): SetSchedFifo( 10247, 2 ) = succeeded
D/VrApi   (10147): setSchedFifoStatic tid:10248 pto:3
D/VrApi   (10147): VRManager set thread priority to 3
I/VrApi   (10147): SetSchedFifo( 10248, 3 ) = succeeded
D/VrApi   (10147): getSystemBrightness
V/VRSVC   ( 4072): at (VRManagerService.java:972) AmLH() [getSystemOption option=bright result=180]
I/VrApi   (10147): System brightness = 180
D/VrApi   (10147): setSystemBrightness 180
V/VRSVC   ( 4072): at (VRManagerService.java:850) wtkw() [setSystemOption option=bright value=180]
V/VRSVC   ( 4072): at (VRManagerService.java:1054) bHGb() [updateBright value=180]
I/VrApi   (10147): Set brightness to 180
D/VrApi   (10147): getDoNotDisturbMode 
D/TimaKeyStoreProvider(10277): in addTimaSignatureService
D/VRSVC   ( 4072): at (VRManagerService.java:1196) BRMq() [getNotDisturbMode : 0]
D/VRSVC   ( 4072): at (VRManagerService.java:1196) BRMq() [getNotDisturbMode : 0]
V/VRSVC   ( 4072): at (VRManagerService.java:972) AmLH() [getSystemOption option=do_not_disturb_mode result=0]
I/VrApi   (10147): Set DND mode to false
D/VrApi   (10147): setDoNotDisturbMode false
V/VRSVC   ( 4072): at (VRManagerService.java:850) wtkw() [setSystemOption option=do_not_disturb_mode value=0]
D/VRSVC   ( 4072): at (VRManagerService.java:1188) QdBd() [setDisturbMode : 0]
D/TimaKeyStoreProvider(10277): Cannot add TimaSignature Service, License check Failed
D/ActivityThread(10277): Added TimaKesytore provider
D/Acms/AcmsCertificateMngr(10264): AcmsCertificateMngr
D/Acms/AcmsPkgNameProvide(10264): Exit on create
D/Acms/AcmsPkgNameProvide(10264): query()
D/Acms/AcmsPkgNameProvide(10264): query:
D/VRSVC   ( 4072): at (VRManagerService.java:1196) BRMq() [getNotDisturbMode : 0]
D/VRSVC   ( 4072): at (VRManagerService.java:1196) BRMq() [getNotDisturbMode : 0]
V/VRSVC   ( 4072): at (VRManagerService.java:972) AmLH() [getSystemOption option=do_not_disturb_mode result=0]
D/VrApi   (10147): result after set = 0
I/VrApi   (10147): System DND mode = false
D/VrApi   (10147): getComfortViewModeEnabled
V/VRSVC   ( 4072): at (VRManagerService.java:972) AmLH() [getSystemOption option=comfortable_view result=0]
I/VrApi   (10147): System comfort mode = false
D/VrApi   (10147): enableComfortableMode false
V/VRSVC   ( 4072): at (VRManagerService.java:850) wtkw() [setSystemOption option=comfortable_view value=0]
W/VRSVC   ( 4072): at (VRManagerService.java:1125) bHGb() [setVRComfortableView ignored.]
I/VrApi   (10147): Set comfort mode to false
V/QuakeGearVR(10147):         vrapi_EnterVrMode()
V/QuakeGearVR(10147):         eglGetCurrentSurface( EGL_DRAW ) = 0x7ae54990
V/QuakeGearVR(10147): GLES3JNIActivity::surfaceChanged()
V/QuakeGearVR(10147):     GLES3JNILib::onSurfaceChanged()
D/VrApi   (10147): OvrPhoneStateListener.onServiceStateChanged2 2 home  Unknown:0 Unknown:0 CSS not supported -1 -1 RoamInd=-1 DefRoamInd=-1 EmergOnly=true
I/VrApi   (10147): nativeCellularStateEvent( 2 )
D/VrApi   (10147): OvrPhoneStateListener.onSignalStrengthsChanged2
I/VrApi   (10147): nativeCellularSignalEvent( 2 )
D/KeyguardUpdateMonitor( 1259): sendKeyguardVisibilityChanged(true)
I/KeyguardUpdateMonitor( 1259): visibility is same
D/Acms/AppEntryInterface(10264):  not updating certified pkgname value:com.sec.android.app.tmserver
D/Acms/AppEntryInterface(10264):  already have updating certified pkgname value2:com.sec.android.app.tmserver
D/Acms/AcmsPkgNameProvide(10264): query()
D/Acms/AcmsPkgNameProvide(10264): query:
D/KeyguardUpdateMonitor( 1259): sendKeyguardVisibilityChanged(true)
I/KeyguardUpdateMonitor( 1259): visibility is same
D/Acms/AppEntryInterface(10264):  not updating certified pkgname value:com.sec.android.inputmethod
D/Acms/AppEntryInterface(10264):  already have updating certified pkgname value2:com.sec.android.inputmethod
D/Acms/AcmsPkgNameProvide(10264): query()
D/Acms/AcmsPkgNameProvide(10264): query:
D/Acms/AppEntryInterface(10264):  not updating certified pkgname value:com.sec.android.inputmethod.iwnnime.japan/.standardcommon.IWnnLanguageSwitcher
D/Acms/AppEntryInterface(10264):  already have updating certified pkgname value2:com.sec.android.inputmethod.iwnnime.japan/.standardcommon.IWnnLanguageSwitcher
D/Acms/AcmsPkgNameProvide(10264): query()
D/Acms/AcmsPkgNameProvide(10264): query:
D/Acms/AppEntryInterface(10264):  not updating certified pkgname value:com.samsung.inputmethod/.SamsungIME
D/Acms/AppEntryInterface(10264):  already have updating certified pkgname value2:com.samsung.inputmethod/.SamsungIME
D/Acms/AcmsService(10264): Inside handle Intent
D/Acms/AcmsService(10264): App added - package name: com.drbeef.quakegearvr
D/Acms/AcmsCore(10264): Post to AcmsCoreHandler
D/Acms/AcmsServiceMonitor(10264): AcmsServiceMonitor.getAcmsSvcMonitor() - Enter
D/Acms/AcmsServiceMonitor(10264): Incrementing - Counter value: 3
D/Acms/AcmsCore(10264): Incremented Counter Value: postToAcmsCoreHandler =>2
D/Acms/AcmsService(10264): Decremented Counter Value : handleStartIntent
D/Acms/AcmsServiceMonitor(10264): Decrementing - Counter value: 2
D/KeyguardUpdateMonitor( 1259): sendKeyguardVisibilityChanged(true)
I/KeyguardUpdateMonitor( 1259): visibility is same
D/KeyguardUpdateMonitor( 1259): sendKeyguardVisibilityChanged(true)
I/KeyguardUpdateMonitor( 1259): visibility is same
D/KeyguardUpdateMonitor( 1259): sendKeyguardVisibilityChanged(true)
I/KeyguardUpdateMonitor( 1259): visibility is same
V/VRSVC   ( 4072): at (VRManagerService.java:846) yTqX() [setVRPerformanceMode enable=true]
I/Keyboard.Facilitator( 2651): onFinishInput()
I/SurfaceFlinger(  332): id=3556 Removed ruakegearvr (10/14)
I/SurfaceFlinger(  332): id=3556 Removed ruakegearvr (-2/14)
D/KeyguardUpdateMonitor( 1259): sendKeyguardVisibilityChanged(true)
I/KeyguardUpdateMonitor( 1259): visibility is same
W/IInputConnectionWrapper( 8267): showStatusIcon on inactive InputConnection
D/Acms/AcmsRevocationMngr(10264): AcmsRevocationMngr
D/KeyguardUpdateMonitor( 1259): sendKeyguardVisibilityChanged(true)
I/KeyguardUpdateMonitor( 1259): visibility is same
D/Acms/KeyStoreHelper(10264): FilenameKeyStore/data/data/com.sec.android.app.tmserver/Acms_Keystore
I/SurfaceFlinger(  332): id=3560 createSurf (2880x2560),-1 flag=20004, ClackSurfac
I/SurfaceFlinger(  332): id=3561 createSurf (1440x5120),-1 flag=20004, ClackSurfac
I/SurfaceFlinger(  332): id=3562 createSurf (2880x2560),-1 flag=20004, ClackSurfac
I/SurfaceFlinger(  332): id=3563 createSurf (1440x5120),-1 flag=20004, ClackSurfac
D/InputDispatcher(  976): setInputDispatchMode: enabled=1, frozen=0
I/AudioService(  976): getStreamVolume 0 index 50
I/Sensors (  976): Light old sensor_state 8705, new sensor_state : 8193 en : 0
I/AudioService(  976): getStreamVolume 0 index 50
D/SensorManager(  976): unregisterListener ::   
I/Sensors (  976): Acc old sensor_state 8193, new sensor_state : 8192 en : 0
D/lights  (  976): lcd : 11 +
D/lights  (  976): lcd : 11 -
D/SensorManager(  976): unregisterListener ::   
I/[CarModeFW](10180): ContentManager-com.sec.android.app.automotive.carmode.framework.manager.content.ContentManager end getInboxListWithContactData() : 328
D/[CarModeFW](10180): Framework-Request-com.sec.android.app.automotive.carmode.framework.command.RequestInboxList => execute time : 412
D/lights  (  976): lcd : 44 +
D/lights  (  976): lcd : 44 -
D/[CarModeFW](10180): LocationDataHandler-No schedules found.
D/[CarModeFW](10180): MyPlaceProvider-Provider uri: content://com.samsung.android.internal.intelligence.useranalysis/place
D/lights  (  976): lcd : 77 +
D/lights  (  976): lcd : 77 -
I/SELinux (10294): Function: selinux_android_load_priority , priority [2] , priority version is VE=SEPF_SM-N910F_4.4.4_A031
E/SELinux (10294): [DEBUG] get_category: variable seinfocat: platform sensitivity: NULL, cateogry: NULL
E/dalvikvm(10294): >>>>> Normal User
E/dalvikvm(10294): >>>>> com.samsung.android.intelligenceservice [ userId:0 | appId:10004 ]
E/SELinux (10294): [DEBUG] get_category: variable seinfocat: platform sensitivity: NULL, cateogry: NULL
D/lights  (  976): lcd : 111 +
D/lights  (  976): lcd : 111 -
I/SA      ( 9505): [PMR] Received action : android.intent.action.PACKAGE_ADDED
D/TimaKeyStoreProvider(10294): in addTimaSignatureService
D/TimaKeyStoreProvider(10294): Cannot add TimaSignature Service, License check Failed
I/SA      ( 9505): [SUR] onReceive log=[SA = 2.1.0075 V = 19 HWD = 2560X1440 4.0 dpi = 640  SIZE = 2 LOCALE = en_GB CSC = ITV MCC = 234 MNC 15 T = user DEVICE = trlte P = trltexx I = KTU84P M = SM-N910F OKLEFT false DIS KTU84P.N910FXXU1ANK5 PSS = 5.781908482347519  ]
I/SA      ( 9505): [SUR] onReceive Intent=[ action.PACKAGE_ADDED. package extra.UID.:10358 extra.user_handle.:0 ]
D/ActivityThread(10294): Added TimaKesytore provider
D/lights  (  976): lcd : 144 +
D/lights  (  976): lcd : 144 -
D/lights  (  976): lcd : 178 +
D/lights  (  976): lcd : 178 -
D/UserAnalysis.PlaceProvider(10294): PlaceProvider onCreate()
D/lights  (  976): lcd : 211 +
D/lights  (  976): lcd : 211 -
I/SELinux (10308): Function: selinux_android_load_priority , priority [2] , priority version is VE=SEPF_SM-N910F_4.4.4_A031
E/SELinux (10308): [DEBUG] get_category: variable seinfocat: platform sensitivity: NULL, cateogry: NULL
E/dalvikvm(10308): >>>>> Normal User
E/dalvikvm(10308): >>>>> com.policydm [ userId:0 | appId:1000 ]
E/SELinux (10308): [DEBUG] get_category: variable seinfocat: platform sensitivity: NULL, cateogry: NULL
D/TimaKeyStoreProvider(10308): in addTimaSignatureService
D/lights  (  976): lcd : 244 +
D/lights  (  976): lcd : 244 -
D/TimaKeyStoreProvider(10308): Cannot add TimaSignature Service, License check Failed
D/ActivityThread(10308): Added TimaKesytore provider
D/UserAnalysis.SecureDbManager(10294): Key for secure DB is newly created
D/UserAnalysis.SecurePlaceDbHelper(10294): SecurePlaceDbHelper() 
D/UserAnalysis.PlaceProvider(10294): Create SecureDbHelper
D/lights  (  976): lcd : 255 +
D/lights  (  976): lcd : 255 -
D/IntelligenceServiceApplication(10294): onCreate()
I/OVR     (10147): DeviceManagerThread - poll(fds,1,997) = 0 (Tid=10247)
I/SurfaceFlinger(  332): id=3557 Removed TcreenshotS (13/17)
I/SurfaceFlinger(  332): id=3560 Removed ClackSurfac (13/16)
I/SurfaceFlinger(  332): id=3557 Removed TcreenshotS (-2/16)
I/SurfaceFlinger(  332): id=3560 Removed ClackSurfac (-2/16)
I/SurfaceFlinger(  332): id=3561 Removed ClackSurfac (13/15)
I/SurfaceFlinger(  332): id=3562 Removed ClackSurfac (13/14)
I/SurfaceFlinger(  332): id=3561 Removed ClackSurfac (-2/14)
I/SurfaceFlinger(  332): id=3562 Removed ClackSurfac (-2/14)
I/SurfaceFlinger(  332): id=3563 Removed ClackSurfac (13/13)
I/SurfaceFlinger(  332): id=3563 Removed ClackSurfac (-2/13)
D/KeyguardUpdateMonitor( 1259): sendKeyguardVisibilityChanged(true)
I/KeyguardUpdateMonitor( 1259): visibility is same
V/WindowOrientationListener(  976): mSContextAutoRotationListener.getProposedRotation, mbResultFaceDectection: false
V/WindowOrientationListener(  976): mSContextAutoRotationListener.getProposedRotation, Rotation: -1
V/WindowOrientationListener(  976): mSContextAutoRotationListener.getProposedRotation, mbResultFaceDectection: false
V/WindowOrientationListener(  976): mSContextAutoRotationListener.getProposedRotation, Rotation: -1
D/Acms/KeyStoreHelper(10264):  getKeyStoreForApplication Enter
D/dalvikvm(10198): GC_CONCURRENT freed 6407K, 45% free 10193K/18412K, paused 2ms+4ms, total 56ms
D/dalvikvm(10198): WAIT_FOR_CONCURRENT_GC blocked 41ms
I/Acms/KeyStoreHelper(10264): Key Store exist
I/Acms/KeyStoreHelper(10264): Hence loading the keystore file
D/ChimeraCfgMgr(17030): Loading module com.google.android.gms.games from APK com.google.android.play.games
D/ChimeraModuleLdr(17030): Module APK com.google.android.play.games already loaded
D/PackageBroadcastService(17030): Received broadcast action=android.intent.action.PACKAGE_ADDED and uri=com.drbeef.quakegearvr
D/ChimeraCfgMgr(17030): Loading module com.google.android.gms.games from APK com.google.android.play.games
D/ChimeraModuleLdr(17030): Module APK com.google.android.play.games already loaded
