D/ChimeraCfgMgr(17030): Loading module com.google.android.gms.vision from APK com.google.android.gms
D/Vision  (17030): Received broadcast Intent { act=android.intent.action.PACKAGE_ADDED dat=package:com.drbeef.quakegearvr flg=0x4000010 cmp=com.google.android.gms/.vision.DependencyBroadcastReceiverProxy (has extras) }
D/Vision  (17030): No vision deps
I/ConfigFetchService(17030): onStartCommand Intent { act=android.intent.action.PACKAGE_ADDED dat=package:com.drbeef.quakegearvr cmp=com.google.android.gms/.config.ConfigFetchService (has extras) }
I/ConfigFetchService(17030): launchTask
I/ConfigFetchService(17030): service connected
D/ConfigFetchService(17030): ConfigApi connection successful.
I/JniUtils(10147): ovr_GetCurrentPackageName() = com.drbeef.quakegearvr
I/VrApi   (10147): FPS=0,Pred=0ms,Tears=0,Stale=0,CPU0/GPU=2/3,2649/500MHz,Free=547MB,PLS=0:nrm,Temp=25.5C
W/VrApi   (10147): Time to first swap: 1.790 seconds
I/VrApi   (10147): ReleaseVrSystemPerformance
D/VrApi   (10147): releaseSystemPerformanceStatic
I/System.out(10198): INFO:Resource not found:/Common.properties Using default values
V/VRSVC   ( 4072): at (VRManagerService.java:533) yTqX() [SIOP : 0]
V/VRSVC   ( 4072): at (VRManagerService.java:534) yTqX() [PLATFORM : apq8084]
V/VRSVC   ( 4072): at (VRManagerService.java:535) yTqX() [HARDWARE : qcom]
V/VRSVC   ( 4072): at (VRManagerService.java:343) wtkw() [Release GPU minLock COMPLETE: com.drbeef.quakegearvr]
V/VRSVC   ( 4072): at (VRManagerService.java:347) wtkw() [Release GPU maxLock COMPLETE: com.drbeef.quakegearvr]
V/VRSVC   ( 4072): at (VRManagerService.java:372) yTqX() [Release CPU minLock COMPLETE: com.drbeef.quakegearvr]
V/VRSVC   ( 4072): at (VRManagerService.java:376) yTqX() [Release CPU maxLock COMPLETE: com.drbeef.quakegearvr]
V/VRSVC   ( 4072): at (VRManagerService.java:598) yTqX() [SetVrClocks release]
D/VrApi   (10147): Releasing frequency lock
I/VrApi   (10147): SetVrSystemPerformance( 2, 3 )
D/VrApi   (10147): Available levels: {GPU MIN, GPU MAX, CPU MIN, CPU MAX}
D/VrApi   (10147): -> / 0
D/VrApi   (10147): -> / 3
D/VrApi   (10147): -> / 0
D/VrApi   (10147): -> / 3
I/VrApi   (10147): CPU levels [0, 3]
I/VrApi   (10147): GPU levels [0, 3]
D/VrApi   (10147): setSystemPerformance cpu: 2 gpu: 3
V/VRSVC   ( 4072): at (VRManagerService.java:533) yTqX() [SIOP : 0]
V/VRSVC   ( 4072): at (VRManagerService.java:534) yTqX() [PLATFORM : apq8084]
V/VRSVC   ( 4072): at (VRManagerService.java:535) yTqX() [HARDWARE : qcom]
V/VRSVC   ( 4072): at (VRManagerService.java:692) wtkw() [Set CPU minLock COMPLETE: com.drbeef.quakegearvr 1497600]
V/VRSVC   ( 4072): at (VRManagerService.java:707) wtkw() [Set CPU maxLock COMPLETE: com.drbeef.quakegearvr 1497600]
E/VRSVC   ( 4072): at (VRManagerService.java:744) QdBd() [Set GPU minLock COMPLETE: com.drbeef.quakegearvr 500000000]
V/VRSVC   ( 4072): at (VRManagerService.java:759) QdBd() [Set GPU maxLock COMPLETE: com.drbeef.quakegearvr 500000000]
V/VRSVC   ( 4072): at (VRManagerService.java:654) yTqX() [(2:3:com.drbeef.quakegearvr) (1497600:500000000:883200:240000000) pkg: com.drbeef.quakegearvr]
D/VrApi   (10147): SetVrClocks: {CPU CLOCK, GPU CLOCK, POWERSAVE CPU CLOCK, POWERSAVE GPU CLOCK}
D/VrApi   (10147): -> / 1497600
D/VrApi   (10147): -> / 500000000
D/VrApi   (10147): -> / 883200
D/VrApi   (10147): -> / 240000000
I/VrApi   (10147): CPU Clock = 1497 MHz
I/VrApi   (10147): GPU Clock = 500 MHz
W/VrApi   (10147): out of order frame index (prev = 0, new = 2)
I/TimeWarp(10147): Waited 0.954 seconds for first call to warp swap.
I/TimeWarp(10147): Waited 0.000 seconds for first choreographer callback.
I/TimeWarp(10147): Adjusting  51.77 > 0 to 52
V/ConfigFetchTask(17030): ConfigFetchTask getDeviceDataVersionInfo(): ABFEt1VwotD6SxagGGav4hCViIA_nJyj1X0RdRr6GWA-YCD5MW06jfMuJz69Jl6tcQd-oGh9rlejl3Kip9q0o_cp7CCTiDbsXyqknusj_P_X2HuzlR92FJ689Ll6xSArNCJ7hSBy_KiLnZalh0agrzG-bKIO1X6a4rrpBVoAKpg-acBtMKs2q_0gCJN_wKjYJCoqkyJirWgF9h6TamFU1ZgpZgaYcxPCw4ATuwr1xNh-HJGw6NklZd3CD2Gjb9bgv8LBa1v2fqA_CGT7fmf_f3qMs8tFGAYVxF1Xdl3gc6JrLkgwChR97aNDEiAGW95315cU4jbGeOLrXPrttATTQVUtMYvvxD7hIa-wUuzOgvXjxMz5vPo-2m8
I/GoogleURLConnFactory(17030): Using platform SSLCertificateSocketFactory
I/Acms/KeyStoreHelper(10264): Aliases in keystore are:
D/Acms/KeyStoreHelper(10264):  getKeyStoreForApplication Exit
I/Acms/AcmsCertificateMngr(10264): getKeyStoreForApplication success 
D/Acms/AcmsCore(10264): Decremented Counter Value : AcmsCoreHandler.handleMessage=>1
D/Acms/AcmsServiceMonitor(10264): AcmsServiceMonitor.getAcmsSvcMonitor() - Enter
D/Acms/AcmsServiceMonitor(10264): Decrementing - Counter value: 1
D/Acms/AcmsCore(10264): AcmsCore: ACMS_APP_INSTALLED
D/Acms/AcmsCore(10264): Decremented Counter Value : AcmsCoreHandler.handleMessage=>2
D/Acms/AcmsServiceMonitor(10264): AcmsServiceMonitor.getAcmsSvcMonitor() - Enter
D/Acms/AcmsServiceMonitor(10264): Decrementing - Counter value: 0
D/Acms/AcmsServiceMonitor(10264): Counter value is 0: Stopping ACMS service
D/dalvikvm(  976): GC_EXPLICIT freed 1190K, 45% free 62633K/113696K, paused 5ms+33ms, total 313ms
I/JniUtils(10147): ovr_GetCurrentPackageName() = com.drbeef.quakegearvr
D/Acms/AcmsServiceMonitor(10264): getSvcCounter - Counter value: 0
D/Acms/AcmsService(10264): Enter onDestroy
I/Acms/AcmsService(10264): cleanUp(): inside service clean up
D/Acms/AcmsCore(10264): AcmsCore: inside DeInit
D/Acms/AcmsCore(10264): AcmsCore: mLooperHandler is not null and making it null
D/Acms/AcmsCertificateMngr(10264): AcmsCertificateMngr: inside cleanup
D/Acms/AcmsRevocationMngr(10264): AcmsRevocationMngr: inside cleanup
D/Acms/KeyStoreHelper(10264): KeyStoreHelper: inside cleanup
D/Acms/AppEntryInterface(10264): AppEntryInterface: Inside CleanUp
D/Acms/AcmsServiceMonitor(10264): getSvcCounter - Counter value: 0
D/Acms/AcmsService(10264): killing acms process
I/Process (10264): Sending signal. PID: 10264 SIG: 9
I/SQLiteSecureOpenHelper(10294): getReadableDatabase(pwd)
I/SQLiteSecureOpenHelper(10294): getDatabaseLocked(b,b,pwd)...
I/SQLiteSecureOpenHelper(10294): Open Place.db in secure mode
W/TimeWarp(10147): V-sync 53: Eye 0, CPU latency 0.031, GPU latency 0.002, Total latency = 0.034
W/TimeWarp(10147): V-sync 53: Eye 1, CPU latency 0.025, GPU latency 0.002, Total latency = 0.028
I/TimeWarp(10147): Adjusting  54.66 > 53 to 55
D/dalvikvm(10198): GC_FOR_ALLOC freed 550K, 41% free 10961K/18412K, paused 35ms, total 36ms
I/dalvikvm-heap(10198): Grow heap (frag case) to 14.532MB for 63504-byte allocation
I/VrApi   (10147): FPS=0,Pred=0ms,Tears=0,Stale=0,CPU0/GPU=2/3,1497/500MHz,Free=552MB,PLS=0:nrm,Temp=25.5C
W/TimeWarp(10147): V-sync 56: Eye 0, CPU latency 0.001, GPU latency 0.010, Total latency = 0.010
W/ConfigFetchTask(17030): exception on config fetch: java.net.UnknownHostException: Unable to resolve host "android.clients.google.com": No address associated with hostname
D/dalvikvm(10198): GC_FOR_ALLOC freed 92K, 41% free 11057K/18604K, paused 30ms, total 30ms
I/ConfigFetchService(17030): fetch service done; releasing wakelock
I/ConfigFetchService(17030): stopping self
D/dalvikvm(10198): GC_FOR_ALLOC freed 126K, 41% free 11185K/18860K, paused 29ms, total 29ms
I/SQLiteSecureOpenHelper(10294): ...getDatabaseLocked(b,b,pwd)
D/SQLiteSecureOpenHelper(10294): ...getDatabaseLocked(b,b,pwd)
D/[CarModeFW](10180): MyPlaceProvider-+++Begin print all data in content provider+++
D/[CarModeFW](10180): MyPlaceProvider-=============
D/[CarModeFW](10180): MyPlaceProvider-=============
D/[CarModeFW](10180): MyPlaceProvider-=============
D/[CarModeFW](10180): MyPlaceProvider-=============
D/[CarModeFW](10180): MyPlaceProvider-=============
D/[CarModeFW](10180): MyPlaceProvider-=============
D/[CarModeFW](10180): MyPlaceProvider----End print all data in content provider---
D/[CarModeFW](10180): MyPlaceProvider-==============
D/[CarModeFW](10180): MyPlaceProvider-==============
D/[CarModeFW](10180): MyPlaceProvider-==============
D/[CarModeFW](10180): MyPlaceProvider-==============
D/[CarModeFW](10180): MyPlaceProvider-==============
D/[CarModeFW](10180): DestinationAvailableTableHandler-sql: select dest_name from tb_destination_list_available where ((1439843339945 - dest_date ) / 360000 ) <= 24 ORDER BY dest_date DESC LIMIT 100
E/[CarModeFW](10180): DestinationAvailableTableHandler-insert FAIL!
E/DestinationList(10180): loadLocationDestinationList is null
D/[CarModeFW](10180): Framework-Request-com.sec.android.app.automotive.carmode.framework.command.RequestRecommendedLocationList => execute time : 1364
D/KeyguardUpdateMonitor( 1259): received broadcast android.intent.action.TIME_TICK
D/KeyguardUpdateMonitor( 1259): handleTimeUpdate
D/accuweather( 3298): [KK AccuPhone]>>> WCS:142 [0:0] action : androidintentactionTIME_TICK
D/accuweather( 3298): [KK AccuPhone]>>> UIM:119 [0:0] getInstance
D/accuweather( 3298): [KK AccuPhone]>>> UIM:286 [0:0] direct update clock
D/accuweather( 3298): [KK AccuPhone]>>> RU:74 [0:0] get ww = 339, wh = 160span x = 4, span y = 2
D/accuweather( 3298): [KK AccuPhone]>>> UIM:1428 [0:0] mc sy = 2
D/accuweather( 3298): [KK AccuPhone]>>> RU:74 [0:0] get ww = 339, wh = 160span x = 4, span y = 2
D/accuweather( 3298): [KK AccuPhone]>>> UIM:189 [0:0] get widget 4x2 view!!! wid = 1
E/accuweather( 3298): [KK AccuPhone]>>> UIM:1466 [0:0] bTM 21 29
V/ApplicationPolicy(  976): isApplicationStateBlocked userId 0 pkgname com.domobile.applock
I/AppIncrementalLogger(16929): logEvent(): Logged 123 bytes in 110 ms
V/QuakeGearVR(10147): GLES3JNIActivity::onPause()
V/QuakeGearVR(10147):     GLES3JNILib::onPause()
V/QuakeGearVR(10147):         eglGetCurrentSurface( EGL_DRAW ) = 0x7ae54990
I/VrApi   (10147): ---------- vrapi_LeaveVrMode ----------
D/VrApi   (10147): APP = Quake for GearVR
D/VrApi   (10147): APP VERSION = 1.0 versionCode 1 internalVersionName <none>
I/JniUtils(10147): ovr_GetCurrentActivityName() = com.drbeef.quakegearvr.GLES3JNIActivity
I/VrApi   (10147): ACTIVITY = com.drbeef.quakegearvr.GLES3JNIActivity
I/TimeWarp(10147): ---------------- ~TimeWarpLocal() Start ----------------
I/TimeWarp(10147): pthread_join() called
D/KeyguardUpdateMonitor( 1259): sendKeyguardVisibilityChanged(true)
I/KeyguardUpdateMonitor( 1259): visibility is same
D/PointerIcon(  976): setMouseIconStyle1 pointerType: 1001iconType:101 flag:0
D/PointerIcon(  976): setMouseCustomIcon IconType is same.101
D/PointerIcon(  976): setHoveringSpenIconStyle1 pointerType: 10001iconType:1 flag:0
D/PointerIcon(  976): setHoveringSpenCustomIcon IconType is same.1
I/UpdateIcingCorporaServi(16929): Updating corpora: APPS=com.drbeef.quakegearvr, CONTACTS=MAYBE
I/TimeWarp(10147): ShutdownRequest received
I/TimeWarp(10147): WarpThreadShutdown()
I/DirectRender(10147): 0x7ae67744 DirectRender::Shutdown
I/DirectRender(10147): Calling java method
D/libSEC_EGL(10147): EGL : EGL_SEC_frontbuffer_set mode PASSED ... 
I/DirectRender(10147): VrSurfaceManager::Shutdown
I/TimeWarp(10147): WarpThreadShutdown() - End
I/TimeWarp(10147): Exiting WarpThreadLoop()
I/TimeWarp(10147): pthread_join() returned
I/TimeWarp(10147): Destroyed pbuffer.
I/TimeWarp(10147): ---------------- ~TimeWarpLocal() End ----------------
I/DirectRender(10147): VrSurfaceManager::Shutdown
D/VrApi   (10147): setSchedFifoStatic tid:10177 pto:0
I/System.out( 9890): PackageInstallerListener Received :: android.intent.action.PACKAGE_ADDED
I/System.out( 9890): PackageInstallerListener Data :: package:com.drbeef.quakegearvr
D/VrApi   (10147): VRManager set thread priority to 0
I/VrApi   (10147): SetSchedFifo( 10177, 0 ) = succeeded
D/VrApi   (10147): setSchedFifoStatic tid:10247 pto:0
D/VrApi   (10147): VRManager set thread priority to 0
I/VrApi   (10147): SetSchedFifo( 10247, 0 ) = succeeded
I/VrApi   (10147): ReleaseVrSystemPerformance
D/VrApi   (10147): releaseSystemPerformanceStatic
V/VRSVC   ( 4072): at (VRManagerService.java:533) yTqX() [SIOP : 0]
V/VRSVC   ( 4072): at (VRManagerService.java:534) yTqX() [PLATFORM : apq8084]
V/VRSVC   ( 4072): at (VRManagerService.java:535) yTqX() [HARDWARE : qcom]
V/VRSVC   ( 4072): at (VRManagerService.java:343) wtkw() [Release GPU minLock COMPLETE: com.drbeef.quakegearvr]
V/VRSVC   ( 4072): at (VRManagerService.java:347) wtkw() [Release GPU maxLock COMPLETE: com.drbeef.quakegearvr]
V/VRSVC   ( 4072): at (VRManagerService.java:372) yTqX() [Release CPU minLock COMPLETE: com.drbeef.quakegearvr]
D/accuweather( 3298): [KK AccuPhone]>>> WC:30 [0:0] action : actionCONFIGURATION_CHANGED
V/VRSVC   ( 4072): at (VRManagerService.java:376) yTqX() [Release CPU maxLock COMPLETE: com.drbeef.quakegearvr]
D/accuweather( 3298): [KK AccuPhone]>>> UIMEM:106 [0:0] The widget does not exist in idle!!
V/VRSVC   ( 4072): at (VRManagerService.java:598) yTqX() [SetVrClocks release]
D/VrApi   (10147): Releasing frequency lock
I/HmdSensors(10147): HmdSensors::StopSensor: stopped sensor.
V/QuakeGearVR(10147):         vrapi_LeaveVrMode()
V/QuakeGearVR(10147):         eglGetCurrentSurface( EGL_DRAW ) = 0x7ad4cd60
I/OVR     (10147): OVR::DeviceManager - shutting down.
I/OVR     (10147): DeviceManagerThread - exiting (Tid=10247).
I/OVR     (10147): DeviceManagerThread::RemoveSelectFd 61 (Tid=10247)
D/KeyguardUpdateMonitor( 1259): sendKeyguardVisibilityChanged(true)
I/KeyguardUpdateMonitor( 1259): visibility is same
D/BootupListener( 1493): ACTION_DRIVELINK
D/BootupListener( 1493): NAVI:com.here.app.maps
I/BootupListener( 1493): mPendingNetworkManualSelection : false
I/SELinux (10344): Function: selinux_android_load_priority , priority [2] , priority version is VE=SEPF_SM-N910F_4.4.4_A031
E/SELinux (10344): [DEBUG] get_category: variable seinfocat: platform sensitivity: NULL, cateogry: NULL
E/dalvikvm(10344): >>>>> Normal User
E/dalvikvm(10344): >>>>> com.android.calendar [ userId:0 | appId:10170 ]
E/SELinux (10344): [DEBUG] get_category: variable seinfocat: platform sensitivity: NULL, cateogry: NULL
D/TimaKeyStoreProvider(10344): in addTimaSignatureService
D/AbsListView(10210): Get MotionRecognitionManager
D/TimaKeyStoreProvider(10344): Cannot add TimaSignature Service, License check Failed
D/ActivityThread(10344): Added TimaKesytore provider
D/PhoneStatusBar( 1285): setTransGradationMode=false, mTransparentMode=false, mSemiTransparentMode=false, mMultiWindowMode=false
D/Activity(10210): #1 setTransGradationModeColor false
D/PhoneStatusBar( 1285): setSemiTransparentMode=false, mTransparentMode=false, mSemiTransparentMode=false, mMultiWindowMode=false
I/UpdateIcingCorporaServi(16929): UpdateCorporaTask done [took 142 ms] updated apps [took 142 ms] 
I/SurfaceFlinger(  332): id=3564 createSurf (1x1),1 flag=4, EatabaseErr
I/SpenGestureManager(  976): setFocusWindow21040
D/KeyguardUpdateMonitor( 1259): sendKeyguardVisibilityChanged(true)
I/KeyguardUpdateMonitor( 1259): visibility is same
D/KeyguardUpdateMonitor( 1259): sendKeyguardVisibilityChanged(true)
I/KeyguardUpdateMonitor( 1259): visibility is same
D/PointerIcon(  976): setMouseIconStyle1 pointerType: 1001iconType:101 flag:0
D/PointerIcon(  976): setMouseCustomIcon IconType is same.101
D/PointerIcon(  976): setHoveringSpenIconStyle1 pointerType: 10001iconType:1 flag:0
D/PointerIcon(  976): setHoveringSpenCustomIcon IconType is same.1
I/Adreno-EGL(10210): <qeglDrvAPI_eglInitialize:410>: EGL 1.4 QUALCOMM build:  ()
I/Adreno-EGL(10210): OpenGL ES Shader Compiler Version: E031.24.02.11
I/Adreno-EGL(10210): Build Date: 09/12/14 Fri
I/Adreno-EGL(10210): Local Branch: LA.3.6.1_20140912_070_patches
I/Adreno-EGL(10210): Remote Branch: 
I/Adreno-EGL(10210): Local Patches: 
I/Adreno-EGL(10210): Reconstruct Branch: 
I/SELinux (10363): Function: selinux_android_load_priority , priority [2] , priority version is VE=SEPF_SM-N910F_4.4.4_A031
E/SELinux (10363): [DEBUG] get_category: variable seinfocat: shared sensitivity: NULL, cateogry: NULL
E/dalvikvm(10363): >>>>> Normal User
E/dalvikvm(10363): >>>>> com.sec.android.widgetapp.SPlannerAppWidget [ userId:0 | appId:10171 ]
E/SELinux (10363): [DEBUG] get_category: variable seinfocat: shared sensitivity: NULL, cateogry: NULL
I/HWUI    (10210): EGLImpl-HWUI Protected EGL context created
I/qdutils (10210): PartialUpdate status: Enabled
I/qdutils (10210): Left Align: 8
I/qdutils (10210): Width Align: 8
I/qdutils (10210): Top Align: 1
I/qdutils (10210): Height Align: 1
I/qdutils (10210): Min ROI Width: 1
I/qdutils (10210): Min ROI Height: 2
I/qdutils (10210): Needs ROI Merge: 1
I/qdutils (10210): Left Split=720
I/qdutils (10210): Right Split=720
D/TimaKeyStoreProvider(10363): in addTimaSignatureService
D/OpenGLRenderer(10210): Enabling debug mode 0
D/KeyguardUpdateMonitor( 1259): sendKeyguardVisibilityChanged(true)
I/KeyguardUpdateMonitor( 1259): visibility is same
D/TimaKeyStoreProvider(10363): Cannot add TimaSignature Service, License check Failed
D/ActivityThread(10363): Added TimaKesytore provider
I/SpenGestureManager(  976): setFocusWindow0
D/PointerIcon(  976): setMouseIconStyle1 pointerType: 1001iconType:101 flag:0
D/PointerIcon(  976): setMouseCustomIcon IconType is same.101
D/PointerIcon(  976): setHoveringSpenIconStyle1 pointerType: 10001iconType:1 flag:0
D/PointerIcon(  976): setHoveringSpenCustomIcon IconType is same.1
I/Keyboard.Facilitator( 2651): onFinishInput()
D/KeyguardUpdateMonitor( 1259): sendKeyguardVisibilityChanged(true)
I/KeyguardUpdateMonitor( 1259): visibility is same
D/KeyguardUpdateMonitor( 1259): sendKeyguardVisibilityChanged(true)
I/KeyguardUpdateMonitor( 1259): visibility is same
D/KeyguardUpdateMonitor( 1259): sendKeyguardVisibilityChanged(true)
I/KeyguardUpdateMonitor( 1259): visibility is same
I/SELinux (10379): Function: selinux_android_load_priority , priority [2] , priority version is VE=SEPF_SM-N910F_4.4.4_A031
E/SELinux (10379): [DEBUG] get_category: variable seinfocat: default sensitivity: NULL, cateogry: NULL
E/dalvikvm(10379): >>>>> Normal User
E/dalvikvm(10379): >>>>> com.plusonelabs.calendar [ userId:0 | appId:10285 ]
E/SELinux (10379): [DEBUG] get_category: variable seinfocat: default sensitivity: NULL, cateogry: NULL
I/SurfaceFlinger(  332): id=3565 createSurf (2560x1440),1 flag=4, QopupWindow
D/KeyguardUpdateMonitor( 1259): sendKeyguardVisibilityChanged(true)
I/KeyguardUpdateMonitor( 1259): visibility is same
D/KeyguardUpdateMonitor( 1259): sendKeyguardVisibilityChanged(true)
I/KeyguardUpdateMonitor( 1259): visibility is same
D/TimaKeyStoreProvider(10379): in addTimaSignatureService
D/TimaKeyStoreProvider(10379): Cannot add TimaSignature Service, License check Failed
D/ActivityThread(10379): Added TimaKesytore provider
D/KeyguardUpdateMonitor( 1259): sendKeyguardVisibilityChanged(true)
I/KeyguardUpdateMonitor( 1259): visibility is same
D/PhoneStatusBar( 1285): Status bar WINDOW_STATE_SHOWING
I/Keyboard.Facilitator( 2651): onFinishInput()
D/KeyguardUpdateMonitor( 1259): sendKeyguardVisibilityChanged(true)
I/KeyguardUpdateMonitor( 1259): visibility is same
D/KeyguardUpdateMonitor( 1259): sendKeyguardVisibilityChanged(true)
I/KeyguardUpdateMonitor( 1259): visibility is same
D/KeyguardUpdateMonitor( 1259): sendKeyguardVisibilityChanged(true)
I/KeyguardUpdateMonitor( 1259): visibility is same
V/RenderScript(10210): Application requested CPU execution
V/RenderScript(10210): 0x7dc27930 Launching thread(s), CPUs 4
D/KeyguardUpdateMonitor( 1259): sendKeyguardVisibilityChanged(true)
I/KeyguardUpdateMonitor( 1259): visibility is same
D/KeyguardUpdateMonitor( 1259): sendKeyguardVisibilityChanged(true)
I/KeyguardUpdateMonitor( 1259): visibility is same
D/dalvikvm(  976): GC_CONCURRENT freed 870K, 42% free 65985K/113696K, paused 5ms+22ms, total 324ms
W/ResourceType(10379): No package identifier when getting value for resource number 0x00000000
D/ViewSystem( 8267): updateTemporaryMetaData() has done.
W/ResourceType(10379): No package identifier when getting value for resource number 0x00000000
D/ViewSystem( 8267): updateRemoteViews(0) has done.
D/ViewSystem( 8267): updateRemoteViews(1) has done.
D/ViewSystem( 8267): updateRemoteViews(2) has done.
D/ViewSystem( 8267): updateRemoteViews(3) has done.
W/ResourceType(10379): No package identifier when getting value for resource number 0x00000000
D/ViewSystem( 8267): updateRemoteViews(4) has done.
D/ViewSystem( 8267): updateRemoteViews(5) has done.
D/ViewSystem( 8267): updateRemoteViews(6) has done.
D/ViewSystem( 8267): updateRemoteViews(7) has done.
D/ViewSystem( 8267): updateRemoteViews(8) has done.
D/dalvikvm(10198): GC_CONCURRENT freed 5259K, 34% free 14253K/21324K, paused 2ms+2ms, total 64ms
D/dalvikvm(10198): WAIT_FOR_CONCURRENT_GC blocked 20ms
D/ViewSystem( 8267): updateRemoteViews(9) has done.
W/ResourceType(10379): No package identifier when getting value for resource number 0x00000000
D/ViewSystem( 8267): updateRemoteViews(10) has done.
D/ViewSystem( 8267): updateRemoteViews(11) has done.
D/ViewSystem( 8267): updateRemoteViews(12) has done.
D/dalvikvm(  976): GC_EXPLICIT freed 91K, 43% free 65916K/113696K, paused 5ms+20ms, total 292ms
D/dalvikvm(22163): GC_CONCURRENT freed 1958K, 53% free 8778K/18412K, paused 2ms+1ms, total 22ms
I/SELinux (10398): Function: selinux_android_load_priority , priority [2] , priority version is VE=SEPF_SM-N910F_4.4.4_A031
E/SELinux (10398): [DEBUG] get_category: variable seinfocat: platform sensitivity: NULL, cateogry: NULL
E/dalvikvm(10398): >>>>> Normal User
E/dalvikvm(10398): >>>>> com.sec.android.widgetapp.activeapplicationwidget [ userId:0 | appId:10075 ]
E/SELinux (10398): [DEBUG] get_category: variable seinfocat: platform sensitivity: NULL, cateogry: NULL
D/TimaKeyStoreProvider(10398): in addTimaSignatureService
D/TimaKeyStoreProvider(10398): Cannot add TimaSignature Service, License check Failed
D/ActivityThread(10398): Added TimaKesytore provider
I/Icing   (17030): Indexing ED19122F89B5B03BF0EB7166DE6ED579DC805F1C from com.google.android.googlequicksearchbox
I/ActiveApps:(10398): onReceive() - com.sec.android.app.controlpanel.service.RUNNING_COUNT
I/ActiveApps:(10398): initView()
I/ActiveApps:(10398): ActiveApps count:3
I/Icing   (17030): Indexing done ED19122F89B5B03BF0EB7166DE6ED579DC805F1C
D/InputReader(  976): Input event: value=1
D/InputReader(  976): Input event: value=1
I/InputReader(  976): Touch event's action is 0x0 (deviceType=0) [pCnt=1, s=0.8271 ] when=241393312532000
I/InputDispatcher(  976): Delivering touch to (1285): action: 0x4, toolType: 1
I/InputDispatcher(  976): Delivering touch to (8034): action: 0x4, toolType: 1
I/InputDispatcher(  976): Delivering touch to (10210): action: 0x0, toolType: 1
D/ViewRootImpl(10210): ViewPostImeInputStage ACTION_DOWN
D/InputReader(  976): Input event: value=0
D/InputReader(  976): Input event: value=0
I/InputReader(  976): Touch event's action is 0x1 (deviceType=0) [pCnt=1, s=] when=241393394183000
I/InputDispatcher(  976): Delivering touch to (10210): action: 0x1, toolType: 1
D/AbsListView(10210): onDetachedFromWindow
I/SurfaceFlinger(  332): id=3565 Removed QopupWindow (11/14)
I/SurfaceFlinger(  332): id=3565 Removed QopupWindow (-2/14)
D/KeyguardUpdateMonitor( 1259): sendKeyguardVisibilityChanged(true)
I/KeyguardUpdateMonitor( 1259): visibility is same
I/SpenGestureManager(  976): setFocusWindow21035
D/PointerIcon(  976): setMouseIconStyle1 pointerType: 1001iconType:101 flag:0
D/PointerIcon(  976): setMouseCustomIcon IconType is same.101
D/PointerIcon(  976): setHoveringSpenIconStyle1 pointerType: 10001iconType:1 flag:0
D/PointerIcon(  976): setHoveringSpenCustomIcon IconType is same.1
I/SpenGestureManager(  976): setFocusWindow21030
D/KeyguardUpdateMonitor( 1259): sendKeyguardVisibilityChanged(true)
I/KeyguardUpdateMonitor( 1259): visibility is same
D/KeyguardUpdateMonitor( 1259): sendKeyguardVisibilityChanged(true)
I/KeyguardUpdateMonitor( 1259): visibility is same
D/PointerIcon(  976): setMouseIconStyle1 pointerType: 1001iconType:101 flag:0
D/PointerIcon(  976): setMouseCustomIcon IconType is same.101
D/PointerIcon(  976): setHoveringSpenIconStyle1 pointerType: 10001iconType:1 flag:0
D/PointerIcon(  976): setHoveringSpenCustomIcon IconType is same.1
D/PhoneStatusBar( 1285): Status bar WINDOW_STATE_HIDING
I/Keyboard.Facilitator( 2651): onFinishInput()
E/ViewRootImpl(10210): sendUserActionEvent() mView == null
V/QuakeGearVR(10147): GLES3JNIActivity::onResume()
D/KeyguardUpdateMonitor( 1259): sendKeyguardVisibilityChanged(true)
I/KeyguardUpdateMonitor( 1259): visibility is same
D/KeyguardUpdateMonitor( 1259): sendKeyguardVisibilityChanged(true)
I/KeyguardUpdateMonitor( 1259): visibility is same
D/Activity(10147): #1 setTransGradationModeColor false
D/Activity(10147): #4 setTransGradationMode to false:
D/PhoneStatusBar( 1285): setSemiTransparentMode=false, mTransparentMode=false, mSemiTransparentMode=false, mMultiWindowMode=false
V/QuakeGearVR(10147):     GLES3JNILib::onResume()
V/QuakeGearVR(10147):         eglGetCurrentSurface( EGL_DRAW ) = 0x7ad4cd60
I/VrApi   (10147): ---------- vrapi_EnterVrMode ----------
D/PhoneStatusBar( 1285): setTransGradationMode=false, mTransparentMode=false, mSemiTransparentMode=false, mMultiWindowMode=false
I/OVR     (10147): DeviceManagerThread::AddSelectFd 61 (Tid=0)
I/OVR     (10147): DeviceManagerThread - running (Tid=0).
I/OVR     (10147): OVR::DeviceManager - initialized.
I/HmdSensors(10147): HmdSensors::StartSensor: wait for sensor.
I/VrApi   (10147): vrapi_EnterVrMode: defaulting to docked due to lack of dock events
I/VrApi   (10147): vrapi_EnterVrMode: defaulting to mounted due to lack of mount events
D/VrApi   (10147): APP = Quake for GearVR
D/VrApi   (10147): APP VERSION = 1.0 versionCode 1 internalVersionName <none>
D/VrApi   (10147): APP VR_TYPE = vr_only
I/JniUtils(10147): ovr_GetCurrentActivityName() = com.drbeef.quakegearvr.GLES3JNIActivity
I/VrApi   (10147): ACTIVITY = com.drbeef.quakegearvr.GLES3JNIActivity
I/VrApi   (10147): BUILD = KTU84P.N910FXXU1ANK5 RELEASE
I/VrApi   (10147): MODEL = SM-N910F
I/VrApi   (10147): OVR_VERSION = 0.6.0.0 May 28 2015 16:32:56
I/VrApi   (10147): ovrModeParms.AllowPowerSave = 1
I/VrApi   (10147): ovrModeParms.ResetWindowFullscreen = 0
I/VrApi   (10147): ovrModeParms.MainThreadTid = 10177
I/VrApi   (10147): ovrModeParms.RenderThreadTid = 0
I/VrApi   (10147): ovrModeParms.CpuLevel = 2
I/VrApi   (10147): ovrModeParms.GpuLevel = 3
I/OVR     (10147): Couldn't open /sdcard/.oculusprefs
I/LocalPreferences(10147): /sdcard/.oculusprefs is length 0
I/LogUtils(10147): SetAllowGpuTimerQueries( 0 )
W/VrApi   (10147): Operating without a sensor.
I/GlUtils (10147): GL_EXTENSIONS:
I/GlUtils (10147): GL_AMD_compressed_ATC_texture
I/GlUtils (10147): GL_AMD_performance_monitor
I/GlUtils (10147): GL_AMD_program_binary_Z400
I/GlUtils (10147): GL_EXT_debug_label
I/GlUtils (10147): GL_EXT_debug_marker
I/GlUtils (10147): GL_EXT_discard_framebuffer
I/GlUtils (10147): GL_EXT_robustness
I/GlUtils (10147): GL_EXT_texture_format_BGRA8888
I/GlUtils (10147): GL_EXT_texture_type_2_10_10_10_REV
I/GlUtils (10147): GL_NV_fence
I/GlUtils (10147): GL_OES_compressed_ETC1_RGB8_texture
I/GlUtils (10147): GL_OES_depth_texture
I/GlUtils (10147): GL_OES_depth24
I/GlUtils (10147): GL_OES_EGL_image
I/GlUtils (10147): GL_OES_EGL_sync
I/GlUtils (10147): GL_OES_EGL_image_external
I/GlUtils (10147): GL_OES_element_index_uint
I/GlUtils (10147): GL_OES_fbo_render_mipmap
I/GlUtils (10147): GL_OES_fragment_precision_high
I/GlUtils (10147): GL_OES_get_program_binary
I/GlUtils (10147): GL_OES_packed_depth_stencil
I/GlUtils (10147): GL_OES_depth_texture_cube_map
I/GlUtils (10147): GL_OES_rgb8_rgba8
I/GlUtils (10147): GL_OES_standard_derivatives
I/GlUtils (10147): GL_OES_texture_3D
I/GlUtils (10147): GL_OES_texture_float
I/GlUtils (10147): GL_OES_texture_half_float
I/GlUtils (10147): GL_OES_texture_half_float_linear
I/GlUtils (10147): GL_OES_texture_npot
I/GlUtils (10147): GL_OES_vertex_half_float
I/GlUtils (10147): GL_OES_vertex_type_10_10_10_2
I/GlUtils (10147): GL_OES_vertex_array_object
I/GlUtils (10147): GL_QCOM_alpha_test
I/GlUtils (10147): GL_QCOM_binning_control
I/GlUtils (10147): GL_QCOM_driver_control
I/GlUtils (10147): GL_QCOM_perfmon_global_mode
I/GlUtils (10147): GL_QCOM_extended_get
I/GlUtils (10147): GL_QCOM_extended_get2
I/GlUtils (10147): GL_QCOM_tiled_rendering
I/GlUtils (10147): GL_QCOM_writeonly_rendering
I/GlUtils (10147): GL_KHR_texture_compression_astc_ldr
I/GlUtils (10147): GL_EXT_sRGB
I/GlUtils (10147): GL_EXT_sRGB_write_control
I/GlUtils (10147): GL_EXT_texture_sRGB_decode
I/GlUtils (10147): GL_EXT_texture_filter_anisotropic
I/GlUtils (10147): GL_EXT_multisampled_render_to_texture
I/GlUtils (10147): GL_EXT_color_buffer_float
I/GlUtils (10147): GL_EXT_color_buffer_half_float
I/GlUtils (10147): GL_EXT_disjoint_timer_query
I/GlUtils (10147): es3 = TRUE
I/GlUtils (10147): Found: GL_EXT_discard_framebuffer
I/GlUtils (10147): Not found: GL_IMG_multisampled_render_to_texture
I/GlUtils (10147): Found: GL_EXT_multisampled_render_to_texture
I/GlUtils (10147): Found: GL_OES_vertex_array_object
I/GlUtils (10147): Found: GL_QCOM_tiled_rendering
I/GlUtils (10147): Found: GL_EXT_disjoint_timer_query
I/GlUtils (10147): Found: GL_EXT_texture_sRGB_decode
I/GlUtils (10147): Found: GL_EXT_texture_filter_anisotropic
I/GlUtils (10147): GL_MAX_TEXTURE_SIZE = 8192
I/GlUtils (10147): GL_MAX_VERTEX_UNIFORM_VECTORS = 256
I/GlUtils (10147): GL_MAX_FRAGMENT_UNIFORM_VECTORS = 224
I/VrApi   (10147): Window Surface Size: [2560x1440]
I/OVR     (10147): Detected HMD/Phone version: HMD_NOTE_4
I/HmdInfo (10147): QueryAndroidInfo (0x74360348,0x1d200412)
I/HmdInfo (10147): SM-N910F 0.128000 x 0.070875
I/VrApi   (10147): hmdInfo.lensSeparation = 0.063000
I/VrApi   (10147): hmdInfo.widthMeters = 0.125000
I/VrApi   (10147): hmdInfo.heightMeters = 0.070700
I/VrApi   (10147): hmdInfo.widthPixels = 2560
I/VrApi   (10147): hmdInfo.heightPixels = 1440
I/VrApi   (10147): hmdInfo.eyeTextureResolution[0] = 1024
I/VrApi   (10147): hmdInfo.eyeTextureResolution[1] = 1024
I/VrApi   (10147): hmdInfo.eyeTextureFov[0] = 90.000000
I/VrApi   (10147): hmdInfo.eyeTextureFov[1] = 90.000000
I/VrApi   (10147): SetVrSystemPerformance( -1, 3 )
D/VrApi   (10147): Available levels: {GPU MIN, GPU MAX, CPU MIN, CPU MAX}
D/VrApi   (10147): -> / 0
D/VrApi   (10147): -> / 3
D/VrApi   (10147): -> / 0
D/VrApi   (10147): -> / 3
I/VrApi   (10147): GPU levels [0, 3]
D/VrApi   (10147): setSystemPerformance cpu: -1 gpu: 3
V/VRSVC   ( 4072): at (VRManagerService.java:533) yTqX() [SIOP : 0]
V/VRSVC   ( 4072): at (VRManagerService.java:534) yTqX() [PLATFORM : apq8084]
V/VRSVC   ( 4072): at (VRManagerService.java:535) yTqX() [HARDWARE : qcom]
E/VRSVC   ( 4072): at (VRManagerService.java:744) QdBd() [Set GPU minLock COMPLETE: com.drbeef.quakegearvr 500000000]
D/KeyguardUpdateMonitor( 1259): sendKeyguardVisibilityChanged(true)
I/KeyguardUpdateMonitor( 1259): visibility is same
V/VRSVC   ( 4072): at (VRManagerService.java:759) QdBd() [Set GPU maxLock COMPLETE: com.drbeef.quakegearvr 500000000]
V/VRSVC   ( 4072): at (VRManagerService.java:654) yTqX() [(-1:3:com.drbeef.quakegearvr) (-1:500000000:883200:240000000) pkg: com.drbeef.quakegearvr]
D/VrApi   (10147): SetVrClocks: {CPU CLOCK, GPU CLOCK, POWERSAVE CPU CLOCK, POWERSAVE GPU CLOCK}
D/VrApi   (10147): -> / -1
D/VrApi   (10147): -> / 500000000
D/VrApi   (10147): -> / 883200
D/VrApi   (10147): -> / 240000000
I/VrApi   (10147): CPU Clock = 0 MHz
I/VrApi   (10147): GPU Clock = 500 MHz
I/TimeWarp(10147): -------------------- TimeWarpLocal() --------------------
I/TimeWarp(10147): AsynchronousTimeWarp = 1
I/TimeWarp(10147): FrontBuffer = 1
I/TimeWarp(10147): SlicePreScheduleSeconds = 0.014
I/TimeWarp(10147): DebugGraphMode = 0
I/TimeWarp(10147): DebugGraphValue = 0
I/TimeWarp(10147): Current EGL_CONTEXT_CLIENT_VERSION:2
I/GlUtils (10147): Found: GL_EXT_sRGB_write_control
I/TimeWarp(10147): Requesting EGL_CONTEXT_PRIORITY_HIGH_IMG
I/TimeWarp(10147): WarpThreadInit()
I/TimeWarp(10147): eglWarpContext: 0x7b2342b0
I/TimeWarp(10147): Context is EGL_CONTEXT_PRIORITY_HIGH_IMG
I/TimeWarp(10147): eglMakeCurrent on 0x7ad4cd60
I/DirectRender(10147): 0x7b25d954 DirectRender::InitForCurrentSurface(true)
I/DirectRender(10147): surface size: 2560 x 1440
I/DirectRender(10147): Found VrSurfaceManager API: 0x1d600472
I/DirectRender(10147): Calling java method
D/libSEC_EGL(10147): EGL : EGL_SEC_frontbuffer_set mode PASSED ... 
I/DirectRender(10147): gvrFrontbufferExtension = TRUE
I/DirectRender(10147): Adreno GPU
I/TimeWarp(10147): Loading distortion file: /storage/emulated/0/Oculus/defaultDistortion.bin
I/TimeWarp(10147): WarpThreadInit() - End
I/TimeWarp(10147): WarpThreadLoop()
I/TimeWarp(10147): ----------------- TimeWarpLocal() End -----------------
D/VrApi   (10147): setSchedFifoStatic tid:10177 pto:1
D/VrApi   (10147): VRManager set thread priority to 1
I/VrApi   (10147): SetSchedFifo( 10177, 1 ) = succeeded
D/VrApi   (10147): setSchedFifoStatic tid:10412 pto:2
D/VrApi   (10147): VRManager set thread priority to 2
I/VrApi   (10147): SetSchedFifo( 10412, 2 ) = succeeded
D/VrApi   (10147): setSchedFifoStatic tid:10413 pto:3
D/VrApi   (10147): VRManager set thread priority to 3
I/VrApi   (10147): SetSchedFifo( 10413, 3 ) = succeeded
D/VrApi   (10147): getSystemBrightness
V/VRSVC   ( 4072): at (VRManagerService.java:972) AmLH() [getSystemOption option=bright result=180]
I/VrApi   (10147): System brightness = 180
D/VrApi   (10147): setSystemBrightness 180
V/VRSVC   ( 4072): at (VRManagerService.java:850) wtkw() [setSystemOption option=bright value=180]
V/VRSVC   ( 4072): at (VRManagerService.java:1054) bHGb() [updateBright value=180]
I/VrApi   (10147): Set brightness to 180
D/VrApi   (10147): getDoNotDisturbMode 
D/VRSVC   ( 4072): at (VRManagerService.java:1196) BRMq() [getNotDisturbMode : 0]
D/VRSVC   ( 4072): at (VRManagerService.java:1196) BRMq() [getNotDisturbMode : 0]
V/VRSVC   ( 4072): at (VRManagerService.java:972) AmLH() [getSystemOption option=do_not_disturb_mode result=0]
I/VrApi   (10147): Set DND mode to false
D/VrApi   (10147): setDoNotDisturbMode false
V/VRSVC   ( 4072): at (VRManagerService.java:850) wtkw() [setSystemOption option=do_not_disturb_mode value=0]
D/VRSVC   ( 4072): at (VRManagerService.java:1188) QdBd() [setDisturbMode : 0]
D/VRSVC   ( 4072): at (VRManagerService.java:1196) BRMq() [getNotDisturbMode : 0]
D/VRSVC   ( 4072): at (VRManagerService.java:1196) BRMq() [getNotDisturbMode : 0]
V/VRSVC   ( 4072): at (VRManagerService.java:972) AmLH() [getSystemOption option=do_not_disturb_mode result=0]
D/VrApi   (10147): result after set = 0
I/VrApi   (10147): System DND mode = false
D/VrApi   (10147): getComfortViewModeEnabled
V/VRSVC   ( 4072): at (VRManagerService.java:972) AmLH() [getSystemOption option=comfortable_view result=0]
I/VrApi   (10147): System comfort mode = false
D/VrApi   (10147): enableComfortableMode false
V/VRSVC   ( 4072): at (VRManagerService.java:850) wtkw() [setSystemOption option=comfortable_view value=0]
W/VRSVC   ( 4072): at (VRManagerService.java:1125) bHGb() [setVRComfortableView ignored.]
I/VrApi   (10147): Set comfort mode to false
V/QuakeGearVR(10147):         vrapi_EnterVrMode()
V/QuakeGearVR(10147):         eglGetCurrentSurface( EGL_DRAW ) = 0x7b73b460
I/JniUtils(10147): ovr_GetCurrentPackageName() = com.drbeef.quakegearvr
I/VrApi   (10147): FPS=0,Pred=0ms,Tears=0,Stale=0,CPU0/GPU=2/3,1958/500MHz,Free=550MB,PLS=0:nrm,Temp=25.5C
I/VrApi   (10147): ReleaseVrSystemPerformance
D/VrApi   (10147): releaseSystemPerformanceStatic
D/KeyguardUpdateMonitor( 1259): sendKeyguardVisibilityChanged(true)
I/KeyguardUpdateMonitor( 1259): visibility is same
V/VRSVC   ( 4072): at (VRManagerService.java:533) yTqX() [SIOP : 0]
V/VRSVC   ( 4072): at (VRManagerService.java:534) yTqX() [PLATFORM : apq8084]
V/VRSVC   ( 4072): at (VRManagerService.java:535) yTqX() [HARDWARE : qcom]
V/VRSVC   ( 4072): at (VRManagerService.java:343) wtkw() [Release GPU minLock COMPLETE: com.drbeef.quakegearvr]
V/VRSVC   ( 4072): at (VRManagerService.java:347) wtkw() [Release GPU maxLock COMPLETE: com.drbeef.quakegearvr]
V/VRSVC   ( 4072): at (VRManagerService.java:372) yTqX() [Release CPU minLock COMPLETE: com.drbeef.quakegearvr]
V/VRSVC   ( 4072): at (VRManagerService.java:376) yTqX() [Release CPU maxLock COMPLETE: com.drbeef.quakegearvr]
V/VRSVC   ( 4072): at (VRManagerService.java:598) yTqX() [SetVrClocks release]
D/VrApi   (10147): Releasing frequency lock
I/VrApi   (10147): SetVrSystemPerformance( 2, 3 )
D/VrApi   (10147): Available levels: {GPU MIN, GPU MAX, CPU MIN, CPU MAX}
D/VrApi   (10147): -> / 0
D/VrApi   (10147): -> / 3
D/VrApi   (10147): -> / 0
D/VrApi   (10147): -> / 3
I/VrApi   (10147): CPU levels [0, 3]
I/VrApi   (10147): GPU levels [0, 3]
D/VrApi   (10147): setSystemPerformance cpu: 2 gpu: 3
V/VRSVC   ( 4072): at (VRManagerService.java:533) yTqX() [SIOP : 0]
V/VRSVC   ( 4072): at (VRManagerService.java:534) yTqX() [PLATFORM : apq8084]
V/VRSVC   ( 4072): at (VRManagerService.java:535) yTqX() [HARDWARE : qcom]
V/VRSVC   ( 4072): at (VRManagerService.java:692) wtkw() [Set CPU minLock COMPLETE: com.drbeef.quakegearvr 1497600]
V/VRSVC   ( 4072): at (VRManagerService.java:707) wtkw() [Set CPU maxLock COMPLETE: com.drbeef.quakegearvr 1497600]
E/VRSVC   ( 4072): at (VRManagerService.java:744) QdBd() [Set GPU minLock COMPLETE: com.drbeef.quakegearvr 500000000]
V/VRSVC   ( 4072): at (VRManagerService.java:759) QdBd() [Set GPU maxLock COMPLETE: com.drbeef.quakegearvr 500000000]
V/VRSVC   ( 4072): at (VRManagerService.java:654) yTqX() [(2:3:com.drbeef.quakegearvr) (1497600:500000000:883200:240000000) pkg: com.drbeef.quakegearvr]
D/VrApi   (10147): SetVrClocks: {CPU CLOCK, GPU CLOCK, POWERSAVE CPU CLOCK, POWERSAVE GPU CLOCK}
D/VrApi   (10147): -> / 1497600
D/VrApi   (10147): -> / 500000000
D/VrApi   (10147): -> / 883200
D/VrApi   (10147): -> / 240000000
I/VrApi   (10147): CPU Clock = 1497 MHz
I/VrApi   (10147): GPU Clock = 500 MHz
I/TimeWarp(10147): Waited 0.060 seconds for first call to warp swap.
I/TimeWarp(10147): Waited 0.000 seconds for first choreographer callback.
I/TimeWarp(10147): Adjusting  1.03 > 0 to 1
I/JniUtils(10147): ovr_GetCurrentPackageName() = com.drbeef.quakegearvr
I/VrApi   (10147): FPS=0,Pred=0ms,Tears=0,Stale=0,CPU0/GPU=2/3,1497/500MHz,Free=550MB,PLS=0:nrm,Temp=25.5C
D/KeyguardUpdateMonitor( 1259): sendKeyguardVisibilityChanged(true)
I/KeyguardUpdateMonitor( 1259): visibility is same
I/SurfaceFlinger(  332): id=3564 Removed EatabaseErr (10/13)
I/SurfaceFlinger(  332): id=3564 Removed EatabaseErr (-2/13)
D/KeyguardUpdateMonitor( 1259): sendKeyguardVisibilityChanged(true)
I/KeyguardUpdateMonitor( 1259): visibility is same
D/KeyguardUpdateMonitor( 1259): sendKeyguardVisibilityChanged(true)
I/KeyguardUpdateMonitor( 1259): visibility is same
D/KeyguardUpdateMonitor( 1259): sendKeyguardVisibilityChanged(true)
I/KeyguardUpdateMonitor( 1259): visibility is same
D/PhoneStatusBar( 1285): Status bar WINDOW_STATE_HIDDEN
D/ConnectivityManager(  976): getActiveNetworkInfo : null
D/ConnectivityManager(  976): getActiveNetworkInfo : null
D/ConnectivityManager(  976): getActiveNetworkInfo : null
D/dalvikvm(  976): GC_CONCURRENT freed 3854K, 43% free 65867K/113696K, paused 9ms+39ms, total 389ms
I/OVR     (10147): DeviceManagerThread - poll(fds,1,999) = 0 (Tid=10412)
I/JniUtils(10147): ovr_GetCurrentPackageName() = com.drbeef.quakegearvr
I/VrApi   (10147): FPS=3,Pred=-80464615ms,Tears=0,Stale=1,CPU0/GPU=2/3,1497/500MHz,Free=549MB,PLS=0:nrm,Temp=25.5C
D/KeyguardUpdateMonitor( 1259): received broadcast android.intent.action.BATTERY_CHANGED
D/KeyguardUpdateMonitor( 1259): handleBatteryUpdate
D/VrApi   (15679): OnReceive BATTERY_ACTION_CHANGED
V/HeadsetService( 3068): HeadsetService - Received Intent.ACTION_BATTERY_CHANGED
D/HeadsetStateMachine( 3068): Disconnected process message: 10
D/VrApi   (10147): OnReceive BATTERY_ACTION_CHANGED
W/ctxmgr  ( 1465): [PowerConnectionState]Got same value as before for power connection (Plug state: 2 BatteryLevel: 1.0)
I/OVR     (10147): DeviceManagerThread - poll(fds,1,1000) = 0 (Tid=10412)
I/JniUtils(10147): ovr_GetCurrentPackageName() = com.drbeef.quakegearvr
I/VrApi   (10147): FPS=60,Pred=33ms,Tears=0,Stale=0,CPU0/GPU=2/3,1497/500MHz,Free=549MB,PLS=0:nrm,Temp=25.5C
I/OVR     (10147): DeviceManagerThread - poll(fds,1,1000) = 0 (Tid=10412)
I/JniUtils(10147): ovr_GetCurrentPackageName() = com.drbeef.quakegearvr
I/VrApi   (10147): FPS=60,Pred=33ms,Tears=0,Stale=0,CPU0/GPU=2/3,1497/500MHz,Free=552MB,PLS=0:nrm,Temp=25.5C
I/ActiveApps:(10398): onReceive() - com.sec.android.app.controlpanel.service.RUNNING_COUNT
I/ActiveApps:(10398): ActiveApps count:2
D/InputReader(  976): Input event: value=1
D/InputReader(  976): !@notifyKey(172), action=0
D/InputManager-JNI(  976): !@interceptKeyBeforeQueueing(172), action=0
D/InputManager-JNI(  976): !@handleInterceptActions(172), action=0, wmActions=1
D/PersonaManagerService(  976): getPhoneCaller as 0 / from 976
I/OVR     (10147): DeviceManagerThread - poll(fds,1,1000) = 0 (Tid=10412)
D/InputReader(  976): Input event: value=0
D/InputReader(  976): !@notifyKey(172), action=1
D/InputManager-JNI(  976): !@interceptKeyBeforeQueueing(172), action=1
D/InputManager-JNI(  976): !@handleInterceptActions(172), action=1, wmActions=1
D/PersonaManagerService(  976): getPhoneCaller as 0 / from 976
D/PersonaManager(  976): in PersonaManager, handleHomeShow()
I/Sally Service( 8034): removeWindow window
D/KeyguardUpdateMonitor( 1259): sendKeyguardVisibilityChanged(true)
I/KeyguardUpdateMonitor( 1259): visibility is same
V/QuakeGearVR(10147): GLES3JNIActivity::onPause()
V/QuakeGearVR(10147):     GLES3JNILib::onPause()
D/KeyguardUpdateMonitor( 1259): sendKeyguardVisibilityChanged(true)
I/KeyguardUpdateMonitor( 1259): visibility is same
D/PointerIcon(  976): setMouseIconStyle1 pointerType: 1001iconType:101 flag:0
D/PointerIcon(  976): setMouseCustomIcon IconType is same.101
D/PointerIcon(  976): setHoveringSpenIconStyle1 pointerType: 10001iconType:1 flag:0
D/PointerIcon(  976): setHoveringSpenCustomIcon IconType is same.1
V/QuakeGearVR(10147):         eglGetCurrentSurface( EGL_DRAW ) = 0x7b73b460
I/VrApi   (10147): ---------- vrapi_LeaveVrMode ----------
D/VrApi   (10147): APP = Quake for GearVR
D/VrApi   (10147): APP VERSION = 1.0 versionCode 1 internalVersionName <none>
I/JniUtils(10147): ovr_GetCurrentActivityName() = com.drbeef.quakegearvr.GLES3JNIActivity
I/VrApi   (10147): ACTIVITY = com.drbeef.quakegearvr.GLES3JNIActivity
I/TimeWarp(10147): ---------------- ~TimeWarpLocal() Start ----------------
I/TimeWarp(10147): pthread_join() called
I/TimeWarp(10147): ShutdownRequest received
I/TimeWarp(10147): WarpThreadShutdown()
I/DirectRender(10147): 0x7b25d954 DirectRender::Shutdown
I/DirectRender(10147): Calling java method
D/libSEC_EGL(10147): EGL : EGL_SEC_frontbuffer_set mode PASSED ... 
I/DirectRender(10147): VrSurfaceManager::Shutdown
I/TimeWarp(10147): WarpThreadShutdown() - End
I/TimeWarp(10147): Exiting WarpThreadLoop()
I/TimeWarp(10147): pthread_join() returned
I/TimeWarp(10147): Destroyed pbuffer.
I/TimeWarp(10147): ---------------- ~TimeWarpLocal() End ----------------
I/DirectRender(10147): VrSurfaceManager::Shutdown
D/VrApi   (10147): setSchedFifoStatic tid:10177 pto:0
D/VrApi   (10147): VRManager set thread priority to 0
I/VrApi   (10147): SetSchedFifo( 10177, 0 ) = succeeded
D/VrApi   (10147): setSchedFifoStatic tid:10412 pto:0
D/VrApi   (10147): VRManager set thread priority to 0
I/VrApi   (10147): SetSchedFifo( 10412, 0 ) = succeeded
I/VrApi   (10147): ReleaseVrSystemPerformance
D/VrApi   (10147): releaseSystemPerformanceStatic
V/VRSVC   ( 4072): at (VRManagerService.java:533) yTqX() [SIOP : 0]
V/VRSVC   ( 4072): at (VRManagerService.java:534) yTqX() [PLATFORM : apq8084]
V/VRSVC   ( 4072): at (VRManagerService.java:535) yTqX() [HARDWARE : qcom]
V/VRSVC   ( 4072): at (VRManagerService.java:343) wtkw() [Release GPU minLock COMPLETE: com.drbeef.quakegearvr]
V/VRSVC   ( 4072): at (VRManagerService.java:347) wtkw() [Release GPU maxLock COMPLETE: com.drbeef.quakegearvr]
V/VRSVC   ( 4072): at (VRManagerService.java:372) yTqX() [Release CPU minLock COMPLETE: com.drbeef.quakegearvr]
V/VRSVC   ( 4072): at (VRManagerService.java:376) yTqX() [Release CPU maxLock COMPLETE: com.drbeef.quakegearvr]
V/VRSVC   ( 4072): at (VRManagerService.java:598) yTqX() [SetVrClocks release]
D/VrApi   (10147): Releasing frequency lock
I/HmdSensors(10147): HmdSensors::StopSensor: stopped sensor.
V/QuakeGearVR(10147):         vrapi_LeaveVrMode()
V/QuakeGearVR(10147):         eglGetCurrentSurface( EGL_DRAW ) = 0x7ad4cd60
I/OVR     (10147): OVR::DeviceManager - shutting down.
I/OVR     (10147): DeviceManagerThread - exiting (Tid=10412).
I/OVR     (10147): DeviceManagerThread::RemoveSelectFd 61 (Tid=10412)
V/WindowOrientationListener(  976): mSContextAutoRotationListener.getProposedRotation, mbResultFaceDectection: false
V/WindowOrientationListener(  976): mSContextAutoRotationListener.getProposedRotation, Rotation: -1
V/WindowOrientationListener(  976): mSContextAutoRotationListener.getProposedRotation, mbResultFaceDectection: false
V/WindowOrientationListener(  976): mSContextAutoRotationListener.getProposedRotation, Rotation: -1
D/InputDispatcher(  976): setInputDispatchMode: enabled=1, frozen=1
I/SurfaceFlinger(  332): id=3566 createSurf (1440x2560),2 flag=404, TcreenshotS
I/SurfaceFlinger(  332): Orientation 1=>0
I/InputReader(  976): Reconfiguring input devices.  changes=0x00000004
I/InputReader(  976): Device reconfigured: id=1, name='sec_e-pen', size 1440x2560, orientation 0, mode 4, display id 0
I/InputReader(  976): Device reconfigured: id=9, name='sec_touchscreen', size 1440x2560, orientation 0, mode 1, display id 0
D/KeyguardUpdateMonitor( 1259): sendKeyguardVisibilityChanged(true)
I/KeyguardUpdateMonitor( 1259): visibility is same
D/Mms/MmsApp( 9319): [start]    onConfigurationChanged(), newConfig = {0 1.0 234mcc15mnc en_GB ldltr sw360dp w360dp h615dp 640dpi nrml long port finger -keyb/v/h -nav/h s.276} consume time = 8976.720673
D/Mms/MmsApp( 9319): [end]    onConfigurationChanged(), newConfig = {0 1.0 234mcc15mnc en_GB ldltr sw360dp w360dp h615dp 640dpi nrml long port finger -keyb/v/h -nav/h s.276} consume time = 0.219167
D/KeyguardUpdateMonitor( 1259): sendKeyguardVisibilityChanged(true)
I/KeyguardUpdateMonitor( 1259): visibility is same
D/PhoneStatusBar( 1285): mSettingsPanelGravity = 55
D/CenterBarWindow( 8034): onConfigurationChanged point = Point(720, 1280)
D/KeyguardUpdateMonitor( 1259): sendKeyguardVisibilityChanged(true)
I/KeyguardUpdateMonitor( 1259): visibility is same
D/KeyguardUpdateMonitor( 1259): sendKeyguardVisibilityChanged(true)
I/KeyguardUpdateMonitor( 1259): visibility is same
D/KeyguardUpdateMonitor( 1259): sendKeyguardVisibilityChanged(true)
I/KeyguardUpdateMonitor( 1259): visibility is same
D/KeyguardUpdateMonitor( 1259): sendKeyguardVisibilityChanged(true)
I/KeyguardUpdateMonitor( 1259): visibility is same
D/KeyguardUpdateMonitor( 1259): sendKeyguardVisibilityChanged(true)
I/KeyguardUpdateMonitor( 1259): visibility is same
V/QuakeGearVR(10147): GLES3JNIActivity::surfaceDestroyed()
V/QuakeGearVR(10147):     GLES3JNILib::onSurfaceDestroyed()
V/QuakeGearVR(10147):         eglMakeCurrent( display, TinySurface, TinySurface, Context )
V/QuakeGearVR(10147):         eglDestroySurface( Display, MainSurface )
E/BufferQueue(  332): [SurfaceView] cancelBuffer: slot 0 is not owned by the client (state=3)
D/accuweather( 3298): [KK AccuPhone]>>> WCS:142 [0:0] action : androidintentactionCONFIGURATION_CHANGED
V/QuakeGearVR(10147):         ANativeWindow_release( NativeWindow )
I/SurfaceFlinger(  332): id=3559 Removed TurfaceView (6/13)
I/SurfaceFlinger(  332): id=3559 Removed TurfaceView (-2/13)
D/KeyguardUpdateMonitor( 1259): sendKeyguardVisibilityChanged(true)
I/KeyguardUpdateMonitor( 1259): visibility is same
D/ContextImpl( 1493): APN is changed by Pid:976
D/ContextImpl( 1493): APN is changed by Uid:1000
V/VRSVC   ( 4072): at (VRManagerService.java:846) yTqX() [setVRPerformanceMode enable=false]
D/KeyguardUpdateMonitor( 1259): sendKeyguardVisibilityChanged(true)
I/KeyguardUpdateMonitor( 1259): visibility is same
I/GEL     ( 8267): handleIntent(Intent { act=android.intent.action.MAIN cat=[android.intent.category.HOME] flg=0x10600000 cmp=com.google.android.googlequicksearchbox/com.google.android.launcher.GEL })
I/SurfaceFlinger(  332): id=3558 Removed HLES3JNIAct (8/12)
D/accuweather( 3298): [KK AccuPhone]>>> WC:30 [0:0] action : actionCONFIGURATION_CHANGED
I/SurfaceFlinger(  332): id=3558 Removed HLES3JNIAct (-2/12)
D/KeyguardUpdateMonitor( 1259): sendKeyguardVisibilityChanged(true)
I/KeyguardUpdateMonitor( 1259): visibility is same
D/accuweather( 3298): [KK AccuPhone]>>> UIMEM:106 [0:0] The widget does not exist in idle!!
D/KeyguardUpdateMonitor( 1259): sendKeyguardVisibilityChanged(true)
I/KeyguardUpdateMonitor( 1259): visibility is same
W/Settings(  976): Setting tether_dun_required has moved from android.provider.Settings.System to android.provider.Settings.Global
E/AudioService(  976): AudioService sendMsg 16
E/AudioService(  976): get MSG_SET_DEVICE_VOLUME get msg : 16
D/Activity( 8267): #1 setTransGradationModeColor false
I/AudioService(  976): getStreamVolume 3 index 10
D/ExtSeekBar(  976): setProgress = 1
D/ExtSeekBar(  976): setProgress = 1, fromUser = false, isEnableChangeColor() = false
